Archive member included because of file (symbol)

../../../nxtOSEK/ecrobot/../ecrobot/libecrobot.a(ecrobot_HiTechnic.o)
                              build/sample.o (ecrobot_get_gyro_sensor)
../../../nxtOSEK/ecrobot/../ecrobot/libecrobot.a(ecrobot_interface.o)
                              build/sample.o (ecrobot_set_light_sensor_active)
../../../nxtOSEK/ecrobot/../ecrobot/libecrobot.a(colorsensor.o)
                              ../../../nxtOSEK/ecrobot/../ecrobot/libecrobot.a(ecrobot_interface.o) (colorsensor_init)
../../../nxtOSEK/ecrobot/../ecrobot/libecrobot.a(osek_hook.o)
                              build/kernel/osctl.o (StartupHook)
../../../nxtOSEK/ecrobot/../ecrobot/libecrobot.a(uart.oram)
                              build/config/at91sam7s-gnu/irq.oram (uart_isr_C_0)
../../../nxtOSEK/ecrobot/../ecrobot/libecrobot.a(systick.oram)
                              build/syslib/at91sam7s-gnu/lego_nxt/hw_sys_timer.oram (systick_low_priority_C)
../../../nxtOSEK/ecrobot/../ecrobot/libecrobot.a(byte_fifo.oram)
                              ../../../nxtOSEK/ecrobot/../ecrobot/libecrobot.a(uart.oram) (byte_fifo_init)
../../../nxtOSEK/ecrobot/../ecrobot/libecrobot.a(aic.oram)
                              ../../../nxtOSEK/ecrobot/../ecrobot/libecrobot.a(uart.oram) (aic_set_vector)
../../../nxtOSEK/ecrobot/../ecrobot/libecrobot.a(udp.oram)
                              build/config/at91sam7s-gnu/irq.oram (udp_isr_C)
../../../nxtOSEK/ecrobot/../ecrobot/libecrobot.a(twi.oram)
                              build/config/at91sam7s-gnu/irq.oram (twi_isr_C)
../../../nxtOSEK/ecrobot/../ecrobot/libecrobot.a(nxt_spi.oram)
                              build/config/at91sam7s-gnu/irq.oram (spi_isr_C)
../../../nxtOSEK/ecrobot/../ecrobot/libecrobot.a(nxt_motors.oram)
                              build/sample.o (nxt_motor_get_count)
../../../nxtOSEK/ecrobot/../ecrobot/libecrobot.a(data_abort.oram)
                              build/ecrobot_init.o (data_abort_C)
../../../nxtOSEK/ecrobot/../ecrobot/libecrobot.a(display.oram)
                              build/ecrobot_base.o (display_update)
../../../nxtOSEK/ecrobot/../ecrobot/libecrobot.a(i2c.oram)
                              build/config/at91sam7s-gnu/irq.oram (i2c_timer_isr_C)
../../../nxtOSEK/ecrobot/../ecrobot/libecrobot.a(sound.oram)
                              ../../../nxtOSEK/ecrobot/../ecrobot/libecrobot.a(ecrobot_interface.o) (sound_freq_vol)
../../../nxtOSEK/ecrobot/../ecrobot/libecrobot.a(bt.oram)
                              build/ecrobot_bluetooth.o (bt_send)
../../../nxtOSEK/ecrobot/../ecrobot/libecrobot.a(nxt_avr.oram)
                              build/ecrobot_base.o (nxt_avr_power_down)
../../../nxtOSEK/ecrobot/../ecrobot/libecrobot.a(sensors.oram)
                              ../../../nxtOSEK/ecrobot/../ecrobot/libecrobot.a(ecrobot_interface.o) (set_digi0)
../../../nxtOSEK/ecrobot/../ecrobot/libecrobot.a(sensors1.oram)
                              ../../../nxtOSEK/ecrobot/../ecrobot/libecrobot.a(colorsensor.o) (sp_read)
../../../nxtOSEK/ecrobot/../ecrobot/libecrobot.a(nxt_lcd.oram)
                              ../../../nxtOSEK/ecrobot/../ecrobot/libecrobot.a(display.oram) (nxt_lcd_force_update)
../../../nxtOSEK/ecrobot/../ecrobot/libecrobot.a(flash_loader.oram)
                              build/ecrobot.o (set_flash_request)
../../../nxtOSEK/ecrobot/../ecrobot/libecrobot.a(interrupts.oram)
                              ../../../nxtOSEK/ecrobot/../ecrobot/libecrobot.a(uart.oram) (interrupts_get_and_disable)
../../../nxtOSEK/ecrobot/../ecrobot/libecrobot.a(nxtosek_splash.obmp)
                              build/ecrobot_base.o (nxtosek_splash_bmp_start)
../../../nxtOSEK/ecrobot/../ecrobot/libecrobot.a(ecrobot_usb.o)
                              ../../../nxtOSEK/ecrobot/../ecrobot/libecrobot.a(flash_loader.oram) (ecrobot_init_usb)
../../../nxtOSEK/ecrobot/../ecrobot/libecrobot.a(flashprog.oram)
                              ../../../nxtOSEK/ecrobot/../ecrobot/libecrobot.a(flash_loader.oram) (flash_write_page)
../../../nxtOSEK/ecrobot/../ecrobot/libnxtway_gs_balancer.a(balancer.o)
                              build/sample.o (balance_control)
/Users/e125754/etrobo/yagarto-4.6.2/bin/../lib/gcc/arm-none-eabi/4.6.2/thumb/libgcc.a(_thumb1_case_uqi.o)
                              ../../../nxtOSEK/ecrobot/../ecrobot/libecrobot.a(uart.oram) (__gnu_thumb1_case_uqi)
/Users/e125754/etrobo/yagarto-4.6.2/bin/../lib/gcc/arm-none-eabi/4.6.2/thumb/libgcc.a(_thumb1_case_uhi.o)
                              ../../../nxtOSEK/ecrobot/../ecrobot/libecrobot.a(i2c.oram) (__gnu_thumb1_case_uhi)
/Users/e125754/etrobo/yagarto-4.6.2/bin/../lib/gcc/arm-none-eabi/4.6.2/thumb/libgcc.a(_udivsi3.o)
                              build/ecrobot_base.o (__aeabi_uidiv)
/Users/e125754/etrobo/yagarto-4.6.2/bin/../lib/gcc/arm-none-eabi/4.6.2/thumb/libgcc.a(_divsi3.o)
                              ../../../nxtOSEK/ecrobot/../ecrobot/libecrobot.a(uart.oram) (__aeabi_idiv)
[...]
Memory Configuration

Name             Origin             Length             Attributes
header_ram       0x001ffff0         0x00000010
vector_ram       0x00200000         0x00000040
ram              0x00200040         0x0000ffc0
*default*        0x00000000         0xffffffff

Linker script and memory map

LOAD build/kernel/alarm.o
LOAD build/kernel/event.o
LOAD build/kernel/interrupt.o
LOAD build/kernel/osctl.o
LOAD build/kernel/resource.o
LOAD build/kernel/task.o
LOAD build/kernel/task_manage.o
LOAD build/config/at91sam7s-gnu/cpu_config.o
LOAD build/config/at91sam7s-gnu/lego_nxt/sys_config.o
LOAD build/./kernel_cfg.o
LOAD build/syscalls.o
LOAD build/ecrobot_bluetooth.o
LOAD build/ecrobot_base.o
LOAD build/ecrobot.o
LOAD build/balancer_param.o
LOAD build/sample.o
LOAD build/syslib/at91sam7s-gnu/lego_nxt/hw_sys_timer.oram
LOAD build/nxtvm/platform/nxt/vectors.o
LOAD build/config/at91sam7s-gnu/debug.o
LOAD build/config/at91sam7s-gnu/lego_nxt/sys_support.o
LOAD build/nxt_binary_header.o
LOAD build/nxt_entry_point.o
LOAD build/ecrobot_init.o
LOAD build/config/at91sam7s-gnu/cpu_support.oram
LOAD build/config/at91sam7s-gnu/irq.oram
LOAD ../../../nxtOSEK/ecrobot/../c++/liblejososek.a
LOAD ../../../nxtOSEK/ecrobot/../ecrobot/libecrobot.a
LOAD ../../../nxtOSEK/ecrobot/../ecrobot/libnxtway_gs_balancer.a
LOAD /Users/e125754/etrobo/yagarto-4.6.2/bin/../lib/gcc/arm-none-eabi/4.6.2/../../../../arm-none-eabi/lib/thumb/libstdc++.a
LOAD /Users/e125754/etrobo/yagarto-4.6.2/bin/../lib/gcc/arm-none-eabi/4.6.2/../../../../arm-none-eabi/lib/thumb/libm.a
START GROUP
LOAD /Users/e125754/etrobo/yagarto-4.6.2/bin/../lib/gcc/arm-none-eabi/4.6.2/thumb/libgcc.a
LOAD /Users/e125754/etrobo/yagarto-4.6.2/bin/../lib/gcc/arm-none-eabi/4.6.2/../../../../arm-none-eabi/lib/thumb/libc.a
END GROUP
                0x00200000                RAM_BASE = 0x200000
                0x00010000                RAM_SIZE = 0x10000

.header         0x001ffff0       0x10
 *nxt_binary_header.o(*.text *.text.*)
 .text          0x001ffff0       0x10 build/nxt_binary_header.o
                0x00200000                . = ALIGN (0x10)

.vectors        0x00200000       0x40
 vectors.o(*.text *.text.*)
 .text          0x00200000       0x38 build/nxtvm/platform/nxt/vectors.o
                0x00200040                . = ALIGN (0x10)
 *fill*         0x00200038        0x8 00
                0x00200000                __vectors_ram_start__ = ADDR (.vectors)
                0x00200040                __vectors_ram_end__ = (ADDR (.vectors) + SIZEOF (.vectors))
                0x00200000                __vectors_load_start__ = LOADADDR (.vectors)
                0x00200040                __vectors_load_end__ = (LOADADDR (.vectors) + SIZEOF (.vectors))

.entry          0x00200040       0x40
 *nxt_entry_point.o(*.text *.text.*)
 .text          0x00200040       0x38 build/nxt_entry_point.o
                0x00200040                NXT_Entry_Point
                0x00200080                . = ALIGN (0x10)
 *fill*         0x00200078        0x8 00

.init           0x00200080      0x280
 *ecrobot_init.o(*.text *.text.*)
 .text          0x00200080      0x280 build/ecrobot_init.o
                0x00200080                start
                0x002001ec                undef_handler
                0x002001f0                swi_handler
                0x002001f4                prefetch_abort_handler
                0x002001f8                data_abort_handler
                0x00200214                reserved_handler
                0x00200300                . = ALIGN (0x10)

.ram_text       0x00200300     0x32b0
                0x00200300                . = ALIGN (0x10)
 *.oram(*.text *.text.* *.glue*)
 .text.systick_isr_C1
                0x00200300       0x28 build/syslib/at91sam7s-gnu/lego_nxt/hw_sys_timer.oram
                0x00200300                systick_isr_C1
 *fill*         0x00200328        0x8 00
 .text          0x00200330      0x230 build/config/at91sam7s-gnu/cpu_support.oram
                0x00200330                dispatch
                0x00200370                activate_r
                0x002003a0                exit_and_dispatch
                0x002003b0                start_dispatch
                0x0020046c                _interrupt
                0x002004dc                int_return
                0x00200508                disable_int
                0x00200510                enable_int
                0x00200518                nop
 .text          0x00200560      0x2c0 build/config/at91sam7s-gnu/irq.oram
                0x00200560                default_isr
                0x00200560                spurious_isr
                0x00200560                default_fiq
                0x00200564                systick_isr_entry
                0x002005ac                systick_low_priority_entry
                0x002005ec                udp_isr_entry
                0x0020062c                spi_isr_entry
                0x0020066c                twi_isr_entry
                0x002006ac                sound_isr_entry
                0x002006ec                uart_isr_entry_0
                0x0020072c                uart_isr_entry_1
                0x0020076c                nxt_motor_isr_entry
                0x002007ac                i2c_timer_isr_entry
 .text.uart_isr_C_0
                0x00200820       0x74 ../../../nxtOSEK/ecrobot/../ecrobot/libecrobot.a(uart.oram)
                0x00200820                uart_isr_C_0
 .text.uart_isr_C_1
                0x00200894        0x2 ../../../nxtOSEK/ecrobot/../ecrobot/libecrobot.a(uart.oram)
                0x00200894                uart_isr_C_1
 *fill*         0x00200896        0x2 00
 .text.systick_low_priority_C
                0x00200898       0x1c ../../../nxtOSEK/ecrobot/../ecrobot/libecrobot.a(systick.oram)
                0x00200898                systick_low_priority_C
 .text.systick_isr_C
                0x002008b4       0x24 ../../../nxtOSEK/ecrobot/../ecrobot/libecrobot.a(systick.oram)
                0x002008b4                systick_isr_C
 .text.systick_get_ms
                0x002008d8        0xc ../../../nxtOSEK/ecrobot/../ecrobot/libecrobot.a(systick.oram)
                0x002008d8                systick_get_ms
 .text.systick_wait_ms
                0x002008e4       0x1c ../../../nxtOSEK/ecrobot/../ecrobot/libecrobot.a(systick.oram)
                0x002008e4                systick_wait_ms
 .text.systick_wait_ns
                0x00200900       0x1c ../../../nxtOSEK/ecrobot/../ecrobot/libecrobot.a(systick.oram)
                0x00200900                systick_wait_ns
 .text.systick_init
                0x0020091c       0x58 ../../../nxtOSEK/ecrobot/../ecrobot/libecrobot.a(systick.oram)
                0x0020091c                systick_init
 .text.systick_suspend
                0x00200974        0xe ../../../nxtOSEK/ecrobot/../ecrobot/libecrobot.a(systick.oram)
                0x00200974                systick_suspend
 .text.systick_resume
                0x00200982        0xe ../../../nxtOSEK/ecrobot/../ecrobot/libecrobot.a(systick.oram)
                0x00200982                systick_resume
 .text.byte_fifo_put
                0x00200990       0x4a ../../../nxtOSEK/ecrobot/../ecrobot/libecrobot.a(byte_fifo.oram)
                0x00200990                byte_fifo_put
 .text.byte_fifo_get
                0x002009da       0x2c ../../../nxtOSEK/ecrobot/../ecrobot/libecrobot.a(byte_fifo.oram)
                0x002009da                byte_fifo_get
 *fill*         0x00200a06        0x2 00
 .text.aic_initialise
                0x00200a08       0x5c ../../../nxtOSEK/ecrobot/../ecrobot/libecrobot.a(aic.oram)
                0x00200a08                aic_initialise
 .text.aic_set_vector
                0x00200a64       0x30 ../../../nxtOSEK/ecrobot/../ecrobot/libecrobot.a(aic.oram)
                0x00200a64                aic_set_vector
 .text.aic_mask_on
                0x00200a94       0x24 ../../../nxtOSEK/ecrobot/../ecrobot/libecrobot.a(aic.oram)
                0x00200a94                aic_mask_on
 .text.aic_mask_off
                0x00200ab8       0x24 ../../../nxtOSEK/ecrobot/../ecrobot/libecrobot.a(aic.oram)
                0x00200ab8                aic_mask_off
 .text.aic_clear
                0x00200adc       0x24 ../../../nxtOSEK/ecrobot/../ecrobot/libecrobot.a(aic.oram)
                0x00200adc                aic_clear
 .text.reset    0x00200b00       0x4c ../../../nxtOSEK/ecrobot/../ecrobot/libecrobot.a(udp.oram)
 .text.udp_send_null
                0x00200b4c       0x2c ../../../nxtOSEK/ecrobot/../ecrobot/libecrobot.a(udp.oram)
 .text.udp_send_stall
                0x00200b78       0x2c ../../../nxtOSEK/ecrobot/../ecrobot/libecrobot.a(udp.oram)
 .text.udp_send_control
                0x00200ba4       0x54 ../../../nxtOSEK/ecrobot/../ecrobot/libecrobot.a(udp.oram)
 .text.udp_isr_C
                0x00200bf8      0x728 ../../../nxtOSEK/ecrobot/../ecrobot/libecrobot.a(udp.oram)
                0x00200bf8                udp_isr_C
 .text.twi_status
                0x00201320       0x1c ../../../nxtOSEK/ecrobot/../ecrobot/libecrobot.a(twi.oram)
                0x00201320                twi_status
 .text.twi_isr_C
                0x0020133c       0xbc ../../../nxtOSEK/ecrobot/../ecrobot/libecrobot.a(twi.oram)
                0x0020133c                twi_isr_C
 .text.twi_reset
                0x002013f8       0xc4 ../../../nxtOSEK/ecrobot/../ecrobot/libecrobot.a(twi.oram)
                0x002013f8                twi_reset
 .text.twi_init
                0x002014bc       0x4c ../../../nxtOSEK/ecrobot/../ecrobot/libecrobot.a(twi.oram)
                0x002014bc                twi_init
 .text.twi_start_read
                0x00201508       0x5c ../../../nxtOSEK/ecrobot/../ecrobot/libecrobot.a(twi.oram)
                0x00201508                twi_start_read
 .text.twi_start_write
                0x00201564       0x5c ../../../nxtOSEK/ecrobot/../ecrobot/libecrobot.a(twi.oram)
                0x00201564                twi_start_write
 .text.spi_set_mode
                0x002015c0       0x40 ../../../nxtOSEK/ecrobot/../ecrobot/libecrobot.a(nxt_spi.oram)
 .text.spi_isr_C
                0x00201600       0x6c ../../../nxtOSEK/ecrobot/../ecrobot/libecrobot.a(nxt_spi.oram)
                0x00201600                spi_isr_C
 .text.nxt_spi_init
                0x0020166c      0x140 ../../../nxtOSEK/ecrobot/../ecrobot/libecrobot.a(nxt_spi.oram)
                0x0020166c                nxt_spi_init
 .text.nxt_spi_write
                0x002017ac       0x44 ../../../nxtOSEK/ecrobot/../ecrobot/libecrobot.a(nxt_spi.oram)
                0x002017ac                nxt_spi_write
 .text.nxt_spi_set_display
                0x002017f0       0x14 ../../../nxtOSEK/ecrobot/../ecrobot/libecrobot.a(nxt_spi.oram)
                0x002017f0                nxt_spi_set_display
 .text.nxt_spi_refresh
                0x00201804       0x28 ../../../nxtOSEK/ecrobot/../ecrobot/libecrobot.a(nxt_spi.oram)
                0x00201804                nxt_spi_refresh
 .text.nxt_motor_get_count
                0x0020182c       0x18 ../../../nxtOSEK/ecrobot/../ecrobot/libecrobot.a(nxt_motors.oram)
                0x0020182c                nxt_motor_get_count
 .text.nxt_motor_set_count
                0x00201844       0x14 ../../../nxtOSEK/ecrobot/../ecrobot/libecrobot.a(nxt_motors.oram)
                0x00201844                nxt_motor_set_count
 .text.nxt_motor_set_speed
                0x00201858       0x30 ../../../nxtOSEK/ecrobot/../ecrobot/libecrobot.a(nxt_motors.oram)
                0x00201858                nxt_motor_set_speed
 .text.nxt_motor_1kHz_process
                0x00201888       0x2c ../../../nxtOSEK/ecrobot/../ecrobot/libecrobot.a(nxt_motors.oram)
                0x00201888                nxt_motor_1kHz_process
 .text.nxt_motor_quad_decode
                0x002018b4       0x48 ../../../nxtOSEK/ecrobot/../ecrobot/libecrobot.a(nxt_motors.oram)
                0x002018b4                nxt_motor_quad_decode
 .text.nxt_motor_isr_C
                0x002018fc       0x84 ../../../nxtOSEK/ecrobot/../ecrobot/libecrobot.a(nxt_motors.oram)
                0x002018fc                nxt_motor_isr_C
 .text.nxt_motor_init
                0x00201980       0x78 ../../../nxtOSEK/ecrobot/../ecrobot/libecrobot.a(nxt_motors.oram)
                0x00201980                nxt_motor_init
 .text.data_abort_C
                0x002019f8       0x7c ../../../nxtOSEK/ecrobot/../ecrobot/libecrobot.a(data_abort.oram)
                0x002019f8                data_abort_C
 .text.display_update
                0x00201a74       0x18 ../../../nxtOSEK/ecrobot/../ecrobot/libecrobot.a(display.oram)
                0x00201a74                display_update
 .text.display_force_update
                0x00201a8c        0xc ../../../nxtOSEK/ecrobot/../ecrobot/libecrobot.a(display.oram)
                0x00201a8c                display_force_update
 .text.display_clear
                0x00201a98       0x24 ../../../nxtOSEK/ecrobot/../ecrobot/libecrobot.a(display.oram)
                0x00201a98                display_clear
 .text.display_goto_xy
                0x00201abc       0x14 ../../../nxtOSEK/ecrobot/../ecrobot/libecrobot.a(display.oram)
                0x00201abc                display_goto_xy
 .text.display_char
                0x00201ad0       0x58 ../../../nxtOSEK/ecrobot/../ecrobot/libecrobot.a(display.oram)
                0x00201ad0                display_char
 .text.display_string
                0x00201b28       0x40 ../../../nxtOSEK/ecrobot/../ecrobot/libecrobot.a(display.oram)
                0x00201b28                display_string
 .text.display_unsigned_worker
                0x00201b68       0x72 ../../../nxtOSEK/ecrobot/../ecrobot/libecrobot.a(display.oram)
 *fill*         0x00201bda        0x2 00
 .text.display_hex
                0x00201bdc       0x48 ../../../nxtOSEK/ecrobot/../ecrobot/libecrobot.a(display.oram)
                0x00201bdc                display_hex
 .text.display_unsigned
                0x00201c24        0xe ../../../nxtOSEK/ecrobot/../ecrobot/libecrobot.a(display.oram)
                0x00201c24                display_unsigned
 .text.display_int
                0x00201c32       0x16 ../../../nxtOSEK/ecrobot/../ecrobot/libecrobot.a(display.oram)
                0x00201c32                display_int
 .text.display_bitmap_copy
                0x00201c48       0x78 ../../../nxtOSEK/ecrobot/../ecrobot/libecrobot.a(display.oram)
                0x00201c48                display_bitmap_copy
 .text.display_init
                0x00201cc0       0x48 ../../../nxtOSEK/ecrobot/../ecrobot/libecrobot.a(display.oram)
                0x00201cc0                display_init
 .text.i2c_timer_isr_C
                0x00201d08      0x2fc ../../../nxtOSEK/ecrobot/../ecrobot/libecrobot.a(i2c.oram)
                0x00201d08                i2c_timer_isr_C
 .text.i2c_disable
                0x00202004       0x24 ../../../nxtOSEK/ecrobot/../ecrobot/libecrobot.a(i2c.oram)
                0x00202004                i2c_disable
 .text.i2c_init
                0x00202028       0xb4 ../../../nxtOSEK/ecrobot/../ecrobot/libecrobot.a(i2c.oram)
                0x00202028                i2c_init
 .text.sound_interrupt_enable
                0x002020dc       0x1c ../../../nxtOSEK/ecrobot/../ecrobot/libecrobot.a(sound.oram)
                0x002020dc                sound_interrupt_enable
 .text.sound_interrupt_disable
                0x002020f8       0x14 ../../../nxtOSEK/ecrobot/../ecrobot/libecrobot.a(sound.oram)
                0x002020f8                sound_interrupt_disable
 .text.sound_init
                0x0020210c       0xb0 ../../../nxtOSEK/ecrobot/../ecrobot/libecrobot.a(sound.oram)
                0x0020210c                sound_init
 .text.sound_fill_sample_buffer
                0x002021bc       0xe4 ../../../nxtOSEK/ecrobot/../ecrobot/libecrobot.a(sound.oram)
                0x002021bc                sound_fill_sample_buffer
 .text.sound_isr_C
                0x002022a0      0x108 ../../../nxtOSEK/ecrobot/../ecrobot/libecrobot.a(sound.oram)
                0x002022a0                sound_isr_C
 .text.bt_init  0x002023a8      0x1d4 ../../../nxtOSEK/ecrobot/../ecrobot/libecrobot.a(bt.oram)
                0x002023a8                bt_init
 .text.bt_send  0x0020257c       0x4c ../../../nxtOSEK/ecrobot/../ecrobot/libecrobot.a(bt.oram)
                0x0020257c                bt_send
 .text.bt_write
                0x002025c8       0x58 ../../../nxtOSEK/ecrobot/../ecrobot/libecrobot.a(bt.oram)
                0x002025c8                bt_write
 .text.bt_pending
                0x00202620       0x54 ../../../nxtOSEK/ecrobot/../ecrobot/libecrobot.a(bt.oram)
                0x00202620                bt_pending
 .text.bt_clear_arm7_cmd
                0x00202674       0x10 ../../../nxtOSEK/ecrobot/../ecrobot/libecrobot.a(bt.oram)
                0x00202674                bt_clear_arm7_cmd
 .text.bt_set_arm7_cmd
                0x00202684       0x10 ../../../nxtOSEK/ecrobot/../ecrobot/libecrobot.a(bt.oram)
                0x00202684                bt_set_arm7_cmd
 .text.bt_receive
                0x00202694      0x120 ../../../nxtOSEK/ecrobot/../ecrobot/libecrobot.a(bt.oram)
                0x00202694                bt_receive
 .text.bt_read  0x002027b4      0x124 ../../../nxtOSEK/ecrobot/../ecrobot/libecrobot.a(bt.oram)
                0x002027b4                bt_read
 .text.bt_reset
                0x002028d8       0x88 ../../../nxtOSEK/ecrobot/../ecrobot/libecrobot.a(bt.oram)
                0x002028d8                bt_reset
 .text.nxt_avr_power_down
                0x00202960       0x10 ../../../nxtOSEK/ecrobot/../ecrobot/libecrobot.a(nxt_avr.oram)
                0x00202960                nxt_avr_power_down
 .text.nxt_avr_link_init
                0x00202970       0x20 ../../../nxtOSEK/ecrobot/../ecrobot/libecrobot.a(nxt_avr.oram)
                0x00202970                nxt_avr_link_init
 .text.nxt_avr_init
                0x00202990       0x68 ../../../nxtOSEK/ecrobot/../ecrobot/libecrobot.a(nxt_avr.oram)
                0x00202990                nxt_avr_init
 .text.nxt_avr_1kHz_update
                0x002029f8      0x1b0 ../../../nxtOSEK/ecrobot/../ecrobot/libecrobot.a(nxt_avr.oram)
                0x002029f8                nxt_avr_1kHz_update
 .text.buttons_get
                0x00202ba8        0xc ../../../nxtOSEK/ecrobot/../ecrobot/libecrobot.a(nxt_avr.oram)
                0x00202ba8                buttons_get
 .text.battery_voltage
                0x00202bb4       0x20 ../../../nxtOSEK/ecrobot/../ecrobot/libecrobot.a(nxt_avr.oram)
                0x00202bb4                battery_voltage
 .text.sensor_adc
                0x00202bd4       0x24 ../../../nxtOSEK/ecrobot/../ecrobot/libecrobot.a(nxt_avr.oram)
                0x00202bd4                sensor_adc
 .text.nxt_avr_set_motor
                0x00202bf8       0x28 ../../../nxtOSEK/ecrobot/../ecrobot/libecrobot.a(nxt_avr.oram)
                0x00202bf8                nxt_avr_set_motor
 .text.nxt_avr_set_input_power
                0x00202c20       0x3c ../../../nxtOSEK/ecrobot/../ecrobot/libecrobot.a(nxt_avr.oram)
                0x00202c20                nxt_avr_set_input_power
 .text.set_digi0
                0x00202c5c       0x48 ../../../nxtOSEK/ecrobot/../ecrobot/libecrobot.a(sensors.oram)
                0x00202c5c                set_digi0
 .text.unset_digi0
                0x00202ca4       0x48 ../../../nxtOSEK/ecrobot/../ecrobot/libecrobot.a(sensors.oram)
                0x00202ca4                unset_digi0
 .text.unset_digi1
                0x00202cec       0x48 ../../../nxtOSEK/ecrobot/../ecrobot/libecrobot.a(sensors.oram)
                0x00202cec                unset_digi1
 .text.init_sensors
                0x00202d34       0x58 ../../../nxtOSEK/ecrobot/../ecrobot/libecrobot.a(sensors.oram)
                0x00202d34                init_sensors
 .text.nxt_lcd_command
                0x00202d8c       0x16 ../../../nxtOSEK/ecrobot/../ecrobot/libecrobot.a(nxt_lcd.oram)
                0x00202d8c                nxt_lcd_command
 .text.nxt_lcd_set_col
                0x00202da2       0x1e ../../../nxtOSEK/ecrobot/../ecrobot/libecrobot.a(nxt_lcd.oram)
                0x00202da2                nxt_lcd_set_col
 .text.nxt_lcd_set_multiplex_rate
                0x00202dc0       0x14 ../../../nxtOSEK/ecrobot/../ecrobot/libecrobot.a(nxt_lcd.oram)
                0x00202dc0                nxt_lcd_set_multiplex_rate
 .text.nxt_lcd_set_page_address
                0x00202dd4       0x14 ../../../nxtOSEK/ecrobot/../ecrobot/libecrobot.a(nxt_lcd.oram)
                0x00202dd4                nxt_lcd_set_page_address
 .text.nxt_lcd_set_pot
                0x00202de8       0x18 ../../../nxtOSEK/ecrobot/../ecrobot/libecrobot.a(nxt_lcd.oram)
                0x00202de8                nxt_lcd_set_pot
 .text.nxt_lcd_set_ram_address_control
                0x00202e00       0x14 ../../../nxtOSEK/ecrobot/../ecrobot/libecrobot.a(nxt_lcd.oram)
                0x00202e00                nxt_lcd_set_ram_address_control
 .text.nxt_lcd_enable
                0x00202e14       0x14 ../../../nxtOSEK/ecrobot/../ecrobot/libecrobot.a(nxt_lcd.oram)
                0x00202e14                nxt_lcd_enable
 .text.nxt_lcd_set_map_control
                0x00202e28       0x16 ../../../nxtOSEK/ecrobot/../ecrobot/libecrobot.a(nxt_lcd.oram)
                0x00202e28                nxt_lcd_set_map_control
 .text.nxt_lcd_reset
                0x00202e3e        0xe ../../../nxtOSEK/ecrobot/../ecrobot/libecrobot.a(nxt_lcd.oram)
                0x00202e3e                nxt_lcd_reset
 .text.nxt_lcd_set_bias_ratio
                0x00202e4c       0x14 ../../../nxtOSEK/ecrobot/../ecrobot/libecrobot.a(nxt_lcd.oram)
                0x00202e4c                nxt_lcd_set_bias_ratio
 .text.nxt_lcd_force_update
                0x00202e60       0x30 ../../../nxtOSEK/ecrobot/../ecrobot/libecrobot.a(nxt_lcd.oram)
                0x00202e60                nxt_lcd_force_update
 .text.nxt_lcd_update
                0x00202e90        0xc ../../../nxtOSEK/ecrobot/../ecrobot/libecrobot.a(nxt_lcd.oram)
                0x00202e90                nxt_lcd_update
 .text.nxt_lcd_power_up
                0x00202e9c       0x48 ../../../nxtOSEK/ecrobot/../ecrobot/libecrobot.a(nxt_lcd.oram)
                0x00202e9c                nxt_lcd_power_up
 .text.nxt_lcd_power_down
                0x00202ee4        0xc ../../../nxtOSEK/ecrobot/../ecrobot/libecrobot.a(nxt_lcd.oram)
                0x00202ee4                nxt_lcd_power_down
 .text.nxt_lcd_init
                0x00202ef0       0x18 ../../../nxtOSEK/ecrobot/../ecrobot/libecrobot.a(nxt_lcd.oram)
                0x00202ef0                nxt_lcd_init
 .text.verify_flash_page
                0x00202f08       0x2e ../../../nxtOSEK/ecrobot/../ecrobot/libecrobot.a(flash_loader.oram)
 *fill*         0x00202f36        0x2 00
 .text.set_flash_request
                0x00202f38       0x38 ../../../nxtOSEK/ecrobot/../ecrobot/libecrobot.a(flash_loader.oram)
                0x00202f38                set_flash_request
 .text.nxt_device_init
                0x00202f70       0x38 ../../../nxtOSEK/ecrobot/../ecrobot/libecrobot.a(flash_loader.oram)
                0x00202f70                nxt_device_init
 .text          0x00202fa8       0x68 ../../../nxtOSEK/ecrobot/../ecrobot/libecrobot.a(interrupts.oram)
                0x00202fa8                interrupts_get_and_disable
                0x00202fcc                interrupts_enable
                0x00202fdc                fiq_get_and_disable
                0x00203000                fiq_enable
 .text.flash_write_page
                0x00203010       0xb8 ../../../nxtOSEK/ecrobot/../ecrobot/libecrobot.a(flashprog.oram)
                0x00203010                flash_write_page
 .text.flash_write_page.stub
                0x002030c8       0x38 linker stubs
                0x00203100                . = ALIGN (0x10)
 *fill*         0x00203108        0x8 00
 *.oram(*.rodata *.rodata.*)
 .rodata.dd     0x00203110       0x12 ../../../nxtOSEK/ecrobot/../ecrobot/libecrobot.a(udp.oram)
 .rodata.ld     0x00203122        0x4 ../../../nxtOSEK/ecrobot/../ecrobot/libecrobot.a(udp.oram)
 .rodata.cfd    0x00203126       0x20 ../../../nxtOSEK/ecrobot/../ecrobot/libecrobot.a(udp.oram)
 .rodata.str1.1
                0x00203146       0x1d ../../../nxtOSEK/ecrobot/../ecrobot/libecrobot.a(data_abort.oram)
 .rodata.str1.1
                0x00203163       0x67 ../../../nxtOSEK/ecrobot/../ecrobot/libecrobot.a(display.oram)
 .rodata.font   0x002031ca      0x280 ../../../nxtOSEK/ecrobot/../ecrobot/libecrobot.a(display.oram)
 *fill*         0x0020344a        0x2 00
 .rodata.i2c_pin
                0x0020344c       0x20 ../../../nxtOSEK/ecrobot/../ecrobot/libecrobot.a(i2c.oram)
 .rodata        0x0020346c        0x9 ../../../nxtOSEK/ecrobot/../ecrobot/libecrobot.a(sound.oram)
 *fill*         0x00203475        0x3 00
 .rodata.sample_pattern
                0x00203478       0x84 ../../../nxtOSEK/ecrobot/../ecrobot/libecrobot.a(sound.oram)
                0x00203478                sample_pattern
 .rodata.silence
                0x002034fc       0x40 ../../../nxtOSEK/ecrobot/../ecrobot/libecrobot.a(sound.oram)
                0x002034fc                silence
 .rodata.avr_brainwash_string
                0x0020353c       0x30 ../../../nxtOSEK/ecrobot/../ecrobot/libecrobot.a(nxt_avr.oram)
                0x0020353c                avr_brainwash_string
 .rodata        0x0020356c       0x20 ../../../nxtOSEK/ecrobot/../ecrobot/libecrobot.a(sensors.oram)
 .rodata.str1.1
                0x0020358c       0x21 ../../../nxtOSEK/ecrobot/../ecrobot/libecrobot.a(flash_loader.oram)
                0x002035b0                . = ALIGN (0x10)
 *fill*         0x002035ad        0x3 00
                0x00200300                __ramtext_ram_start__ = ADDR (.ram_text)
                0x002035b0                __ramtext_ram_end__ = (ADDR (.ram_text) + SIZEOF (.ram_text))
                0x00200300                __ramtext_load_start__ = LOADADDR (.ram_text)
                0x002035b0                __ramtext_load_end__ = (__ramtext_load_start__ + SIZEOF (.ram_text))

.wav_data       0x002035b0        0x0
 *.owav(*.data *.data.*)
                0x002035b0                . = ALIGN (0x10)

.bmp_data       0x002035b0      0x440
 *.obmp(*.data *.data.*)
 .data          0x002035b0      0x43e ../../../nxtOSEK/ecrobot/../ecrobot/libecrobot.a(nxtosek_splash.obmp)
                0x002035b0                nxtosek_splash_bmp_start
                0x002039ee                nxtosek_splash_bmp_end
                0x002039f0                . = ALIGN (0x10)
 *fill*         0x002039ee        0x2 00

.spr_data       0x002039f0        0x0
 *.ospr(*.data *.data.*)
                0x002039f0                . = ALIGN (0x10)

.data           0x002039f0      0x4b0
 *(*.data *.data.*)
 .data.bt_status
                0x002039f0        0x1 build/ecrobot_bluetooth.o
 *fill*         0x002039f1        0x3 00
 .data.A_D      0x002039f4        0x4 build/balancer_param.o
                0x002039f4                A_D
 .data.K_THETADOT
                0x002039f8        0x4 build/balancer_param.o
                0x002039f8                K_THETADOT
 .data.K_F      0x002039fc       0x10 build/balancer_param.o
                0x002039fc                K_F
 .data.K_I      0x00203a0c        0x4 build/balancer_param.o
                0x00203a0c                K_I
 .data.A_R      0x00203a10        0x4 build/balancer_param.o
                0x00203a10                A_R
 .data.K_PHIDOT
                0x00203a14        0x4 build/balancer_param.o
                0x00203a14                K_PHIDOT
 .data.deviceStatus
                0x00203a18        0x1 ../../../nxtOSEK/ecrobot/../ecrobot/libecrobot.a(ecrobot_interface.o)
 .data.named    0x00203a19       0x22 ../../../nxtOSEK/ecrobot/../ecrobot/libecrobot.a(udp.oram)
 .data.snd      0x00203a3b       0x1a ../../../nxtOSEK/ecrobot/../ecrobot/libecrobot.a(udp.oram)
 *fill*         0x00203a55        0x3 00
 .data.configured
                0x00203a58        0x4 ../../../nxtOSEK/ecrobot/../ecrobot/libecrobot.a(udp.oram)
 .bss.data      0x00203a5c        0x4 ../../../nxtOSEK/ecrobot/../ecrobot/libecrobot.a(nxt_spi.oram)
                0x00203a5c                data
 .data.mode     0x00203a60        0x1 ../../../nxtOSEK/ecrobot/../ecrobot/libecrobot.a(nxt_spi.oram)
                0x00203a60                mode
 *fill*         0x00203a61        0x3 00
 .data.display_auto_update
                0x00203a64        0x4 ../../../nxtOSEK/ecrobot/../ecrobot/libecrobot.a(display.oram)
                0x00203a64                display_auto_update
 .data          0x00203a68      0x430 /Users/e125754/etrobo/yagarto-4.6.2/bin/../lib/gcc/arm-none-eabi/4.6.2/../../../../arm-none-eabi/lib/thumb/libc.a(lib_a-impure.o)
                0x00203a68                _impure_ptr
                0x00203ea0                . = ALIGN (0x10)
 *fill*         0x00203e98        0x8 00
                0x002039f0                __data_ram_start__ = ADDR (.data)
                0x00203ea0                __data_ram_end__ = (ADDR (.data) + SIZEOF (.data))
                0x002039f0                __data_load_start__ = LOADADDR (.data)
                0x00203ea0                __data_load_end__ = (__data_load_start__ + SIZEOF (.data))

.text           0x00203ea0     0x1cb0
                0x00203ea0                . = ALIGN (0x10)
 *(.text .text.* *.glue*)
 .glue_7        0x00000000        0x0 linker stubs
 .glue_7t       0x00000000        0x0 linker stubs
 .text.call_posttaskhook
                0x00203ea0       0x24 build/kernel/osctl.o
                0x00203ea0                call_posttaskhook
 .text.call_pretaskhook
                0x00203ec4       0x24 build/kernel/osctl.o
                0x00203ec4                call_pretaskhook
 .text.StartOS  0x00203ee8       0x54 build/kernel/osctl.o
                0x00203ee8                StartOS
 .text.make_runnable
                0x00203f3c       0x98 build/kernel/task.o
                0x00203f3c                make_runnable
 .text.make_active
                0x00203fd4       0x74 build/kernel/task.o
                0x00203fd4                make_active
 .text.task_initialize
                0x00204048       0x80 build/kernel/task.o
                0x00204048                task_initialize
 .text.cpu_initialize
                0x002040c8        0x2 build/config/at91sam7s-gnu/cpu_config.o
                0x002040c8                cpu_initialize
 .text.sys_initialize
                0x002040ca        0x2 build/config/at91sam7s-gnu/lego_nxt/sys_config.o
                0x002040ca                sys_initialize
 .text.object_initialize
                0x002040cc        0xc build/./kernel_cfg.o
                0x002040cc                object_initialize
 .text.send_bt_command
                0x002040d8       0x3c build/ecrobot_bluetooth.o
 .text.close_bt_stream
                0x00204114       0x28 build/ecrobot_bluetooth.o
 .text.open_bt_stream
                0x0020413c       0x44 build/ecrobot_bluetooth.o
 .text.read_bt_command.constprop.2
                0x00204180       0x60 build/ecrobot_bluetooth.o
 .text.ecrobot_get_bt_device_address
                0x002041e0       0x64 build/ecrobot_bluetooth.o
                0x002041e0                ecrobot_get_bt_device_address
 .text.ecrobot_set_bt_device_name
                0x00204244       0x44 build/ecrobot_bluetooth.o
                0x00204244                ecrobot_set_bt_device_name
 .text.ecrobot_init_bt_slave
                0x00204288       0xfc build/ecrobot_bluetooth.o
                0x00204288                ecrobot_init_bt_slave
 .text.ecrobot_term_bt_connection
                0x00204384       0x40 build/ecrobot_bluetooth.o
                0x00204384                ecrobot_term_bt_connection
 .text.ecrobot_send_bt
                0x002043c4       0x3c build/ecrobot_bluetooth.o
                0x002043c4                ecrobot_send_bt
 .text.ecrobot_read_bt
                0x00204400       0x24 build/ecrobot_bluetooth.o
                0x00204400                ecrobot_read_bt
 .text.init_OS_flag
                0x00204424        0xc build/ecrobot_base.o
                0x00204424                init_OS_flag
 .text.set_OS_flag
                0x00204430        0xc build/ecrobot_base.o
                0x00204430                set_OS_flag
 .text.get_OS_flag
                0x0020443c        0xc build/ecrobot_base.o
                0x0020443c                get_OS_flag
 .text.cpp_constructor
                0x00204448       0x28 build/ecrobot_base.o
                0x00204448                cpp_constructor
 .text.cpp_destructor
                0x00204470        0xe build/ecrobot_base.o
                0x00204470                cpp_destructor
 *fill*         0x0020447e        0x2 00
 .text.execution_mode
                0x00204480       0x14 build/ecrobot_base.o
                0x00204480                execution_mode
 .text.show_splash_screen
                0x00204494       0x98 build/ecrobot_base.o
                0x00204494                show_splash_screen
 .text.show_main_screen
                0x0020452c       0x48 build/ecrobot_base.o
                0x0020452c                show_main_screen
 .text.display_status_bar
                0x00204574       0x5c build/ecrobot_base.o
                0x00204574                display_status_bar
 .text.show_bd_addr
                0x002045d0       0x44 build/ecrobot_base.o
                0x002045d0                show_bd_addr
 .text.show_bd_addr_err
                0x00204614       0x3c build/ecrobot_base.o
                0x00204614                show_bd_addr_err
 .text.add_status_info
                0x00204650       0x68 build/ecrobot_base.o
                0x00204650                add_status_info
 .text.restart_NXT
                0x002046b8       0x2e build/ecrobot_base.o
                0x002046b8                restart_NXT
 .text.shutdown_NXT
                0x002046e6       0x2e build/ecrobot_base.o
                0x002046e6                shutdown_NXT
 .text.check_NXT_buttons
                0x00204714       0x3c build/ecrobot_base.o
                0x00204714                check_NXT_buttons
 .text.startup.main
                0x00204750      0x108 build/ecrobot.o
                0x00204750                main
 .text.ecrobot_device_initialize
                0x00204858       0x18 build/sample.o
                0x00204858                ecrobot_device_initialize
 .text.ecrobot_device_terminate
                0x00204870       0x12 build/sample.o
                0x00204870                ecrobot_device_terminate
 .text.user_1ms_isr_type2
                0x00204882        0x2 build/sample.o
                0x00204882                user_1ms_isr_type2
 .text.TaskMainTaskMain
                0x00204884      0x138 build/sample.o
                0x00204884                TaskMainTaskMain
 .text.ecrobot_get_gyro_sensor
                0x002049bc       0x10 ../../../nxtOSEK/ecrobot/../ecrobot/libecrobot.a(ecrobot_HiTechnic.o)
                0x002049bc                ecrobot_get_gyro_sensor
 .text.ecrobot_set_light_sensor_active
                0x002049cc        0xc ../../../nxtOSEK/ecrobot/../ecrobot/libecrobot.a(ecrobot_interface.o)
                0x002049cc                ecrobot_set_light_sensor_active
 .text.ecrobot_set_light_sensor_inactive
                0x002049d8        0xc ../../../nxtOSEK/ecrobot/../ecrobot/libecrobot.a(ecrobot_interface.o)
                0x002049d8                ecrobot_set_light_sensor_inactive
 .text.ecrobot_get_light_sensor
                0x002049e4       0x10 ../../../nxtOSEK/ecrobot/../ecrobot/libecrobot.a(ecrobot_interface.o)
                0x002049e4                ecrobot_get_light_sensor
 .text.ecrobot_get_battery_voltage
                0x002049f4        0xc ../../../nxtOSEK/ecrobot/../ecrobot/libecrobot.a(ecrobot_interface.o)
                0x002049f4                ecrobot_get_battery_voltage
 .text.ecrobot_init_nxtstate
                0x00204a00       0x28 ../../../nxtOSEK/ecrobot/../ecrobot/libecrobot.a(ecrobot_interface.o)
                0x00204a00                ecrobot_init_nxtstate
 .text.ecrobot_get_button_state
                0x00204a28        0xc ../../../nxtOSEK/ecrobot/../ecrobot/libecrobot.a(ecrobot_interface.o)
                0x00204a28                ecrobot_get_button_state
 .text.ecrobot_poll_nxtstate
                0x00204a34       0x60 ../../../nxtOSEK/ecrobot/../ecrobot/libecrobot.a(ecrobot_interface.o)
                0x00204a34                ecrobot_poll_nxtstate
 .text.ecrobot_setDeviceInitialized
                0x00204a94       0x18 ../../../nxtOSEK/ecrobot/../ecrobot/libecrobot.a(ecrobot_interface.o)
                0x00204a94                ecrobot_setDeviceInitialized
 .text.ecrobot_initDeviceStatus
                0x00204aac        0xc ../../../nxtOSEK/ecrobot/../ecrobot/libecrobot.a(ecrobot_interface.o)
                0x00204aac                ecrobot_initDeviceStatus
 .text.ecrobot_bmp2lcd
                0x00204ab8      0x1b0 ../../../nxtOSEK/ecrobot/../ecrobot/libecrobot.a(ecrobot_interface.o)
                0x00204ab8                ecrobot_bmp2lcd
 .text.StartupHook
                0x00204c68        0x2 ../../../nxtOSEK/ecrobot/../ecrobot/libecrobot.a(osek_hook.o)
                0x00204c68                StartupHook
 .text.PreTaskHook
                0x00204c6a        0x2 ../../../nxtOSEK/ecrobot/../ecrobot/libecrobot.a(osek_hook.o)
                0x00204c6a                PreTaskHook
 .text.PostTaskHook
                0x00204c6c        0x2 ../../../nxtOSEK/ecrobot/../ecrobot/libecrobot.a(osek_hook.o)
                0x00204c6c                PostTaskHook
 *fill*         0x00204c6e        0x2 00
 .text.balance_control
                0x00204c70      0x24c ../../../nxtOSEK/ecrobot/../ecrobot/libnxtway_gs_balancer.a(balancer.o)
                0x00204c70                balance_control
 .text.balance_init
                0x00204ebc       0x2c ../../../nxtOSEK/ecrobot/../ecrobot/libnxtway_gs_balancer.a(balancer.o)
                0x00204ebc                balance_init
 .text          0x00204ee8       0x14 /Users/e125754/etrobo/yagarto-4.6.2/bin/../lib/gcc/arm-none-eabi/4.6.2/thumb/libgcc.a(_thumb1_case_uqi.o)
                0x00204ee8                __gnu_thumb1_case_uqi
 .text          0x00204efc       0x14 /Users/e125754/etrobo/yagarto-4.6.2/bin/../lib/gcc/arm-none-eabi/4.6.2/thumb/libgcc.a(_thumb1_case_uhi.o)
                0x00204efc                __gnu_thumb1_case_uhi
 .text          0x00204f10      0x11c /Users/e125754/etrobo/yagarto-4.6.2/bin/../lib/gcc/arm-none-eabi/4.6.2/thumb/libgcc.a(_udivsi3.o)
                0x00204f10                __udivsi3
                0x00204f10                __aeabi_uidiv
                0x0020500c                __aeabi_uidivmod
 .text          0x0020502c        0x4 /Users/e125754/etrobo/yagarto-4.6.2/bin/../lib/gcc/arm-none-eabi/4.6.2/thumb/libgcc.a(_dvmd_tls.o)
                0x0020502c                __aeabi_ldiv0
                0x0020502c                __aeabi_idiv0
 .text          0x00205030      0x2ac /Users/e125754/etrobo/yagarto-4.6.2/bin/../lib/gcc/arm-none-eabi/4.6.2/thumb/libgcc.a(_arm_addsubsf3.o)
                0x00205030                __aeabi_frsub
                0x00205038                __aeabi_fsub
                0x00205038                __subsf3
                0x0020503c                __aeabi_fadd
                0x0020503c                __addsf3
                0x002051f8                __aeabi_ui2f
                0x002051f8                __floatunsisf
                0x00205200                __floatsisf
                0x00205200                __aeabi_i2f
                0x00205220                __aeabi_ul2f
                0x00205220                __floatundisf
                0x00205230                __aeabi_l2f
                0x00205230                __floatdisf
 .text          0x002052dc      0x2f8 /Users/e125754/etrobo/yagarto-4.6.2/bin/../lib/gcc/arm-none-eabi/4.6.2/thumb/libgcc.a(_arm_muldivsf3.o)
                0x002052dc                __mulsf3
                0x002052dc                __aeabi_fmul
                0x00205474                __divsf3
                0x00205474                __aeabi_fdiv
 .text          0x002055d4      0x114 /Users/e125754/etrobo/yagarto-4.6.2/bin/../lib/gcc/arm-none-eabi/4.6.2/thumb/libgcc.a(_arm_cmpsf2.o)
                0x002055d4                __gesf2
                0x002055d4                __gtsf2
                0x002055dc                __ltsf2
                0x002055dc                __lesf2
                0x002055e4                __nesf2
                0x002055e4                __eqsf2
                0x002055e4                __cmpsf2
                0x00205648                __aeabi_cfrcmple
                0x00205658                __aeabi_cfcmpeq
                0x00205658                __aeabi_cfcmple
                0x00205670                __aeabi_fcmpeq
                0x00205688                __aeabi_fcmplt
                0x002056a0                __aeabi_fcmple
                0x002056b8                __aeabi_fcmpge
                0x002056d0                __aeabi_fcmpgt
 .text          0x002056e8       0x5c /Users/e125754/etrobo/yagarto-4.6.2/bin/../lib/gcc/arm-none-eabi/4.6.2/thumb/libgcc.a(_arm_fixsfsi.o)
                0x002056e8                __fixsfsi
                0x002056e8                __aeabi_f2iz
 .text          0x00205744       0x10 /Users/e125754/etrobo/yagarto-4.6.2/bin/../lib/gcc/arm-none-eabi/4.6.2/../../../../arm-none-eabi/lib/thumb/libc.a(lib_a-cxa_finalize.o)
                0x00205744                __cxa_finalize
 .text          0x00205754       0x80 /Users/e125754/etrobo/yagarto-4.6.2/bin/../lib/gcc/arm-none-eabi/4.6.2/../../../../arm-none-eabi/lib/thumb/libc.a(lib_a-memcpy.o)
                0x00205754                memcpy
 .text          0x002057d4       0x98 /Users/e125754/etrobo/yagarto-4.6.2/bin/../lib/gcc/arm-none-eabi/4.6.2/../../../../arm-none-eabi/lib/thumb/libc.a(lib_a-memset.o)
                0x002057d4                memset
 .text          0x0020586c       0x10 /Users/e125754/etrobo/yagarto-4.6.2/bin/../lib/gcc/arm-none-eabi/4.6.2/../../../../arm-none-eabi/lib/thumb/libc.a(lib_a-strcpy.o)
                0x0020586c                strcpy
 .text          0x0020587c       0x10 /Users/e125754/etrobo/yagarto-4.6.2/bin/../lib/gcc/arm-none-eabi/4.6.2/../../../../arm-none-eabi/lib/thumb/libc.a(lib_a-strlen.o)
                0x0020587c                strlen
 .text          0x0020588c       0x78 /Users/e125754/etrobo/yagarto-4.6.2/bin/../lib/gcc/arm-none-eabi/4.6.2/../../../../arm-none-eabi/lib/thumb/libc.a(lib_a-strncpy.o)
                0x0020588c                strncpy
 .text          0x00205904      0x114 /Users/e125754/etrobo/yagarto-4.6.2/bin/../lib/gcc/arm-none-eabi/4.6.2/../../../../arm-none-eabi/lib/thumb/libc.a(lib_a-__call_atexit.o)
                0x00205904                __call_exitprocs
 .text.stub     0x00205a18       0x7c linker stubs
                0x00205aa0                . = ALIGN (0x10)
 *fill*         0x00205a98        0x8 00
 *(*.rodata *.rodata.*)
 .rodata.tnum_task
                0x00205aa0        0x1 build/./kernel_cfg.o
                0x00205aa0                tnum_task
 *fill*         0x00205aa1        0x1 00
 .rodata.tinib_stksz
                0x00205aa2        0x2 build/./kernel_cfg.o
                0x00205aa2                tinib_stksz
 .rodata.tinib_inipri
                0x00205aa4        0x1 build/./kernel_cfg.o
                0x00205aa4                tinib_inipri
 *fill*         0x00205aa5        0x3 00
 .rodata.tinib_stk
                0x00205aa8        0x4 build/./kernel_cfg.o
                0x00205aa8                tinib_stk
 .rodata.tnum_exttask
                0x00205aac        0x1 build/./kernel_cfg.o
                0x00205aac                tnum_exttask
 .rodata.tinib_exepri
                0x00205aad        0x1 build/./kernel_cfg.o
                0x00205aad                tinib_exepri
 .rodata.tinib_autoact
                0x00205aae        0x1 build/./kernel_cfg.o
                0x00205aae                tinib_autoact
 *fill*         0x00205aaf        0x1 00
 .rodata.tinib_task
                0x00205ab0        0x4 build/./kernel_cfg.o
                0x00205ab0                tinib_task
 .rodata.str1.1
                0x00205ab4       0x6c build/ecrobot_base.o
 .rodata.exec_addr
                0x00205b20        0x4 build/ecrobot_base.o
                0x00205b20                exec_addr
 .rodata.BATTERY_OFFSET
                0x00205b24        0x4 build/balancer_param.o
                0x00205b24                BATTERY_OFFSET
 .rodata.BATTERY_GAIN
                0x00205b28        0x4 build/balancer_param.o
                0x00205b28                BATTERY_GAIN
 .rodata.str1.1
                0x00205b2c       0x15 build/sample.o
 *fill*         0x00205b41        0x3 00
 .rodata        0x00205b44        0x4 /Users/e125754/etrobo/yagarto-4.6.2/bin/../lib/gcc/arm-none-eabi/4.6.2/../../../../arm-none-eabi/lib/thumb/libc.a(lib_a-impure.o)
                0x00205b44                _global_impure_ptr
 .rodata.str1.4
                0x00205b48        0x4 /Users/e125754/etrobo/yagarto-4.6.2/bin/../lib/gcc/arm-none-eabi/4.6.2/../../../../arm-none-eabi/lib/thumb/libc.a(lib_a-impure.o)
                0x00205b50                . = ALIGN (0x10)
 *fill*         0x00205b4c        0x4 00
 *(*.gnu.linkonce.* .gcc_except_table)
                0x00205b50                . = ALIGN (0x10)

.vfp11_veneer   0x00205b50        0x0
 .vfp11_veneer  0x00000000        0x0 linker stubs

.v4_bx          0x00205b50        0x0
 .v4_bx         0x00000000        0x0 linker stubs

.ARM.exidx      0x00205b50        0x0
                0x00205b50                __exidx_start = .
 *(.ARM.exidx* .gnu.linkonce.armexidx.*)
 */()
                0x00205b50                __exidx_end = .

.tors           0x00205b50        0x0
                0x00205b50                . = ALIGN (0x10)
                0x00205b50                __ctor_begin = .
 *(*.ctors*)
 *(.init_array)
                0x00205b50                __ctor_end = .
                0x00205b50                . = ALIGN (0x10)
                0x00205b50                __dtor_begin = .
 *(*.dtors*)
 *(.fini_array)
                0x00205b50                __dtor_end = .
                0x00205b50                . = ALIGN (0x10)

.bss            0x00205b50     0x1430
 *(*.bss *.bss.*)
 .bss.ready_queue_first
                0x00205b50       0x10 build/kernel/task.o
 .bss.ready_primap
                0x00205b60        0x2 build/kernel/task.o
 .bss.ready_queue_last
                0x00205b62       0x10 build/kernel/task.o
 *fill*         0x00205b72        0x2 00
 .bss._stack_TaskMain
                0x00205b74      0x200 build/./kernel_cfg.o
 .bss.receiveBuf
                0x00205d74       0x80 build/ecrobot_bluetooth.o
 .bss.sendBuf   0x00205df4      0x100 build/ecrobot_bluetooth.o
 .bss.handle    0x00205ef4        0x1 build/ecrobot_bluetooth.o
 *fill*         0x00205ef5        0x3 00
 .bss.last_act_time.2836
                0x00205ef8        0x4 build/ecrobot_base.o
 .bss.lcd.2794  0x00205efc      0x320 build/ecrobot_base.o
 .bss.status_bar_position
                0x0020621c        0x4 build/ecrobot_base.o
 .bss.status_bar
                0x00206220       0x10 build/ecrobot_base.o
 .bss.OS_flag   0x00206230        0x4 build/ecrobot_base.o
 .bss.ecrobot_inputs
                0x00206234        0x8 ../../../nxtOSEK/ecrobot/../ecrobot/libecrobot.a(ecrobot_interface.o)
 .bss.buttons_states
                0x0020623c       0x14 ../../../nxtOSEK/ecrobot/../ecrobot/libecrobot.a(ecrobot_interface.o)
 .bss.buttons_i
                0x00206250        0x4 ../../../nxtOSEK/ecrobot/../ecrobot/libecrobot.a(ecrobot_interface.o)
 .bss.systick_ms
                0x00206254        0x4 ../../../nxtOSEK/ecrobot/../ecrobot/libecrobot.a(systick.oram)
 .bss.newAddress
                0x00206258        0x4 ../../../nxtOSEK/ecrobot/../ecrobot/libecrobot.a(udp.oram)
 .bss.outCnt    0x0020625c        0x4 ../../../nxtOSEK/ecrobot/../ecrobot/libecrobot.a(udp.oram)
 .bss.currentConfig
                0x00206260        0x1 ../../../nxtOSEK/ecrobot/../ecrobot/libecrobot.a(udp.oram)
 *fill*         0x00206261        0x3 00
 .bss.outPtr    0x00206264        0x4 ../../../nxtOSEK/ecrobot/../ecrobot/libecrobot.a(udp.oram)
 .bss.currentFeatures
                0x00206268        0x4 ../../../nxtOSEK/ecrobot/../ecrobot/libecrobot.a(udp.oram)
 .bss.delayedEnable
                0x0020626c        0x1 ../../../nxtOSEK/ecrobot/../ecrobot/libecrobot.a(udp.oram)
 *fill*         0x0020626d        0x3 00
 .bss.currentRxBank
                0x00206270        0x4 ../../../nxtOSEK/ecrobot/../ecrobot/libecrobot.a(udp.oram)
 .bss.twi_state
                0x00206274        0x1 ../../../nxtOSEK/ecrobot/../ecrobot/libecrobot.a(twi.oram)
 *fill*         0x00206275        0x3 00
 .bss.twi_ptr   0x00206278        0x4 ../../../nxtOSEK/ecrobot/../ecrobot/libecrobot.a(twi.oram)
 .bss.twi_pending
                0x0020627c        0x4 ../../../nxtOSEK/ecrobot/../ecrobot/libecrobot.a(twi.oram)
 .bss.twi_mask  0x00206280        0x4 ../../../nxtOSEK/ecrobot/../ecrobot/libecrobot.a(twi.oram)
 .bss.dirty     0x00206284        0x1 ../../../nxtOSEK/ecrobot/../ecrobot/libecrobot.a(nxt_spi.oram)
                0x00206284                dirty
 .bss.page      0x00206285        0x1 ../../../nxtOSEK/ecrobot/../ecrobot/libecrobot.a(nxt_spi.oram)
                0x00206285                page
 *fill*         0x00206286        0x2 00
 .bss.display   0x00206288        0x4 ../../../nxtOSEK/ecrobot/../ecrobot/libecrobot.a(nxt_spi.oram)
                0x00206288                display
 .bss.motor     0x0020628c       0x30 ../../../nxtOSEK/ecrobot/../ecrobot/libecrobot.a(nxt_motors.oram)
 .bss.nxt_motor_initialised
                0x002062bc        0x4 ../../../nxtOSEK/ecrobot/../ecrobot/libecrobot.a(nxt_motors.oram)
 .bss.interrupts_this_period
                0x002062c0        0x4 ../../../nxtOSEK/ecrobot/../ecrobot/libecrobot.a(nxt_motors.oram)
 .bss.display_array
                0x002062c4      0x388 ../../../nxtOSEK/ecrobot/../ecrobot/libecrobot.a(display.oram)
 .bss.display_tick
                0x0020664c        0x4 ../../../nxtOSEK/ecrobot/../ecrobot/libecrobot.a(display.oram)
                0x0020664c                display_tick
 .bss.i2c_port  0x00206650      0x170 ../../../nxtOSEK/ecrobot/../ecrobot/libecrobot.a(i2c.oram)
 .bss.i2c_int_count
                0x002067c0        0x4 ../../../nxtOSEK/ecrobot/../ecrobot/libecrobot.a(i2c.oram)
 .bss.sound_mode
                0x002067c4        0x1 ../../../nxtOSEK/ecrobot/../ecrobot/libecrobot.a(sound.oram)
                0x002067c4                sound_mode
 .bss.in_buf    0x002067c5      0x100 ../../../nxtOSEK/ecrobot/../ecrobot/libecrobot.a(bt.oram)
 .bss.out_buf_ptr
                0x002068c5        0x1 ../../../nxtOSEK/ecrobot/../ecrobot/libecrobot.a(bt.oram)
 .bss.out_buf   0x002068c6      0x200 ../../../nxtOSEK/ecrobot/../ecrobot/libecrobot.a(bt.oram)
 *fill*         0x00206ac6        0x2 00
 .bss.buf_ptr   0x00206ac8        0x4 ../../../nxtOSEK/ecrobot/../ecrobot/libecrobot.a(bt.oram)
 .bss.in_buf_in_ptr
                0x00206acc        0x1 ../../../nxtOSEK/ecrobot/../ecrobot/libecrobot.a(bt.oram)
 *fill*         0x00206acd        0x3 00
 .bss.in_buf_idx
                0x00206ad0        0x4 ../../../nxtOSEK/ecrobot/../ecrobot/libecrobot.a(bt.oram)
 .bss.update_count
                0x00206ad4        0x4 ../../../nxtOSEK/ecrobot/../ecrobot/libecrobot.a(nxt_avr.oram)
 .bss.debounce_state
                0x00206ad8        0x2 ../../../nxtOSEK/ecrobot/../ecrobot/libecrobot.a(nxt_avr.oram)
 .bss.button_state
                0x00206ada        0x2 ../../../nxtOSEK/ecrobot/../ecrobot/libecrobot.a(nxt_avr.oram)
 .bss.from_buf  0x00206adc        0x4 ../../../nxtOSEK/ecrobot/../ecrobot/libecrobot.a(nxt_avr.oram)
 .bss.io_from_avr
                0x00206ae0        0x4 ../../../nxtOSEK/ecrobot/../ecrobot/libecrobot.a(nxt_avr.oram)
 .bss.data_from_avr
                0x00206ae4       0x1a ../../../nxtOSEK/ecrobot/../ecrobot/libecrobot.a(nxt_avr.oram)
 .bss.debounce_cnt
                0x00206afe        0x2 ../../../nxtOSEK/ecrobot/../ecrobot/libecrobot.a(nxt_avr.oram)
 .bss.nxt_avr_stats
                0x00206b00       0x14 ../../../nxtOSEK/ecrobot/../ecrobot/libecrobot.a(nxt_avr.oram)
 .bss.link_state
                0x00206b14        0x4 ../../../nxtOSEK/ecrobot/../ecrobot/libecrobot.a(nxt_avr.oram)
 .bss.io_to_avr
                0x00206b18        0x8 ../../../nxtOSEK/ecrobot/../ecrobot/libecrobot.a(nxt_avr.oram)
 .bss.prev_buttons
                0x00206b20        0x2 ../../../nxtOSEK/ecrobot/../ecrobot/libecrobot.a(nxt_avr.oram)
 .bss.data_to_avr
                0x00206b22        0x9 ../../../nxtOSEK/ecrobot/../ecrobot/libecrobot.a(nxt_avr.oram)
 *fill*         0x00206b2b        0x1 00
 .bss.display   0x00206b2c        0x4 ../../../nxtOSEK/ecrobot/../ecrobot/libecrobot.a(nxt_lcd.oram)
 .bss.ud_theta_ref
                0x00206b30        0x4 ../../../nxtOSEK/ecrobot/../ecrobot/libnxtway_gs_balancer.a(balancer.o)
 .bss.ud_psi    0x00206b34        0x4 ../../../nxtOSEK/ecrobot/../ecrobot/libnxtway_gs_balancer.a(balancer.o)
 .bss.ud_err_theta
                0x00206b38        0x4 ../../../nxtOSEK/ecrobot/../ecrobot/libnxtway_gs_balancer.a(balancer.o)
 .bss.ud_thetadot_cmd_lpf
                0x00206b3c        0x4 ../../../nxtOSEK/ecrobot/../ecrobot/libnxtway_gs_balancer.a(balancer.o)
 .bss.ud_theta_lpf
                0x00206b40        0x4 ../../../nxtOSEK/ecrobot/../ecrobot/libnxtway_gs_balancer.a(balancer.o)
                0x00000000                PROVIDE (__dso_handle, 0x0)
                0x00206b50                . = ALIGN (0x10)
 *fill*         0x00206b44        0xc 00
                0x00206b50                __bss_end__ = .
 COMMON         0x00206b50        0x2 build/kernel/interrupt.o
                0x00206b50                runisr
                0x00206b51                sus_all_cnt
 *fill*         0x00206b52        0x2 00
 COMMON         0x00206b54       0x10 build/kernel/osctl.o
                0x00206b54                callevel
                0x00206b55                _errorhook_svcid
                0x00206b56                appmode
                0x00206b58                _errorhook_par1
                0x00206b5c                _errorhook_par3
                0x00206b60                _errorhook_par2
 COMMON         0x00206b64        0x3 build/kernel/task.o
                0x00206b64                runtsk
                0x00206b65                schedtsk
                0x00206b66                nextpri
 *fill*         0x00206b67        0x1 00
 COMMON         0x00206b68       0x2c build/./kernel_cfg.o
                0x00206b68                tcb_waievt
                0x00206b6c                rescb_prevpri
                0x00206b6d                almcb_prev
                0x00206b6e                tcb_lastres
                0x00206b70                almcb_almval
                0x00206b74                tcxb_pc
                0x00206b78                tcb_next
                0x00206b79                tcb_curpri
                0x00206b7a                tcb_tstat
                0x00206b7b                isrcb_lastres
                0x00206b7c                cntcb_almque
                0x00206b7d                rescb_prevres
                0x00206b7e                tcb_actcnt
                0x00206b80                tcb_curevt
                0x00206b84                almcb_cycle
                0x00206b88                tcxb_sp
                0x00206b8c                almcb_next
                0x00206b90                cntcb_curval
 COMMON         0x00206b94       0x80 build/sample.o
                0x00206b94                rx_buf
 COMMON         0x00206c14       0x44 ../../../nxtOSEK/ecrobot/../ecrobot/libecrobot.a(uart.oram)
                0x00206c14                uart
 COMMON         0x00206c58        0x4 ../../../nxtOSEK/ecrobot/../ecrobot/libecrobot.a(data_abort.oram)
                0x00206c58                data_abort_pc
 COMMON         0x00206c5c        0x8 ../../../nxtOSEK/ecrobot/../ecrobot/libecrobot.a(display.oram)
                0x00206c5c                display_x
                0x00206c60                display_y
 COMMON         0x00206c64      0x31c ../../../nxtOSEK/ecrobot/../ecrobot/libecrobot.a(sound.oram)
                0x00206c64                sample
                0x00205b50                __bss_start__ = ADDR (.bss)
                0x00206f80                __bss_end__ = (ADDR (.bss) + SIZEOF (.bss))
                0x00206f80                PROVIDE (end, .)

.heap_area      0x00206f80     0x8bf8
                0x0020fb78                . = (. + (0x20fb78 - end))
 *fill*         0x00206f80     0x8bf8 00

.stack          0x0020fb78      0x488
                0x0020fbf8                . = (. + 0x80)
 *fill*         0x0020fb78       0x80 00
                0x0020fc00                . = ALIGN (0x10)
 *fill*         0x0020fbf8        0x8 00
                0x0020fc00                __irq_stack__ = .
                0x0020fc00                __system_stack_bottom__ = .
                0x00210000                . = (. + 0x400)
 *fill*         0x0020fc00      0x400 00
                0x00210000                . = ALIGN (0x10)
                0x00210000                __system_stack__ = .
                0x00210000                __system_stack_top__ = .
                0x0020fb78                __stack_start__ = ADDR (.stack)
                0x00210000                __stack_end__ = (ADDR (.stack) + SIZEOF (.stack))

/DISCARD/
 *(.debug*)
OUTPUT(sample_c4_rxe.elf elf32-littlearm)

.comment        0x00000000       0x11
 .comment       0x00000000       0x11 build/kernel/alarm.o
                                 0x12 (size before relaxing)
 .comment       0x00000000       0x12 build/kernel/event.o
 .comment       0x00000000       0x12 build/kernel/interrupt.o
 .comment       0x00000000       0x12 build/kernel/osctl.o
 .comment       0x00000000       0x12 build/kernel/resource.o
 .comment       0x00000000       0x12 build/kernel/task.o
 .comment       0x00000000       0x12 build/kernel/task_manage.o
 .comment       0x00000000       0x12 build/config/at91sam7s-gnu/cpu_config.o
 .comment       0x00000000       0x12 build/config/at91sam7s-gnu/lego_nxt/sys_config.o
 .comment       0x00000000       0x12 build/./kernel_cfg.o
 .comment       0x00000000       0x12 build/syscalls.o
 .comment       0x00000000       0x12 build/ecrobot_bluetooth.o
 .comment       0x00000000       0x12 build/ecrobot_base.o
 .comment       0x00000000       0x12 build/ecrobot.o
 .comment       0x00000000       0x12 build/balancer_param.o
 .comment       0x00000000       0x12 build/sample.o
 .comment       0x00000000       0x12 build/syslib/at91sam7s-gnu/lego_nxt/hw_sys_timer.oram
 .comment       0x00000000       0x12 ../../../nxtOSEK/ecrobot/../ecrobot/libecrobot.a(ecrobot_HiTechnic.o)
 .comment       0x00000000       0x12 ../../../nxtOSEK/ecrobot/../ecrobot/libecrobot.a(ecrobot_interface.o)
 .comment       0x00000000       0x12 ../../../nxtOSEK/ecrobot/../ecrobot/libecrobot.a(colorsensor.o)
 .comment       0x00000000       0x12 ../../../nxtOSEK/ecrobot/../ecrobot/libecrobot.a(osek_hook.o)
 .comment       0x00000000       0x12 ../../../nxtOSEK/ecrobot/../ecrobot/libecrobot.a(uart.oram)
 .comment       0x00000000       0x12 ../../../nxtOSEK/ecrobot/../ecrobot/libecrobot.a(systick.oram)
 .comment       0x00000000       0x12 ../../../nxtOSEK/ecrobot/../ecrobot/libecrobot.a(byte_fifo.oram)
 .comment       0x00000000       0x12 ../../../nxtOSEK/ecrobot/../ecrobot/libecrobot.a(aic.oram)
 .comment       0x00000000       0x12 ../../../nxtOSEK/ecrobot/../ecrobot/libecrobot.a(udp.oram)
 .comment       0x00000000       0x12 ../../../nxtOSEK/ecrobot/../ecrobot/libecrobot.a(twi.oram)
 .comment       0x00000000       0x12 ../../../nxtOSEK/ecrobot/../ecrobot/libecrobot.a(nxt_spi.oram)
 .comment       0x00000000       0x12 ../../../nxtOSEK/ecrobot/../ecrobot/libecrobot.a(nxt_motors.oram)
 .comment       0x00000000       0x12 ../../../nxtOSEK/ecrobot/../ecrobot/libecrobot.a(data_abort.oram)
 .comment       0x00000000       0x12 ../../../nxtOSEK/ecrobot/../ecrobot/libecrobot.a(display.oram)
 .comment       0x00000000       0x12 ../../../nxtOSEK/ecrobot/../ecrobot/libecrobot.a(i2c.oram)
 .comment       0x00000000       0x12 ../../../nxtOSEK/ecrobot/../ecrobot/libecrobot.a(sound.oram)
 .comment       0x00000000       0x12 ../../../nxtOSEK/ecrobot/../ecrobot/libecrobot.a(bt.oram)
 .comment       0x00000000       0x12 ../../../nxtOSEK/ecrobot/../ecrobot/libecrobot.a(nxt_avr.oram)
 .comment       0x00000000       0x12 ../../../nxtOSEK/ecrobot/../ecrobot/libecrobot.a(sensors.oram)
 .comment       0x00000000       0x12 ../../../nxtOSEK/ecrobot/../ecrobot/libecrobot.a(sensors1.oram)
 .comment       0x00000000       0x12 ../../../nxtOSEK/ecrobot/../ecrobot/libecrobot.a(nxt_lcd.oram)
 .comment       0x00000000       0x12 ../../../nxtOSEK/ecrobot/../ecrobot/libecrobot.a(flash_loader.oram)
 .comment       0x00000000       0x12 ../../../nxtOSEK/ecrobot/../ecrobot/libecrobot.a(ecrobot_usb.o)
 .comment       0x00000000       0x12 ../../../nxtOSEK/ecrobot/../ecrobot/libecrobot.a(flashprog.oram)
 .comment       0x00000000       0x12 ../../../nxtOSEK/ecrobot/../ecrobot/libnxtway_gs_balancer.a(balancer.o)
 .comment       0x00000000       0x12 /Users/e125754/etrobo/yagarto-4.6.2/bin/../lib/gcc/arm-none-eabi/4.6.2/thumb/libgcc.a(_muldi3.o)
 .comment       0x00000000       0x12 /Users/e125754/etrobo/yagarto-4.6.2/bin/../lib/gcc/arm-none-eabi/4.6.2/thumb/libgcc.a(bpabi.o)
 .comment       0x00000000       0x12 /Users/e125754/etrobo/yagarto-4.6.2/bin/../lib/gcc/arm-none-eabi/4.6.2/thumb/libgcc.a(unwind-arm.o)
 .comment       0x00000000       0x12 /Users/e125754/etrobo/yagarto-4.6.2/bin/../lib/gcc/arm-none-eabi/4.6.2/thumb/libgcc.a(pr-support.o)
 .comment       0x00000000       0x12 /Users/e125754/etrobo/yagarto-4.6.2/bin/../lib/gcc/arm-none-eabi/4.6.2/thumb/libgcc.a(_divdi3.o)
 .comment       0x00000000       0x12 /Users/e125754/etrobo/yagarto-4.6.2/bin/../lib/gcc/arm-none-eabi/4.6.2/thumb/libgcc.a(_udivdi3.o)
 .comment       0x00000000       0x12 /Users/e125754/etrobo/yagarto-4.6.2/bin/../lib/gcc/arm-none-eabi/4.6.2/../../../../arm-none-eabi/lib/thumb/libc.a(lib_a-abort.o)
 .comment       0x00000000       0x12 /Users/e125754/etrobo/yagarto-4.6.2/bin/../lib/gcc/arm-none-eabi/4.6.2/../../../../arm-none-eabi/lib/thumb/libc.a(lib_a-cxa_finalize.o)
 .comment       0x00000000       0x12 /Users/e125754/etrobo/yagarto-4.6.2/bin/../lib/gcc/arm-none-eabi/4.6.2/../../../../arm-none-eabi/lib/thumb/libc.a(lib_a-memcpy.o)
 .comment       0x00000000       0x12 /Users/e125754/etrobo/yagarto-4.6.2/bin/../lib/gcc/arm-none-eabi/4.6.2/../../../../arm-none-eabi/lib/thumb/libc.a(lib_a-memset.o)
 .comment       0x00000000       0x12 /Users/e125754/etrobo/yagarto-4.6.2/bin/../lib/gcc/arm-none-eabi/4.6.2/../../../../arm-none-eabi/lib/thumb/libc.a(lib_a-signal.o)
 .comment       0x00000000       0x12 /Users/e125754/etrobo/yagarto-4.6.2/bin/../lib/gcc/arm-none-eabi/4.6.2/../../../../arm-none-eabi/lib/thumb/libc.a(lib_a-signalr.o)
 .comment       0x00000000       0x12 /Users/e125754/etrobo/yagarto-4.6.2/bin/../lib/gcc/arm-none-eabi/4.6.2/../../../../arm-none-eabi/lib/thumb/libc.a(lib_a-strcmp.o)
 .comment       0x00000000       0x12 /Users/e125754/etrobo/yagarto-4.6.2/bin/../lib/gcc/arm-none-eabi/4.6.2/../../../../arm-none-eabi/lib/thumb/libc.a(lib_a-strcpy.o)
 .comment       0x00000000       0x12 /Users/e125754/etrobo/yagarto-4.6.2/bin/../lib/gcc/arm-none-eabi/4.6.2/../../../../arm-none-eabi/lib/thumb/libc.a(lib_a-strlen.o)
 .comment       0x00000000       0x12 /Users/e125754/etrobo/yagarto-4.6.2/bin/../lib/gcc/arm-none-eabi/4.6.2/../../../../arm-none-eabi/lib/thumb/libc.a(lib_a-strncpy.o)
 .comment       0x00000000       0x12 /Users/e125754/etrobo/yagarto-4.6.2/bin/../lib/gcc/arm-none-eabi/4.6.2/../../../../arm-none-eabi/lib/thumb/libc.a(lib_a-__call_atexit.o)
 .comment       0x00000000       0x12 /Users/e125754/etrobo/yagarto-4.6.2/bin/../lib/gcc/arm-none-eabi/4.6.2/../../../../arm-none-eabi/lib/thumb/libc.a(lib_a-impure.o)
 .comment       0x00000000       0x12 /Users/e125754/etrobo/yagarto-4.6.2/bin/../lib/gcc/arm-none-eabi/4.6.2/../../../../arm-none-eabi/lib/thumb/libc.a(lib_a-mallocr.o)
 .comment       0x00000000       0x12 /Users/e125754/etrobo/yagarto-4.6.2/bin/../lib/gcc/arm-none-eabi/4.6.2/../../../../arm-none-eabi/lib/thumb/libc.a(lib_a-mlock.o)
 .comment       0x00000000       0x12 /Users/e125754/etrobo/yagarto-4.6.2/bin/../lib/gcc/arm-none-eabi/4.6.2/../../../../arm-none-eabi/lib/thumb/libc.a(lib_a-reent.o)
 .comment       0x00000000       0x12 /Users/e125754/etrobo/yagarto-4.6.2/bin/../lib/gcc/arm-none-eabi/4.6.2/../../../../arm-none-eabi/lib/thumb/libc.a(lib_a-freer.o)

.ARM.attributes
                0x00000000       0x2e
 .ARM.attributes
                0x00000000       0x32 build/kernel/alarm.o
 .ARM.attributes
                0x00000032       0x32 build/kernel/event.o
 .ARM.attributes
                0x00000064       0x32 build/kernel/interrupt.o
 .ARM.attributes
                0x00000096       0x32 build/kernel/osctl.o
 .ARM.attributes
                0x000000c8       0x32 build/kernel/resource.o
 .ARM.attributes
                0x000000fa       0x32 build/kernel/task.o
 .ARM.attributes
                0x0000012c       0x32 build/kernel/task_manage.o
 .ARM.attributes
                0x0000015e       0x32 build/config/at91sam7s-gnu/cpu_config.o
 .ARM.attributes
                0x00000190       0x32 build/config/at91sam7s-gnu/lego_nxt/sys_config.o
 .ARM.attributes
                0x000001c2       0x32 build/./kernel_cfg.o
 .ARM.attributes
                0x000001f4       0x32 build/syscalls.o
 .ARM.attributes
                0x00000226       0x32 build/ecrobot_bluetooth.o
 .ARM.attributes
                0x00000258       0x32 build/ecrobot_base.o
 .ARM.attributes
                0x0000028a       0x32 build/ecrobot.o
 .ARM.attributes
                0x000002bc       0x32 build/balancer_param.o
 .ARM.attributes
                0x000002ee       0x32 build/sample.o
 .ARM.attributes
                0x00000320       0x32 build/syslib/at91sam7s-gnu/lego_nxt/hw_sys_timer.oram
 .ARM.attributes
                0x00000352       0x22 build/nxtvm/platform/nxt/vectors.o
 .ARM.attributes
                0x00000374       0x22 build/config/at91sam7s-gnu/debug.o
 .ARM.attributes
                0x00000396       0x22 build/config/at91sam7s-gnu/lego_nxt/sys_support.o
 .ARM.attributes
                0x000003b8       0x22 build/nxt_binary_header.o
 .ARM.attributes
                0x000003da       0x22 build/nxt_entry_point.o
 .ARM.attributes
                0x000003fc       0x22 build/ecrobot_init.o
 .ARM.attributes
                0x0000041e       0x22 build/config/at91sam7s-gnu/cpu_support.oram
 .ARM.attributes
                0x00000440       0x22 build/config/at91sam7s-gnu/irq.oram
 .ARM.attributes
                0x00000462       0x32 ../../../nxtOSEK/ecrobot/../ecrobot/libecrobot.a(ecrobot_HiTechnic.o)
 .ARM.attributes
                0x00000494       0x32 ../../../nxtOSEK/ecrobot/../ecrobot/libecrobot.a(ecrobot_interface.o)
 .ARM.attributes
                0x000004c6       0x32 ../../../nxtOSEK/ecrobot/../ecrobot/libecrobot.a(colorsensor.o)
 .ARM.attributes
                0x000004f8       0x32 ../../../nxtOSEK/ecrobot/../ecrobot/libecrobot.a(osek_hook.o)
 .ARM.attributes
                0x0000052a       0x32 ../../../nxtOSEK/ecrobot/../ecrobot/libecrobot.a(uart.oram)
 .ARM.attributes
                0x0000055c       0x32 ../../../nxtOSEK/ecrobot/../ecrobot/libecrobot.a(systick.oram)
 .ARM.attributes
                0x0000058e       0x32 ../../../nxtOSEK/ecrobot/../ecrobot/libecrobot.a(byte_fifo.oram)
 .ARM.attributes
                0x000005c0       0x32 ../../../nxtOSEK/ecrobot/../ecrobot/libecrobot.a(aic.oram)
 .ARM.attributes
                0x000005f2       0x32 ../../../nxtOSEK/ecrobot/../ecrobot/libecrobot.a(udp.oram)
 .ARM.attributes
                0x00000624       0x32 ../../../nxtOSEK/ecrobot/../ecrobot/libecrobot.a(twi.oram)
 .ARM.attributes
                0x00000656       0x32 ../../../nxtOSEK/ecrobot/../ecrobot/libecrobot.a(nxt_spi.oram)
 .ARM.attributes
                0x00000688       0x32 ../../../nxtOSEK/ecrobot/../ecrobot/libecrobot.a(nxt_motors.oram)
 .ARM.attributes
                0x000006ba       0x32 ../../../nxtOSEK/ecrobot/../ecrobot/libecrobot.a(data_abort.oram)
 .ARM.attributes
                0x000006ec       0x32 ../../../nxtOSEK/ecrobot/../ecrobot/libecrobot.a(display.oram)
 .ARM.attributes
                0x0000071e       0x32 ../../../nxtOSEK/ecrobot/../ecrobot/libecrobot.a(i2c.oram)
 .ARM.attributes
                0x00000750       0x32 ../../../nxtOSEK/ecrobot/../ecrobot/libecrobot.a(sound.oram)
 .ARM.attributes
                0x00000782       0x32 ../../../nxtOSEK/ecrobot/../ecrobot/libecrobot.a(bt.oram)
 .ARM.attributes
                0x000007b4       0x32 ../../../nxtOSEK/ecrobot/../ecrobot/libecrobot.a(nxt_avr.oram)
 .ARM.attributes
                0x000007e6       0x32 ../../../nxtOSEK/ecrobot/../ecrobot/libecrobot.a(sensors.oram)
 .ARM.attributes
                0x00000818       0x32 ../../../nxtOSEK/ecrobot/../ecrobot/libecrobot.a(sensors1.oram)
 .ARM.attributes
                0x0000084a       0x32 ../../../nxtOSEK/ecrobot/../ecrobot/libecrobot.a(nxt_lcd.oram)
 .ARM.attributes
                0x0000087c       0x32 ../../../nxtOSEK/ecrobot/../ecrobot/libecrobot.a(flash_loader.oram)
 .ARM.attributes
                0x000008ae       0x22 ../../../nxtOSEK/ecrobot/../ecrobot/libecrobot.a(interrupts.oram)
 .ARM.attributes
                0x000008d0       0x32 ../../../nxtOSEK/ecrobot/../ecrobot/libecrobot.a(ecrobot_usb.o)
 .ARM.attributes
                0x00000902       0x32 ../../../nxtOSEK/ecrobot/../ecrobot/libecrobot.a(flashprog.oram)
 .ARM.attributes
                0x00000934       0x32 ../../../nxtOSEK/ecrobot/../ecrobot/libnxtway_gs_balancer.a(balancer.o)
 .ARM.attributes
                0x00000966       0x18 /Users/e125754/etrobo/yagarto-4.6.2/bin/../lib/gcc/arm-none-eabi/4.6.2/thumb/libgcc.a(_thumb1_case_uqi.o)
 .ARM.attributes
                0x0000097e       0x18 /Users/e125754/etrobo/yagarto-4.6.2/bin/../lib/gcc/arm-none-eabi/4.6.2/thumb/libgcc.a(_thumb1_case_uhi.o)
 .ARM.attributes
                0x00000996       0x1a /Users/e125754/etrobo/yagarto-4.6.2/bin/../lib/gcc/arm-none-eabi/4.6.2/thumb/libgcc.a(_udivsi3.o)
 .ARM.attributes
                0x000009b0       0x1a /Users/e125754/etrobo/yagarto-4.6.2/bin/../lib/gcc/arm-none-eabi/4.6.2/thumb/libgcc.a(_divsi3.o)
 .ARM.attributes
                0x000009ca       0x18 /Users/e125754/etrobo/yagarto-4.6.2/bin/../lib/gcc/arm-none-eabi/4.6.2/thumb/libgcc.a(_dvmd_tls.o)
 .ARM.attributes
                0x000009e2       0x1a /Users/e125754/etrobo/yagarto-4.6.2/bin/../lib/gcc/arm-none-eabi/4.6.2/thumb/libgcc.a(_arm_addsubdf3.o)
 .ARM.attributes
                0x000009fc       0x1a /Users/e125754/etrobo/yagarto-4.6.2/bin/../lib/gcc/arm-none-eabi/4.6.2/thumb/libgcc.a(_arm_muldivdf3.o)
 .ARM.attributes
                0x00000a16       0x1a /Users/e125754/etrobo/yagarto-4.6.2/bin/../lib/gcc/arm-none-eabi/4.6.2/thumb/libgcc.a(_arm_cmpdf2.o)
 .ARM.attributes
                0x00000a30       0x1a /Users/e125754/etrobo/yagarto-4.6.2/bin/../lib/gcc/arm-none-eabi/4.6.2/thumb/libgcc.a(_arm_addsubsf3.o)
 .ARM.attributes
                0x00000a4a       0x1a /Users/e125754/etrobo/yagarto-4.6.2/bin/../lib/gcc/arm-none-eabi/4.6.2/thumb/libgcc.a(_arm_muldivsf3.o)
 .ARM.attributes
                0x00000a64       0x1a /Users/e125754/etrobo/yagarto-4.6.2/bin/../lib/gcc/arm-none-eabi/4.6.2/thumb/libgcc.a(_arm_cmpsf2.o)
 .ARM.attributes
                0x00000a7e       0x1a /Users/e125754/etrobo/yagarto-4.6.2/bin/../lib/gcc/arm-none-eabi/4.6.2/thumb/libgcc.a(_arm_fixsfsi.o)
 .ARM.attributes
                0x00000a98       0x1a /Users/e125754/etrobo/yagarto-4.6.2/bin/../lib/gcc/arm-none-eabi/4.6.2/thumb/libgcc.a(_aeabi_ldivmod.o)
 .ARM.attributes
                0x00000ab2       0x32 /Users/e125754/etrobo/yagarto-4.6.2/bin/../lib/gcc/arm-none-eabi/4.6.2/thumb/libgcc.a(_muldi3.o)
 .ARM.attributes
                0x00000ae4       0x32 /Users/e125754/etrobo/yagarto-4.6.2/bin/../lib/gcc/arm-none-eabi/4.6.2/thumb/libgcc.a(bpabi.o)
 .ARM.attributes
                0x00000b16       0x32 /Users/e125754/etrobo/yagarto-4.6.2/bin/../lib/gcc/arm-none-eabi/4.6.2/thumb/libgcc.a(unwind-arm.o)
 .ARM.attributes
                0x00000b48       0x1e /Users/e125754/etrobo/yagarto-4.6.2/bin/../lib/gcc/arm-none-eabi/4.6.2/thumb/libgcc.a(libunwind.o)
 .ARM.attributes
                0x00000b66       0x32 /Users/e125754/etrobo/yagarto-4.6.2/bin/../lib/gcc/arm-none-eabi/4.6.2/thumb/libgcc.a(pr-support.o)
 .ARM.attributes
                0x00000b98       0x32 /Users/e125754/etrobo/yagarto-4.6.2/bin/../lib/gcc/arm-none-eabi/4.6.2/thumb/libgcc.a(_divdi3.o)
 .ARM.attributes
                0x00000bca       0x32 /Users/e125754/etrobo/yagarto-4.6.2/bin/../lib/gcc/arm-none-eabi/4.6.2/thumb/libgcc.a(_udivdi3.o)
 .ARM.attributes
                0x00000bfc       0x1a /Users/e125754/etrobo/yagarto-4.6.2/bin/../lib/gcc/arm-none-eabi/4.6.2/thumb/libgcc.a(_clzsi2.o)
 .ARM.attributes
                0x00000c16       0x32 /Users/e125754/etrobo/yagarto-4.6.2/bin/../lib/gcc/arm-none-eabi/4.6.2/../../../../arm-none-eabi/lib/thumb/libc.a(lib_a-abort.o)
 .ARM.attributes
                0x00000c48       0x32 /Users/e125754/etrobo/yagarto-4.6.2/bin/../lib/gcc/arm-none-eabi/4.6.2/../../../../arm-none-eabi/lib/thumb/libc.a(lib_a-cxa_finalize.o)
 .ARM.attributes
                0x00000c7a       0x32 /Users/e125754/etrobo/yagarto-4.6.2/bin/../lib/gcc/arm-none-eabi/4.6.2/../../../../arm-none-eabi/lib/thumb/libc.a(lib_a-memcpy.o)
 .ARM.attributes
                0x00000cac       0x32 /Users/e125754/etrobo/yagarto-4.6.2/bin/../lib/gcc/arm-none-eabi/4.6.2/../../../../arm-none-eabi/lib/thumb/libc.a(lib_a-memset.o)
 .ARM.attributes
                0x00000cde       0x32 /Users/e125754/etrobo/yagarto-4.6.2/bin/../lib/gcc/arm-none-eabi/4.6.2/../../../../arm-none-eabi/lib/thumb/libc.a(lib_a-signal.o)
 .ARM.attributes
                0x00000d10       0x32 /Users/e125754/etrobo/yagarto-4.6.2/bin/../lib/gcc/arm-none-eabi/4.6.2/../../../../arm-none-eabi/lib/thumb/libc.a(lib_a-signalr.o)
 .ARM.attributes
                0x00000d42       0x32 /Users/e125754/etrobo/yagarto-4.6.2/bin/../lib/gcc/arm-none-eabi/4.6.2/../../../../arm-none-eabi/lib/thumb/libc.a(lib_a-strcmp.o)
 .ARM.attributes
                0x00000d74       0x32 /Users/e125754/etrobo/yagarto-4.6.2/bin/../lib/gcc/arm-none-eabi/4.6.2/../../../../arm-none-eabi/lib/thumb/libc.a(lib_a-strcpy.o)
 .ARM.attributes
                0x00000da6       0x32 /Users/e125754/etrobo/yagarto-4.6.2/bin/../lib/gcc/arm-none-eabi/4.6.2/../../../../arm-none-eabi/lib/thumb/libc.a(lib_a-strlen.o)
 .ARM.attributes
                0x00000dd8       0x32 /Users/e125754/etrobo/yagarto-4.6.2/bin/../lib/gcc/arm-none-eabi/4.6.2/../../../../arm-none-eabi/lib/thumb/libc.a(lib_a-strncpy.o)
 .ARM.attributes
                0x00000e0a       0x32 /Users/e125754/etrobo/yagarto-4.6.2/bin/../lib/gcc/arm-none-eabi/4.6.2/../../../../arm-none-eabi/lib/thumb/libc.a(lib_a-__call_atexit.o)
 .ARM.attributes
                0x00000e3c       0x32 /Users/e125754/etrobo/yagarto-4.6.2/bin/../lib/gcc/arm-none-eabi/4.6.2/../../../../arm-none-eabi/lib/thumb/libc.a(lib_a-impure.o)
 .ARM.attributes
                0x00000e6e       0x32 /Users/e125754/etrobo/yagarto-4.6.2/bin/../lib/gcc/arm-none-eabi/4.6.2/../../../../arm-none-eabi/lib/thumb/libc.a(lib_a-mallocr.o)
 .ARM.attributes
                0x00000ea0       0x32 /Users/e125754/etrobo/yagarto-4.6.2/bin/../lib/gcc/arm-none-eabi/4.6.2/../../../../arm-none-eabi/lib/thumb/libc.a(lib_a-mlock.o)
 .ARM.attributes
                0x00000ed2       0x32 /Users/e125754/etrobo/yagarto-4.6.2/bin/../lib/gcc/arm-none-eabi/4.6.2/../../../../arm-none-eabi/lib/thumb/libc.a(lib_a-reent.o)
 .ARM.attributes
                0x00000f04       0x32 /Users/e125754/etrobo/yagarto-4.6.2/bin/../lib/gcc/arm-none-eabi/4.6.2/../../../../arm-none-eabi/lib/thumb/libc.a(lib_a-freer.o)
 .ARM.attributes
                0x00000f36       0x22 build/nxtvm/platform/nxt/vectors.o

Cross Reference Table

Symbol                                            File
A_D                                               build/balancer_param.o
                                                  ../../../nxtOSEK/ecrobot/../ecrobot/libnxtway_gs_balancer.a(balancer.o)
A_R                                               build/balancer_param.o
                                                  ../../../nxtOSEK/ecrobot/../ecrobot/libnxtway_gs_balancer.a(balancer.o)
ActivateTask                                      build/kernel/task_manage.o
BATTERY_GAIN                                      build/balancer_param.o
                                                  ../../../nxtOSEK/ecrobot/../ecrobot/libnxtway_gs_balancer.a(balancer.o)
BATTERY_OFFSET                                    build/balancer_param.o
                                                  ../../../nxtOSEK/ecrobot/../ecrobot/libnxtway_gs_balancer.a(balancer.o)
CancelAlarm                                       build/kernel/alarm.o
ChainTask                                         build/kernel/task_manage.o
ClearEvent                                        build/kernel/event.o
DisableAllInterrupts                              build/kernel/interrupt.o
EnableAllInterrupts                               build/kernel/interrupt.o
ErrorHook                                         ../../../nxtOSEK/ecrobot/../ecrobot/libecrobot.a(osek_hook.o)
                                                  build/kernel/osctl.o
GetActiveApplicationMode                          build/kernel/osctl.o
GetAlarm                                          build/kernel/alarm.o
GetAlarmBase                                      build/kernel/alarm.o
GetEvent                                          build/kernel/event.o
GetResource                                       build/kernel/resource.o
GetTaskID                                         build/kernel/task_manage.o
GetTaskState                                      build/kernel/task_manage.o
K_F                                               build/balancer_param.o
                                                  ../../../nxtOSEK/ecrobot/../ecrobot/libnxtway_gs_balancer.a(balancer.o)
K_I                                               build/balancer_param.o
                                                  ../../../nxtOSEK/ecrobot/../ecrobot/libnxtway_gs_balancer.a(balancer.o)
K_PHIDOT                                          build/balancer_param.o
                                                  ../../../nxtOSEK/ecrobot/../ecrobot/libnxtway_gs_balancer.a(balancer.o)
K_THETADOT                                        build/balancer_param.o
                                                  ../../../nxtOSEK/ecrobot/../ecrobot/libnxtway_gs_balancer.a(balancer.o)
NXT_COLORSENSOR_PROTOCOLS                         ../../../nxtOSEK/ecrobot/../ecrobot/libecrobot.a(ecrobot_interface.o)
NXT_Entry_Point                                   build/nxt_entry_point.o
                                                  build/nxt_binary_header.o
PostTaskHook                                      ../../../nxtOSEK/ecrobot/../ecrobot/libecrobot.a(osek_hook.o)
                                                  build/config/at91sam7s-gnu/cpu_support.oram
                                                  build/kernel/osctl.o
PreTaskHook                                       ../../../nxtOSEK/ecrobot/../ecrobot/libecrobot.a(osek_hook.o)
                                                  build/config/at91sam7s-gnu/cpu_support.oram
                                                  build/kernel/osctl.o
ReleaseResource                                   build/kernel/resource.o
ResumeAllInterrupts                               build/kernel/interrupt.o
ResumeOSInterrupts                                build/kernel/interrupt.o
Schedule                                          build/kernel/task_manage.o
SetAbsAlarm                                       build/kernel/alarm.o
SetEvent                                          build/kernel/event.o
SetRelAlarm                                       build/kernel/alarm.o
ShutdownHook                                      ../../../nxtOSEK/ecrobot/../ecrobot/libecrobot.a(osek_hook.o)
                                                  build/kernel/osctl.o
ShutdownOS                                        build/kernel/osctl.o
SignalCounter                                     build/kernel/alarm.o
StartOS                                           build/kernel/osctl.o
                                                  build/ecrobot.o
StartupHook                                       ../../../nxtOSEK/ecrobot/../ecrobot/libecrobot.a(osek_hook.o)
                                                  build/kernel/osctl.o
SuspendAllInterrupts                              build/kernel/interrupt.o
SuspendOSInterrupts                               build/kernel/interrupt.o
TaskMain                                          build/./kernel_cfg.o
TaskMainTaskMain                                  build/sample.o
                                                  build/./kernel_cfg.o
TerminateTask                                     build/kernel/task_manage.o
WaitEvent                                         build/kernel/event.o
_Unwind_Backtrace                                 /Users/e125754/etrobo/yagarto-4.6.2/bin/../lib/gcc/arm-none-eabi/4.6.2/thumb/libgcc.a(libunwind.o)
_Unwind_Complete                                  /Users/e125754/etrobo/yagarto-4.6.2/bin/../lib/gcc/arm-none-eabi/4.6.2/thumb/libgcc.a(unwind-arm.o)
_Unwind_DeleteException                           /Users/e125754/etrobo/yagarto-4.6.2/bin/../lib/gcc/arm-none-eabi/4.6.2/thumb/libgcc.a(unwind-arm.o)
_Unwind_ForcedUnwind                              /Users/e125754/etrobo/yagarto-4.6.2/bin/../lib/gcc/arm-none-eabi/4.6.2/thumb/libgcc.a(libunwind.o)
_Unwind_GetCFA                                    /Users/e125754/etrobo/yagarto-4.6.2/bin/../lib/gcc/arm-none-eabi/4.6.2/thumb/libgcc.a(unwind-arm.o)
_Unwind_GetDataRelBase                            /Users/e125754/etrobo/yagarto-4.6.2/bin/../lib/gcc/arm-none-eabi/4.6.2/thumb/libgcc.a(pr-support.o)
_Unwind_GetLanguageSpecificData                   /Users/e125754/etrobo/yagarto-4.6.2/bin/../lib/gcc/arm-none-eabi/4.6.2/thumb/libgcc.a(pr-support.o)
_Unwind_GetRegionStart                            /Users/e125754/etrobo/yagarto-4.6.2/bin/../lib/gcc/arm-none-eabi/4.6.2/thumb/libgcc.a(pr-support.o)
_Unwind_GetTextRelBase                            /Users/e125754/etrobo/yagarto-4.6.2/bin/../lib/gcc/arm-none-eabi/4.6.2/thumb/libgcc.a(pr-support.o)
_Unwind_RaiseException                            /Users/e125754/etrobo/yagarto-4.6.2/bin/../lib/gcc/arm-none-eabi/4.6.2/thumb/libgcc.a(libunwind.o)
_Unwind_Resume                                    /Users/e125754/etrobo/yagarto-4.6.2/bin/../lib/gcc/arm-none-eabi/4.6.2/thumb/libgcc.a(libunwind.o)
_Unwind_Resume_or_Rethrow                         /Users/e125754/etrobo/yagarto-4.6.2/bin/../lib/gcc/arm-none-eabi/4.6.2/thumb/libgcc.a(libunwind.o)
_Unwind_VRS_Get                                   /Users/e125754/etrobo/yagarto-4.6.2/bin/../lib/gcc/arm-none-eabi/4.6.2/thumb/libgcc.a(unwind-arm.o)
                                                  /Users/e125754/etrobo/yagarto-4.6.2/bin/../lib/gcc/arm-none-eabi/4.6.2/thumb/libgcc.a(pr-support.o)
_Unwind_VRS_Pop                                   /Users/e125754/etrobo/yagarto-4.6.2/bin/../lib/gcc/arm-none-eabi/4.6.2/thumb/libgcc.a(unwind-arm.o)
                                                  /Users/e125754/etrobo/yagarto-4.6.2/bin/../lib/gcc/arm-none-eabi/4.6.2/thumb/libgcc.a(pr-support.o)
_Unwind_VRS_Set                                   /Users/e125754/etrobo/yagarto-4.6.2/bin/../lib/gcc/arm-none-eabi/4.6.2/thumb/libgcc.a(unwind-arm.o)
                                                  /Users/e125754/etrobo/yagarto-4.6.2/bin/../lib/gcc/arm-none-eabi/4.6.2/thumb/libgcc.a(pr-support.o)
___Unwind_Backtrace                               /Users/e125754/etrobo/yagarto-4.6.2/bin/../lib/gcc/arm-none-eabi/4.6.2/thumb/libgcc.a(libunwind.o)
___Unwind_ForcedUnwind                            /Users/e125754/etrobo/yagarto-4.6.2/bin/../lib/gcc/arm-none-eabi/4.6.2/thumb/libgcc.a(libunwind.o)
___Unwind_RaiseException                          /Users/e125754/etrobo/yagarto-4.6.2/bin/../lib/gcc/arm-none-eabi/4.6.2/thumb/libgcc.a(libunwind.o)
___Unwind_Resume                                  /Users/e125754/etrobo/yagarto-4.6.2/bin/../lib/gcc/arm-none-eabi/4.6.2/thumb/libgcc.a(libunwind.o)
___Unwind_Resume_or_Rethrow                       /Users/e125754/etrobo/yagarto-4.6.2/bin/../lib/gcc/arm-none-eabi/4.6.2/thumb/libgcc.a(libunwind.o)
__adddf3                                          /Users/e125754/etrobo/yagarto-4.6.2/bin/../lib/gcc/arm-none-eabi/4.6.2/thumb/libgcc.a(_arm_addsubdf3.o)
__addsf3                                          /Users/e125754/etrobo/yagarto-4.6.2/bin/../lib/gcc/arm-none-eabi/4.6.2/thumb/libgcc.a(_arm_addsubsf3.o)
__aeabi_cdcmpeq                                   /Users/e125754/etrobo/yagarto-4.6.2/bin/../lib/gcc/arm-none-eabi/4.6.2/thumb/libgcc.a(_arm_cmpdf2.o)
__aeabi_cdcmple                                   /Users/e125754/etrobo/yagarto-4.6.2/bin/../lib/gcc/arm-none-eabi/4.6.2/thumb/libgcc.a(_arm_cmpdf2.o)
__aeabi_cdrcmple                                  /Users/e125754/etrobo/yagarto-4.6.2/bin/../lib/gcc/arm-none-eabi/4.6.2/thumb/libgcc.a(_arm_cmpdf2.o)
__aeabi_cfcmpeq                                   /Users/e125754/etrobo/yagarto-4.6.2/bin/../lib/gcc/arm-none-eabi/4.6.2/thumb/libgcc.a(_arm_cmpsf2.o)
__aeabi_cfcmple                                   /Users/e125754/etrobo/yagarto-4.6.2/bin/../lib/gcc/arm-none-eabi/4.6.2/thumb/libgcc.a(_arm_cmpsf2.o)
__aeabi_cfrcmple                                  /Users/e125754/etrobo/yagarto-4.6.2/bin/../lib/gcc/arm-none-eabi/4.6.2/thumb/libgcc.a(_arm_cmpsf2.o)
__aeabi_dadd                                      /Users/e125754/etrobo/yagarto-4.6.2/bin/../lib/gcc/arm-none-eabi/4.6.2/thumb/libgcc.a(_arm_addsubdf3.o)
__aeabi_dcmpeq                                    /Users/e125754/etrobo/yagarto-4.6.2/bin/../lib/gcc/arm-none-eabi/4.6.2/thumb/libgcc.a(_arm_cmpdf2.o)
__aeabi_dcmpge                                    /Users/e125754/etrobo/yagarto-4.6.2/bin/../lib/gcc/arm-none-eabi/4.6.2/thumb/libgcc.a(_arm_cmpdf2.o)
__aeabi_dcmpgt                                    /Users/e125754/etrobo/yagarto-4.6.2/bin/../lib/gcc/arm-none-eabi/4.6.2/thumb/libgcc.a(_arm_cmpdf2.o)
                                                  ../../../nxtOSEK/ecrobot/../ecrobot/libecrobot.a(colorsensor.o)
__aeabi_dcmple                                    /Users/e125754/etrobo/yagarto-4.6.2/bin/../lib/gcc/arm-none-eabi/4.6.2/thumb/libgcc.a(_arm_cmpdf2.o)
__aeabi_dcmplt                                    /Users/e125754/etrobo/yagarto-4.6.2/bin/../lib/gcc/arm-none-eabi/4.6.2/thumb/libgcc.a(_arm_cmpdf2.o)
__aeabi_ddiv                                      /Users/e125754/etrobo/yagarto-4.6.2/bin/../lib/gcc/arm-none-eabi/4.6.2/thumb/libgcc.a(_arm_muldivdf3.o)
__aeabi_dmul                                      /Users/e125754/etrobo/yagarto-4.6.2/bin/../lib/gcc/arm-none-eabi/4.6.2/thumb/libgcc.a(_arm_muldivdf3.o)
                                                  ../../../nxtOSEK/ecrobot/../ecrobot/libecrobot.a(colorsensor.o)
__aeabi_drsub                                     /Users/e125754/etrobo/yagarto-4.6.2/bin/../lib/gcc/arm-none-eabi/4.6.2/thumb/libgcc.a(_arm_addsubdf3.o)
__aeabi_dsub                                      /Users/e125754/etrobo/yagarto-4.6.2/bin/../lib/gcc/arm-none-eabi/4.6.2/thumb/libgcc.a(_arm_addsubdf3.o)
__aeabi_f2d                                       /Users/e125754/etrobo/yagarto-4.6.2/bin/../lib/gcc/arm-none-eabi/4.6.2/thumb/libgcc.a(_arm_addsubdf3.o)
__aeabi_f2iz                                      /Users/e125754/etrobo/yagarto-4.6.2/bin/../lib/gcc/arm-none-eabi/4.6.2/thumb/libgcc.a(_arm_fixsfsi.o)
                                                  ../../../nxtOSEK/ecrobot/../ecrobot/libnxtway_gs_balancer.a(balancer.o)
                                                  build/sample.o
__aeabi_fadd                                      /Users/e125754/etrobo/yagarto-4.6.2/bin/../lib/gcc/arm-none-eabi/4.6.2/thumb/libgcc.a(_arm_addsubsf3.o)
                                                  ../../../nxtOSEK/ecrobot/../ecrobot/libnxtway_gs_balancer.a(balancer.o)
__aeabi_fcmpeq                                    /Users/e125754/etrobo/yagarto-4.6.2/bin/../lib/gcc/arm-none-eabi/4.6.2/thumb/libgcc.a(_arm_cmpsf2.o)
__aeabi_fcmpge                                    /Users/e125754/etrobo/yagarto-4.6.2/bin/../lib/gcc/arm-none-eabi/4.6.2/thumb/libgcc.a(_arm_cmpsf2.o)
                                                  ../../../nxtOSEK/ecrobot/../ecrobot/libnxtway_gs_balancer.a(balancer.o)
__aeabi_fcmpgt                                    /Users/e125754/etrobo/yagarto-4.6.2/bin/../lib/gcc/arm-none-eabi/4.6.2/thumb/libgcc.a(_arm_cmpsf2.o)
__aeabi_fcmple                                    /Users/e125754/etrobo/yagarto-4.6.2/bin/../lib/gcc/arm-none-eabi/4.6.2/thumb/libgcc.a(_arm_cmpsf2.o)
                                                  ../../../nxtOSEK/ecrobot/../ecrobot/libnxtway_gs_balancer.a(balancer.o)
__aeabi_fcmplt                                    /Users/e125754/etrobo/yagarto-4.6.2/bin/../lib/gcc/arm-none-eabi/4.6.2/thumb/libgcc.a(_arm_cmpsf2.o)
__aeabi_fdiv                                      /Users/e125754/etrobo/yagarto-4.6.2/bin/../lib/gcc/arm-none-eabi/4.6.2/thumb/libgcc.a(_arm_muldivsf3.o)
                                                  ../../../nxtOSEK/ecrobot/../ecrobot/libnxtway_gs_balancer.a(balancer.o)
                                                  build/sample.o
__aeabi_fmul                                      /Users/e125754/etrobo/yagarto-4.6.2/bin/../lib/gcc/arm-none-eabi/4.6.2/thumb/libgcc.a(_arm_muldivsf3.o)
                                                  ../../../nxtOSEK/ecrobot/../ecrobot/libnxtway_gs_balancer.a(balancer.o)
                                                  build/sample.o
__aeabi_frsub                                     /Users/e125754/etrobo/yagarto-4.6.2/bin/../lib/gcc/arm-none-eabi/4.6.2/thumb/libgcc.a(_arm_addsubsf3.o)
__aeabi_fsub                                      /Users/e125754/etrobo/yagarto-4.6.2/bin/../lib/gcc/arm-none-eabi/4.6.2/thumb/libgcc.a(_arm_addsubsf3.o)
                                                  ../../../nxtOSEK/ecrobot/../ecrobot/libnxtway_gs_balancer.a(balancer.o)
__aeabi_i2d                                       /Users/e125754/etrobo/yagarto-4.6.2/bin/../lib/gcc/arm-none-eabi/4.6.2/thumb/libgcc.a(_arm_addsubdf3.o)
                                                  ../../../nxtOSEK/ecrobot/../ecrobot/libecrobot.a(colorsensor.o)
__aeabi_i2f                                       /Users/e125754/etrobo/yagarto-4.6.2/bin/../lib/gcc/arm-none-eabi/4.6.2/thumb/libgcc.a(_arm_addsubsf3.o)
                                                  build/sample.o
__aeabi_idiv                                      /Users/e125754/etrobo/yagarto-4.6.2/bin/../lib/gcc/arm-none-eabi/4.6.2/thumb/libgcc.a(_divsi3.o)
                                                  ../../../nxtOSEK/ecrobot/../ecrobot/libecrobot.a(sound.oram)
                                                  ../../../nxtOSEK/ecrobot/../ecrobot/libecrobot.a(uart.oram)
__aeabi_idiv0                                     /Users/e125754/etrobo/yagarto-4.6.2/bin/../lib/gcc/arm-none-eabi/4.6.2/thumb/libgcc.a(_dvmd_tls.o)
                                                  /Users/e125754/etrobo/yagarto-4.6.2/bin/../lib/gcc/arm-none-eabi/4.6.2/thumb/libgcc.a(_divsi3.o)
                                                  /Users/e125754/etrobo/yagarto-4.6.2/bin/../lib/gcc/arm-none-eabi/4.6.2/thumb/libgcc.a(_udivsi3.o)
__aeabi_idivmod                                   /Users/e125754/etrobo/yagarto-4.6.2/bin/../lib/gcc/arm-none-eabi/4.6.2/thumb/libgcc.a(_divsi3.o)
                                                  ../../../nxtOSEK/ecrobot/../ecrobot/libecrobot.a(flash_loader.oram)
                                                  ../../../nxtOSEK/ecrobot/../ecrobot/libecrobot.a(sound.oram)
__aeabi_l2d                                       /Users/e125754/etrobo/yagarto-4.6.2/bin/../lib/gcc/arm-none-eabi/4.6.2/thumb/libgcc.a(_arm_addsubdf3.o)
__aeabi_l2f                                       /Users/e125754/etrobo/yagarto-4.6.2/bin/../lib/gcc/arm-none-eabi/4.6.2/thumb/libgcc.a(_arm_addsubsf3.o)
__aeabi_ldiv0                                     /Users/e125754/etrobo/yagarto-4.6.2/bin/../lib/gcc/arm-none-eabi/4.6.2/thumb/libgcc.a(_dvmd_tls.o)
                                                  /Users/e125754/etrobo/yagarto-4.6.2/bin/../lib/gcc/arm-none-eabi/4.6.2/thumb/libgcc.a(_aeabi_ldivmod.o)
__aeabi_ldivmod                                   /Users/e125754/etrobo/yagarto-4.6.2/bin/../lib/gcc/arm-none-eabi/4.6.2/thumb/libgcc.a(_aeabi_ldivmod.o)
                                                  ../../../nxtOSEK/ecrobot/../ecrobot/libecrobot.a(sound.oram)
__aeabi_lmul                                      /Users/e125754/etrobo/yagarto-4.6.2/bin/../lib/gcc/arm-none-eabi/4.6.2/thumb/libgcc.a(_muldi3.o)
                                                  /Users/e125754/etrobo/yagarto-4.6.2/bin/../lib/gcc/arm-none-eabi/4.6.2/thumb/libgcc.a(bpabi.o)
                                                  ../../../nxtOSEK/ecrobot/../ecrobot/libecrobot.a(sound.oram)
__aeabi_ui2d                                      /Users/e125754/etrobo/yagarto-4.6.2/bin/../lib/gcc/arm-none-eabi/4.6.2/thumb/libgcc.a(_arm_addsubdf3.o)
__aeabi_ui2f                                      /Users/e125754/etrobo/yagarto-4.6.2/bin/../lib/gcc/arm-none-eabi/4.6.2/thumb/libgcc.a(_arm_addsubsf3.o)
                                                  build/sample.o
__aeabi_uidiv                                     /Users/e125754/etrobo/yagarto-4.6.2/bin/../lib/gcc/arm-none-eabi/4.6.2/thumb/libgcc.a(_udivsi3.o)