Archive member included because of file (symbol)

../../../nxtOSEK/ecrobot/../ecrobot/libecrobot.a(ecrobot_HiTechnic.o)
                              build/sample.o (ecrobot_get_gyro_sensor)
../../../nxtOSEK/ecrobot/../ecrobot/libecrobot.a(ecrobot_interface.o)
                              build/sample.o (ecrobot_set_light_sensor_active)
../../../nxtOSEK/ecrobot/../ecrobot/libecrobot.a(colorsensor.o)
                              ../../../nxtOSEK/ecrobot/../ecrobot/libecrobot.a(ecrobot_interface.o) (colorsensor_init)
../../../nxtOSEK/ecrobot/../ecrobot/libecrobot.a(osek_hook.o)
                              build/kernel/osctl.o (StartupHook)
../../../nxtOSEK/ecrobot/../ecrobot/libecrobot.a(uart.oram)
                              build/config/at91sam7s-gnu/irq.oram (uart_isr_C_0)
../../../nxtOSEK/ecrobot/../ecrobot/libecrobot.a(systick.oram)
                              build/syslib/at91sam7s-gnu/lego_nxt/hw_sys_timer.oram (systick_low_priority_C)
../../../nxtOSEK/ecrobot/../ecrobot/libecrobot.a(byte_fifo.oram)
                              ../../../nxtOSEK/ecrobot/../ecrobot/libecrobot.a(uart.oram) (byte_fifo_init)
../../../nxtOSEK/ecrobot/../ecrobot/libecrobot.a(aic.oram)
                              ../../../nxtOSEK/ecrobot/../ecrobot/libecrobot.a(uart.oram) (aic_set_vector)
../../../nxtOSEK/ecrobot/../ecrobot/libecrobot.a(udp.oram)
                              build/config/at91sam7s-gnu/irq.oram (udp_isr_C)
../../../nxtOSEK/ecrobot/../ecrobot/libecrobot.a(twi.oram)
                              build/config/at91sam7s-gnu/irq.oram (twi_isr_C)
../../../nxtOSEK/ecrobot/../ecrobot/libecrobot.a(nxt_spi.oram)
                              build/config/at91sam7s-gnu/irq.oram (spi_isr_C)
../../../nxtOSEK/ecrobot/../ecrobot/libecrobot.a(nxt_motors.oram)
                              build/sample.o (nxt_motor_get_count)
../../../nxtOSEK/ecrobot/../ecrobot/libecrobot.a(data_abort.oram)
                              build/ecrobot_init.o (data_abort_C)
../../../nxtOSEK/ecrobot/../ecrobot/libecrobot.a(display.oram)
                              build/ecrobot_base.o (display_update)
../../../nxtOSEK/ecrobot/../ecrobot/libecrobot.a(i2c.oram)
                              build/config/at91sam7s-gnu/irq.oram (i2c_timer_isr_C)
../../../nxtOSEK/ecrobot/../ecrobot/libecrobot.a(sound.oram)
                              ../../../nxtOSEK/ecrobot/../ecrobot/libecrobot.a(ecrobot_interface.o) (sound_freq_vol)
../../../nxtOSEK/ecrobot/../ecrobot/libecrobot.a(bt.oram)
                              build/ecrobot_bluetooth.o (bt_send)
../../../nxtOSEK/ecrobot/../ecrobot/libecrobot.a(nxt_avr.oram)
                              build/ecrobot_base.o (nxt_avr_power_down)
../../../nxtOSEK/ecrobot/../ecrobot/libecrobot.a(sensors.oram)
                              ../../../nxtOSEK/ecrobot/../ecrobot/libecrobot.a(ecrobot_interface.o) (set_digi0)
../../../nxtOSEK/ecrobot/../ecrobot/libecrobot.a(sensors1.oram)
                              ../../../nxtOSEK/ecrobot/../ecrobot/libecrobot.a(colorsensor.o) (sp_read)
../../../nxtOSEK/ecrobot/../ecrobot/libecrobot.a(nxt_lcd.oram)
                              ../../../nxtOSEK/ecrobot/../ecrobot/libecrobot.a(display.oram) (nxt_lcd_force_update)
../../../nxtOSEK/ecrobot/../ecrobot/libecrobot.a(flash_loader.oram)
                              build/ecrobot.o (set_flash_request)
../../../nxtOSEK/ecrobot/../ecrobot/libecrobot.a(interrupts.oram)
                              ../../../nxtOSEK/ecrobot/../ecrobot/libecrobot.a(uart.oram) (interrupts_get_and_disable)
../../../nxtOSEK/ecrobot/../ecrobot/libecrobot.a(nxtosek_splash.obmp)
                              build/ecrobot_base.o (nxtosek_splash_bmp_start)
../../../nxtOSEK/ecrobot/../ecrobot/libecrobot.a(ecrobot_usb.o)
                              ../../../nxtOSEK/ecrobot/../ecrobot/libecrobot.a(flash_loader.oram) (ecrobot_init_usb)
../../../nxtOSEK/ecrobot/../ecrobot/libecrobot.a(flashprog.oram)
                              ../../../nxtOSEK/ecrobot/../ecrobot/libecrobot.a(flash_loader.oram) (flash_write_page)
../../../nxtOSEK/ecrobot/../ecrobot/libnxtway_gs_balancer.a(balancer.o)
                              build/sample.o (balance_control)
/Users/e125754/etrobo/yagarto-4.6.2/bin/../lib/gcc/arm-none-eabi/4.6.2/thumb/libgcc.a(_thumb1_case_uqi.o)
                              ../../../nxtOSEK/ecrobot/../ecrobot/libecrobot.a(uart.oram) (__gnu_thumb1_case_uqi)
/Users/e125754/etrobo/yagarto-4.6.2/bin/../lib/gcc/arm-none-eabi/4.6.2/thumb/libgcc.a(_thumb1_case_uhi.o)
                              ../../../nxtOSEK/ecrobot/../ecrobot/libecrobot.a(i2c.oram) (__gnu_thumb1_case_uhi)
/Users/e125754/etrobo/yagarto-4.6.2/bin/../lib/gcc/arm-none-eabi/4.6.2/thumb/libgcc.a(_udivsi3.o)
                              build/ecrobot_base.o (__aeabi_uidiv)
/Users/e125754/etrobo/yagarto-4.6.2/bin/../lib/gcc/arm-none-eabi/4.6.2/thumb/libgcc.a(_divsi3.o)
                              ../../../nxtOSEK/ecrobot/../ecrobot/libecrobot.a(uart.oram) (__aeabi_idiv)
[...]
Memory Configuration

Name             Origin             Length             Attributes
rom              0x00108000         0x00038000
vector_ram       0x00200000         0x00000040
ram              0x00200040         0x0000ffc0
*default*        0x00000000         0xffffffff

Linker script and memory map

LOAD build/kernel/alarm.o
LOAD build/kernel/event.o
LOAD build/kernel/interrupt.o
LOAD build/kernel/osctl.o
LOAD build/kernel/resource.o
LOAD build/kernel/task.o
LOAD build/kernel/task_manage.o
LOAD build/config/at91sam7s-gnu/cpu_config.o
LOAD build/config/at91sam7s-gnu/lego_nxt/sys_config.o
LOAD build/./kernel_cfg.o
LOAD build/syscalls.o
LOAD build/ecrobot_bluetooth.o
LOAD build/ecrobot_base.o
LOAD build/ecrobot.o
LOAD build/balancer_param.o
LOAD build/sample.o
LOAD build/syslib/at91sam7s-gnu/lego_nxt/hw_sys_timer.oram
LOAD build/nxtvm/platform/nxt/vectors.o
LOAD build/config/at91sam7s-gnu/debug.o
LOAD build/config/at91sam7s-gnu/lego_nxt/sys_support.o
LOAD build/nxt_binary_header.o
LOAD build/nxt_entry_point.o
LOAD build/ecrobot_init.o
LOAD build/config/at91sam7s-gnu/cpu_support.oram
LOAD build/config/at91sam7s-gnu/irq.oram
LOAD ../../../nxtOSEK/ecrobot/../c++/liblejososek.a
LOAD ../../../nxtOSEK/ecrobot/../ecrobot/libecrobot.a
LOAD ../../../nxtOSEK/ecrobot/../ecrobot/libnxtway_gs_balancer.a
LOAD /Users/e125754/etrobo/yagarto-4.6.2/bin/../lib/gcc/arm-none-eabi/4.6.2/../../../../arm-none-eabi/lib/thumb/libstdc++.a
LOAD /Users/e125754/etrobo/yagarto-4.6.2/bin/../lib/gcc/arm-none-eabi/4.6.2/../../../../arm-none-eabi/lib/thumb/libm.a
START GROUP
LOAD /Users/e125754/etrobo/yagarto-4.6.2/bin/../lib/gcc/arm-none-eabi/4.6.2/thumb/libgcc.a
LOAD /Users/e125754/etrobo/yagarto-4.6.2/bin/../lib/gcc/arm-none-eabi/4.6.2/../../../../arm-none-eabi/lib/thumb/libc.a
END GROUP
                0x00108000                ROM_BASE = 0x108000
                0x00038000                ROM_SIZE = 0x38000
                0x00200000                RAM_BASE = 0x200000
                0x00010000                RAM_SIZE = 0x10000

.vectors        0x00200000       0x40 load address 0x00108000
 vectors.o(*.text *.text.*)
 .text          0x00200000       0x38 build/nxtvm/platform/nxt/vectors.o
                0x00200040                . = ALIGN (0x10)
 *fill*         0x00200038        0x8 00
                0x00200000                __vectors_ram_start__ = ADDR (.vectors)
                0x00200040                __vectors_ram_end__ = (ADDR (.vectors) + SIZEOF (.vectors))
                0x00108000                __vectors_load_start__ = LOADADDR (.vectors)
                0x00108040                __vectors_load_end__ = (LOADADDR (.vectors) + SIZEOF (.vectors))

.init           0x00108040      0x280
 *ecrobot_init.o(*.text *.text.*)
 .text          0x00108040      0x280 build/ecrobot_init.o
                0x00108040                start
                0x001081ac                undef_handler
                0x001081b0                swi_handler
                0x001081b4                prefetch_abort_handler
                0x001081b8                data_abort_handler
                0x001081d4                reserved_handler
                0x001082c0                . = ALIGN (0x10)

.ram_text       0x00200040     0x32b0 load address 0x001082c0
                0x00200040                . = ALIGN (0x10)
 *.oram(*.text *.text.* *.glue*)
 .text.systick_isr_C1
                0x00200040       0x28 build/syslib/at91sam7s-gnu/lego_nxt/hw_sys_timer.oram
                0x00200040                systick_isr_C1
 *fill*         0x00200068        0x8 00
 .text          0x00200070      0x230 build/config/at91sam7s-gnu/cpu_support.oram
                0x00200070                dispatch
                0x002000b0                activate_r
                0x002000e0                exit_and_dispatch
                0x002000f0                start_dispatch
                0x002001ac                _interrupt
                0x0020021c                int_return
                0x00200248                disable_int
                0x00200250                enable_int
                0x00200258                nop
 .text          0x002002a0      0x2c0 build/config/at91sam7s-gnu/irq.oram
                0x002002a0                default_isr
                0x002002a0                spurious_isr
                0x002002a0                default_fiq
                0x002002a4                systick_isr_entry
                0x002002ec                systick_low_priority_entry
                0x0020032c                udp_isr_entry
                0x0020036c                spi_isr_entry
                0x002003ac                twi_isr_entry
                0x002003ec                sound_isr_entry
                0x0020042c                uart_isr_entry_0
                0x0020046c                uart_isr_entry_1
                0x002004ac                nxt_motor_isr_entry
                0x002004ec                i2c_timer_isr_entry
 .text.uart_isr_C_0
                0x00200560       0x74 ../../../nxtOSEK/ecrobot/../ecrobot/libecrobot.a(uart.oram)
                0x00200560                uart_isr_C_0
 .text.uart_isr_C_1
                0x002005d4        0x2 ../../../nxtOSEK/ecrobot/../ecrobot/libecrobot.a(uart.oram)
                0x002005d4                uart_isr_C_1
 *fill*         0x002005d6        0x2 00
 .text.systick_low_priority_C
                0x002005d8       0x1c ../../../nxtOSEK/ecrobot/../ecrobot/libecrobot.a(systick.oram)
                0x002005d8                systick_low_priority_C
 .text.systick_isr_C
                0x002005f4       0x24 ../../../nxtOSEK/ecrobot/../ecrobot/libecrobot.a(systick.oram)
                0x002005f4                systick_isr_C
 .text.systick_get_ms
                0x00200618        0xc ../../../nxtOSEK/ecrobot/../ecrobot/libecrobot.a(systick.oram)
                0x00200618                systick_get_ms
 .text.systick_wait_ms
                0x00200624       0x1c ../../../nxtOSEK/ecrobot/../ecrobot/libecrobot.a(systick.oram)
                0x00200624                systick_wait_ms
 .text.systick_wait_ns
                0x00200640       0x1c ../../../nxtOSEK/ecrobot/../ecrobot/libecrobot.a(systick.oram)
                0x00200640                systick_wait_ns
 .text.systick_init
                0x0020065c       0x58 ../../../nxtOSEK/ecrobot/../ecrobot/libecrobot.a(systick.oram)
                0x0020065c                systick_init
 .text.systick_suspend
                0x002006b4        0xe ../../../nxtOSEK/ecrobot/../ecrobot/libecrobot.a(systick.oram)
                0x002006b4                systick_suspend
 .text.systick_resume
                0x002006c2        0xe ../../../nxtOSEK/ecrobot/../ecrobot/libecrobot.a(systick.oram)
                0x002006c2                systick_resume
 .text.byte_fifo_put
                0x002006d0       0x4a ../../../nxtOSEK/ecrobot/../ecrobot/libecrobot.a(byte_fifo.oram)
                0x002006d0                byte_fifo_put
 .text.byte_fifo_get
                0x0020071a       0x2c ../../../nxtOSEK/ecrobot/../ecrobot/libecrobot.a(byte_fifo.oram)
                0x0020071a                byte_fifo_get
 *fill*         0x00200746        0x2 00
 .text.aic_initialise
                0x00200748       0x5c ../../../nxtOSEK/ecrobot/../ecrobot/libecrobot.a(aic.oram)
                0x00200748                aic_initialise
 .text.aic_set_vector
                0x002007a4       0x30 ../../../nxtOSEK/ecrobot/../ecrobot/libecrobot.a(aic.oram)
                0x002007a4                aic_set_vector
 .text.aic_mask_on
                0x002007d4       0x24 ../../../nxtOSEK/ecrobot/../ecrobot/libecrobot.a(aic.oram)
                0x002007d4                aic_mask_on
 .text.aic_mask_off
                0x002007f8       0x24 ../../../nxtOSEK/ecrobot/../ecrobot/libecrobot.a(aic.oram)
                0x002007f8                aic_mask_off
 .text.aic_clear
                0x0020081c       0x24 ../../../nxtOSEK/ecrobot/../ecrobot/libecrobot.a(aic.oram)
                0x0020081c                aic_clear
 .text.reset    0x00200840       0x4c ../../../nxtOSEK/ecrobot/../ecrobot/libecrobot.a(udp.oram)
 .text.udp_send_null
                0x0020088c       0x2c ../../../nxtOSEK/ecrobot/../ecrobot/libecrobot.a(udp.oram)
 .text.udp_send_stall
                0x002008b8       0x2c ../../../nxtOSEK/ecrobot/../ecrobot/libecrobot.a(udp.oram)
 .text.udp_send_control
                0x002008e4       0x54 ../../../nxtOSEK/ecrobot/../ecrobot/libecrobot.a(udp.oram)
 .text.udp_isr_C
                0x00200938      0x728 ../../../nxtOSEK/ecrobot/../ecrobot/libecrobot.a(udp.oram)
                0x00200938                udp_isr_C
 .text.twi_status
                0x00201060       0x1c ../../../nxtOSEK/ecrobot/../ecrobot/libecrobot.a(twi.oram)
                0x00201060                twi_status
 .text.twi_isr_C
                0x0020107c       0xbc ../../../nxtOSEK/ecrobot/../ecrobot/libecrobot.a(twi.oram)
                0x0020107c                twi_isr_C
 .text.twi_reset
                0x00201138       0xc4 ../../../nxtOSEK/ecrobot/../ecrobot/libecrobot.a(twi.oram)
                0x00201138                twi_reset
 .text.twi_init
                0x002011fc       0x4c ../../../nxtOSEK/ecrobot/../ecrobot/libecrobot.a(twi.oram)
                0x002011fc                twi_init
 .text.twi_start_read
                0x00201248       0x5c ../../../nxtOSEK/ecrobot/../ecrobot/libecrobot.a(twi.oram)
                0x00201248                twi_start_read
 .text.twi_start_write
                0x002012a4       0x5c ../../../nxtOSEK/ecrobot/../ecrobot/libecrobot.a(twi.oram)
                0x002012a4                twi_start_write
 .text.spi_set_mode
                0x00201300       0x40 ../../../nxtOSEK/ecrobot/../ecrobot/libecrobot.a(nxt_spi.oram)
 .text.spi_isr_C
                0x00201340       0x6c ../../../nxtOSEK/ecrobot/../ecrobot/libecrobot.a(nxt_spi.oram)
                0x00201340                spi_isr_C
 .text.nxt_spi_init
                0x002013ac      0x140 ../../../nxtOSEK/ecrobot/../ecrobot/libecrobot.a(nxt_spi.oram)
                0x002013ac                nxt_spi_init
 .text.nxt_spi_write
                0x002014ec       0x44 ../../../nxtOSEK/ecrobot/../ecrobot/libecrobot.a(nxt_spi.oram)
                0x002014ec                nxt_spi_write
 .text.nxt_spi_set_display
                0x00201530       0x14 ../../../nxtOSEK/ecrobot/../ecrobot/libecrobot.a(nxt_spi.oram)
                0x00201530                nxt_spi_set_display
 .text.nxt_spi_refresh
                0x00201544       0x28 ../../../nxtOSEK/ecrobot/../ecrobot/libecrobot.a(nxt_spi.oram)
                0x00201544                nxt_spi_refresh
 .text.nxt_motor_get_count
                0x0020156c       0x18 ../../../nxtOSEK/ecrobot/../ecrobot/libecrobot.a(nxt_motors.oram)
                0x0020156c                nxt_motor_get_count
 .text.nxt_motor_set_count
                0x00201584       0x14 ../../../nxtOSEK/ecrobot/../ecrobot/libecrobot.a(nxt_motors.oram)
                0x00201584                nxt_motor_set_count
 .text.nxt_motor_set_speed
                0x00201598       0x30 ../../../nxtOSEK/ecrobot/../ecrobot/libecrobot.a(nxt_motors.oram)
                0x00201598                nxt_motor_set_speed
 .text.nxt_motor_1kHz_process
                0x002015c8       0x2c ../../../nxtOSEK/ecrobot/../ecrobot/libecrobot.a(nxt_motors.oram)
                0x002015c8                nxt_motor_1kHz_process
 .text.nxt_motor_quad_decode
                0x002015f4       0x48 ../../../nxtOSEK/ecrobot/../ecrobot/libecrobot.a(nxt_motors.oram)
                0x002015f4                nxt_motor_quad_decode
 .text.nxt_motor_isr_C
                0x0020163c       0x84 ../../../nxtOSEK/ecrobot/../ecrobot/libecrobot.a(nxt_motors.oram)
                0x0020163c                nxt_motor_isr_C
 .text.nxt_motor_init
                0x002016c0       0x78 ../../../nxtOSEK/ecrobot/../ecrobot/libecrobot.a(nxt_motors.oram)
                0x002016c0                nxt_motor_init
 .text.data_abort_C
                0x00201738       0x7c ../../../nxtOSEK/ecrobot/../ecrobot/libecrobot.a(data_abort.oram)
                0x00201738                data_abort_C
 .text.display_update
                0x002017b4       0x18 ../../../nxtOSEK/ecrobot/../ecrobot/libecrobot.a(display.oram)
                0x002017b4                display_update
 .text.display_force_update
                0x002017cc        0xc ../../../nxtOSEK/ecrobot/../ecrobot/libecrobot.a(display.oram)
                0x002017cc                display_force_update
 .text.display_clear
                0x002017d8       0x24 ../../../nxtOSEK/ecrobot/../ecrobot/libecrobot.a(display.oram)
                0x002017d8                display_clear
 .text.display_goto_xy
                0x002017fc       0x14 ../../../nxtOSEK/ecrobot/../ecrobot/libecrobot.a(display.oram)
                0x002017fc                display_goto_xy
 .text.display_char
                0x00201810       0x58 ../../../nxtOSEK/ecrobot/../ecrobot/libecrobot.a(display.oram)
                0x00201810                display_char
 .text.display_string
                0x00201868       0x40 ../../../nxtOSEK/ecrobot/../ecrobot/libecrobot.a(display.oram)
                0x00201868                display_string
 .text.display_unsigned_worker
                0x002018a8       0x72 ../../../nxtOSEK/ecrobot/../ecrobot/libecrobot.a(display.oram)
 *fill*         0x0020191a        0x2 00
 .text.display_hex
                0x0020191c       0x48 ../../../nxtOSEK/ecrobot/../ecrobot/libecrobot.a(display.oram)
                0x0020191c                display_hex
 .text.display_unsigned
                0x00201964        0xe ../../../nxtOSEK/ecrobot/../ecrobot/libecrobot.a(display.oram)
                0x00201964                display_unsigned
 .text.display_int
                0x00201972       0x16 ../../../nxtOSEK/ecrobot/../ecrobot/libecrobot.a(display.oram)
                0x00201972                display_int
 .text.display_bitmap_copy
                0x00201988       0x78 ../../../nxtOSEK/ecrobot/../ecrobot/libecrobot.a(display.oram)
                0x00201988                display_bitmap_copy
 .text.display_init
                0x00201a00       0x48 ../../../nxtOSEK/ecrobot/../ecrobot/libecrobot.a(display.oram)
                0x00201a00                display_init
 .text.i2c_timer_isr_C
                0x00201a48      0x2fc ../../../nxtOSEK/ecrobot/../ecrobot/libecrobot.a(i2c.oram)
                0x00201a48                i2c_timer_isr_C
 .text.i2c_disable
                0x00201d44       0x24 ../../../nxtOSEK/ecrobot/../ecrobot/libecrobot.a(i2c.oram)
                0x00201d44                i2c_disable
 .text.i2c_init
                0x00201d68       0xb4 ../../../nxtOSEK/ecrobot/../ecrobot/libecrobot.a(i2c.oram)
                0x00201d68                i2c_init
 .text.sound_interrupt_enable
                0x00201e1c       0x1c ../../../nxtOSEK/ecrobot/../ecrobot/libecrobot.a(sound.oram)
                0x00201e1c                sound_interrupt_enable
 .text.sound_interrupt_disable
                0x00201e38       0x14 ../../../nxtOSEK/ecrobot/../ecrobot/libecrobot.a(sound.oram)
                0x00201e38                sound_interrupt_disable
 .text.sound_init
                0x00201e4c       0xb0 ../../../nxtOSEK/ecrobot/../ecrobot/libecrobot.a(sound.oram)
                0x00201e4c                sound_init
 .text.sound_fill_sample_buffer
                0x00201efc       0xe4 ../../../nxtOSEK/ecrobot/../ecrobot/libecrobot.a(sound.oram)
                0x00201efc                sound_fill_sample_buffer
 .text.sound_isr_C
                0x00201fe0      0x108 ../../../nxtOSEK/ecrobot/../ecrobot/libecrobot.a(sound.oram)
                0x00201fe0                sound_isr_C
 .text.bt_init  0x002020e8      0x1d4 ../../../nxtOSEK/ecrobot/../ecrobot/libecrobot.a(bt.oram)
                0x002020e8                bt_init
 .text.bt_send  0x002022bc       0x4c ../../../nxtOSEK/ecrobot/../ecrobot/libecrobot.a(bt.oram)
                0x002022bc                bt_send
 .text.bt_write
                0x00202308       0x58 ../../../nxtOSEK/ecrobot/../ecrobot/libecrobot.a(bt.oram)
                0x00202308                bt_write
 .text.bt_pending
                0x00202360       0x54 ../../../nxtOSEK/ecrobot/../ecrobot/libecrobot.a(bt.oram)
                0x00202360                bt_pending
 .text.bt_clear_arm7_cmd
                0x002023b4       0x10 ../../../nxtOSEK/ecrobot/../ecrobot/libecrobot.a(bt.oram)
                0x002023b4                bt_clear_arm7_cmd
 .text.bt_set_arm7_cmd
                0x002023c4       0x10 ../../../nxtOSEK/ecrobot/../ecrobot/libecrobot.a(bt.oram)
                0x002023c4                bt_set_arm7_cmd
 .text.bt_receive
                0x002023d4      0x120 ../../../nxtOSEK/ecrobot/../ecrobot/libecrobot.a(bt.oram)
                0x002023d4                bt_receive
 .text.bt_read  0x002024f4      0x124 ../../../nxtOSEK/ecrobot/../ecrobot/libecrobot.a(bt.oram)
                0x002024f4                bt_read
 .text.bt_reset
                0x00202618       0x88 ../../../nxtOSEK/ecrobot/../ecrobot/libecrobot.a(bt.oram)
                0x00202618                bt_reset
 .text.nxt_avr_power_down
                0x002026a0       0x10 ../../../nxtOSEK/ecrobot/../ecrobot/libecrobot.a(nxt_avr.oram)
                0x002026a0                nxt_avr_power_down
 .text.nxt_avr_link_init
                0x002026b0       0x20 ../../../nxtOSEK/ecrobot/../ecrobot/libecrobot.a(nxt_avr.oram)
                0x002026b0                nxt_avr_link_init
 .text.nxt_avr_init
                0x002026d0       0x68 ../../../nxtOSEK/ecrobot/../ecrobot/libecrobot.a(nxt_avr.oram)
                0x002026d0                nxt_avr_init
 .text.nxt_avr_1kHz_update
                0x00202738      0x1b0 ../../../nxtOSEK/ecrobot/../ecrobot/libecrobot.a(nxt_avr.oram)
                0x00202738                nxt_avr_1kHz_update
 .text.buttons_get
                0x002028e8        0xc ../../../nxtOSEK/ecrobot/../ecrobot/libecrobot.a(nxt_avr.oram)
                0x002028e8                buttons_get
 .text.battery_voltage
                0x002028f4       0x20 ../../../nxtOSEK/ecrobot/../ecrobot/libecrobot.a(nxt_avr.oram)
                0x002028f4                battery_voltage
 .text.sensor_adc
                0x00202914       0x24 ../../../nxtOSEK/ecrobot/../ecrobot/libecrobot.a(nxt_avr.oram)
                0x00202914                sensor_adc
 .text.nxt_avr_set_motor
                0x00202938       0x28 ../../../nxtOSEK/ecrobot/../ecrobot/libecrobot.a(nxt_avr.oram)
                0x00202938                nxt_avr_set_motor
 .text.nxt_avr_set_input_power
                0x00202960       0x3c ../../../nxtOSEK/ecrobot/../ecrobot/libecrobot.a(nxt_avr.oram)
                0x00202960                nxt_avr_set_input_power
 .text.set_digi0
                0x0020299c       0x48 ../../../nxtOSEK/ecrobot/../ecrobot/libecrobot.a(sensors.oram)
                0x0020299c                set_digi0
 .text.unset_digi0
                0x002029e4       0x48 ../../../nxtOSEK/ecrobot/../ecrobot/libecrobot.a(sensors.oram)
                0x002029e4                unset_digi0
 .text.unset_digi1
                0x00202a2c       0x48 ../../../nxtOSEK/ecrobot/../ecrobot/libecrobot.a(sensors.oram)
                0x00202a2c                unset_digi1
 .text.init_sensors
                0x00202a74       0x58 ../../../nxtOSEK/ecrobot/../ecrobot/libecrobot.a(sensors.oram)
                0x00202a74                init_sensors
 .text.nxt_lcd_command
                0x00202acc       0x16 ../../../nxtOSEK/ecrobot/../ecrobot/libecrobot.a(nxt_lcd.oram)
                0x00202acc                nxt_lcd_command
 .text.nxt_lcd_set_col
                0x00202ae2       0x1e ../../../nxtOSEK/ecrobot/../ecrobot/libecrobot.a(nxt_lcd.oram)
                0x00202ae2                nxt_lcd_set_col
 .text.nxt_lcd_set_multiplex_rate
                0x00202b00       0x14 ../../../nxtOSEK/ecrobot/../ecrobot/libecrobot.a(nxt_lcd.oram)
                0x00202b00                nxt_lcd_set_multiplex_rate
 .text.nxt_lcd_set_page_address
                0x00202b14       0x14 ../../../nxtOSEK/ecrobot/../ecrobot/libecrobot.a(nxt_lcd.oram)
                0x00202b14                nxt_lcd_set_page_address
 .text.nxt_lcd_set_pot
                0x00202b28       0x18 ../../../nxtOSEK/ecrobot/../ecrobot/libecrobot.a(nxt_lcd.oram)
                0x00202b28                nxt_lcd_set_pot
 .text.nxt_lcd_set_ram_address_control
                0x00202b40       0x14 ../../../nxtOSEK/ecrobot/../ecrobot/libecrobot.a(nxt_lcd.oram)
                0x00202b40                nxt_lcd_set_ram_address_control
 .text.nxt_lcd_enable
                0x00202b54       0x14 ../../../nxtOSEK/ecrobot/../ecrobot/libecrobot.a(nxt_lcd.oram)
                0x00202b54                nxt_lcd_enable
 .text.nxt_lcd_set_map_control
                0x00202b68       0x16 ../../../nxtOSEK/ecrobot/../ecrobot/libecrobot.a(nxt_lcd.oram)
                0x00202b68                nxt_lcd_set_map_control
 .text.nxt_lcd_reset
                0x00202b7e        0xe ../../../nxtOSEK/ecrobot/../ecrobot/libecrobot.a(nxt_lcd.oram)
                0x00202b7e                nxt_lcd_reset
 .text.nxt_lcd_set_bias_ratio
                0x00202b8c       0x14 ../../../nxtOSEK/ecrobot/../ecrobot/libecrobot.a(nxt_lcd.oram)
                0x00202b8c                nxt_lcd_set_bias_ratio
 .text.nxt_lcd_force_update
                0x00202ba0       0x30 ../../../nxtOSEK/ecrobot/../ecrobot/libecrobot.a(nxt_lcd.oram)
                0x00202ba0                nxt_lcd_force_update
 .text.nxt_lcd_update
                0x00202bd0        0xc ../../../nxtOSEK/ecrobot/../ecrobot/libecrobot.a(nxt_lcd.oram)
                0x00202bd0                nxt_lcd_update
 .text.nxt_lcd_power_up
                0x00202bdc       0x48 ../../../nxtOSEK/ecrobot/../ecrobot/libecrobot.a(nxt_lcd.oram)
                0x00202bdc                nxt_lcd_power_up
 .text.nxt_lcd_power_down
                0x00202c24        0xc ../../../nxtOSEK/ecrobot/../ecrobot/libecrobot.a(nxt_lcd.oram)
                0x00202c24                nxt_lcd_power_down
 .text.nxt_lcd_init
                0x00202c30       0x18 ../../../nxtOSEK/ecrobot/../ecrobot/libecrobot.a(nxt_lcd.oram)
                0x00202c30                nxt_lcd_init
 .text.verify_flash_page
                0x00202c48       0x2e ../../../nxtOSEK/ecrobot/../ecrobot/libecrobot.a(flash_loader.oram)
 *fill*         0x00202c76        0x2 00
 .text.set_flash_request
                0x00202c78       0x38 ../../../nxtOSEK/ecrobot/../ecrobot/libecrobot.a(flash_loader.oram)
                0x00202c78                set_flash_request
 .text.nxt_device_init
                0x00202cb0       0x38 ../../../nxtOSEK/ecrobot/../ecrobot/libecrobot.a(flash_loader.oram)
                0x00202cb0                nxt_device_init
 .text          0x00202ce8       0x68 ../../../nxtOSEK/ecrobot/../ecrobot/libecrobot.a(interrupts.oram)
                0x00202ce8                interrupts_get_and_disable
                0x00202d0c                interrupts_enable
                0x00202d1c                fiq_get_and_disable
                0x00202d40                fiq_enable
 .text.flash_write_page
                0x00202d50       0xb8 ../../../nxtOSEK/ecrobot/../ecrobot/libecrobot.a(flashprog.oram)
                0x00202d50                flash_write_page
 .text.flash_write_page.stub
                0x00202e08       0x38 linker stubs
                0x00202e40                . = ALIGN (0x10)
 *fill*         0x00202e48        0x8 00
 *.oram(*.rodata *.rodata.*)
 .rodata.dd     0x00202e50       0x12 ../../../nxtOSEK/ecrobot/../ecrobot/libecrobot.a(udp.oram)
 .rodata.ld     0x00202e62        0x4 ../../../nxtOSEK/ecrobot/../ecrobot/libecrobot.a(udp.oram)
 .rodata.cfd    0x00202e66       0x20 ../../../nxtOSEK/ecrobot/../ecrobot/libecrobot.a(udp.oram)
 .rodata.str1.1
                0x00202e86       0x1d ../../../nxtOSEK/ecrobot/../ecrobot/libecrobot.a(data_abort.oram)
 .rodata.str1.1
                0x00202ea3       0x67 ../../../nxtOSEK/ecrobot/../ecrobot/libecrobot.a(display.oram)
 .rodata.font   0x00202f0a      0x280 ../../../nxtOSEK/ecrobot/../ecrobot/libecrobot.a(display.oram)
 *fill*         0x0020318a        0x2 00
 .rodata.i2c_pin
                0x0020318c       0x20 ../../../nxtOSEK/ecrobot/../ecrobot/libecrobot.a(i2c.oram)
 .rodata        0x002031ac        0x9 ../../../nxtOSEK/ecrobot/../ecrobot/libecrobot.a(sound.oram)
 *fill*         0x002031b5        0x3 00
 .rodata.sample_pattern
                0x002031b8       0x84 ../../../nxtOSEK/ecrobot/../ecrobot/libecrobot.a(sound.oram)
                0x002031b8                sample_pattern
 .rodata.silence
                0x0020323c       0x40 ../../../nxtOSEK/ecrobot/../ecrobot/libecrobot.a(sound.oram)
                0x0020323c                silence
 .rodata.avr_brainwash_string
                0x0020327c       0x30 ../../../nxtOSEK/ecrobot/../ecrobot/libecrobot.a(nxt_avr.oram)
                0x0020327c                avr_brainwash_string
 .rodata        0x002032ac       0x20 ../../../nxtOSEK/ecrobot/../ecrobot/libecrobot.a(sensors.oram)
 .rodata.str1.1
                0x002032cc       0x21 ../../../nxtOSEK/ecrobot/../ecrobot/libecrobot.a(flash_loader.oram)
                0x002032f0                . = ALIGN (0x10)
 *fill*         0x002032ed        0x3 00
                0x00200040                __ramtext_ram_start__ = ADDR (.ram_text)
                0x002032f0                __ramtext_ram_end__ = (ADDR (.ram_text) + SIZEOF (.ram_text))
                0x001082c0                __ramtext_load_start__ = LOADADDR (.ram_text)
                0x0010b570                __ramtext_load_end__ = (__ramtext_load_start__ + SIZEOF (.ram_text))

.wav_data       0x0010b570        0x0
 *.owav(*.data *.data.*)
                0x0010b570                . = ALIGN (0x10)

.bmp_data       0x0010b570      0x440
 *.obmp(*.data *.data.*)
 .data          0x0010b570      0x43e ../../../nxtOSEK/ecrobot/../ecrobot/libecrobot.a(nxtosek_splash.obmp)
                0x0010b570                nxtosek_splash_bmp_start
                0x0010b9ae                nxtosek_splash_bmp_end
                0x0010b9b0                . = ALIGN (0x10)
 *fill*         0x0010b9ae        0x2 00

.spr_data       0x0010b9b0        0x0
 *.ospr(*.data *.data.*)
                0x0010b9b0                . = ALIGN (0x10)

.data           0x002032f0      0x4b0 load address 0x0010b9b0
 *(*.data *.data.*)
 .data.bt_status
                0x002032f0        0x1 build/ecrobot_bluetooth.o
 *fill*         0x002032f1        0x3 00
 .data.A_D      0x002032f4        0x4 build/balancer_param.o
                0x002032f4                A_D
 .data.K_THETADOT
                0x002032f8        0x4 build/balancer_param.o
                0x002032f8                K_THETADOT
 .data.K_F      0x002032fc       0x10 build/balancer_param.o
                0x002032fc                K_F
 .data.K_I      0x0020330c        0x4 build/balancer_param.o
                0x0020330c                K_I
 .data.A_R      0x00203310        0x4 build/balancer_param.o
                0x00203310                A_R
 .data.K_PHIDOT
                0x00203314        0x4 build/balancer_param.o
                0x00203314                K_PHIDOT
 .data.deviceStatus
                0x00203318        0x1 ../../../nxtOSEK/ecrobot/../ecrobot/libecrobot.a(ecrobot_interface.o)
 .data.named    0x00203319       0x22 ../../../nxtOSEK/ecrobot/../ecrobot/libecrobot.a(udp.oram)
 .data.snd      0x0020333b       0x1a ../../../nxtOSEK/ecrobot/../ecrobot/libecrobot.a(udp.oram)
 *fill*         0x00203355        0x3 00
 .data.configured
                0x00203358        0x4 ../../../nxtOSEK/ecrobot/../ecrobot/libecrobot.a(udp.oram)
 .bss.data      0x0020335c        0x4 ../../../nxtOSEK/ecrobot/../ecrobot/libecrobot.a(nxt_spi.oram)
                0x0020335c                data
 .data.mode     0x00203360        0x1 ../../../nxtOSEK/ecrobot/../ecrobot/libecrobot.a(nxt_spi.oram)
                0x00203360                mode
 *fill*         0x00203361        0x3 00
 .data.display_auto_update
                0x00203364        0x4 ../../../nxtOSEK/ecrobot/../ecrobot/libecrobot.a(display.oram)
                0x00203364                display_auto_update
 .data          0x00203368      0x430 /Users/e125754/etrobo/yagarto-4.6.2/bin/../lib/gcc/arm-none-eabi/4.6.2/../../../../arm-none-eabi/lib/thumb/libc.a(lib_a-impure.o)
                0x00203368                _impure_ptr
                0x002037a0                . = ALIGN (0x10)
 *fill*         0x00203798        0x8 00
                0x002032f0                __data_ram_start__ = ADDR (.data)
                0x002037a0                __data_ram_end__ = (ADDR (.data) + SIZEOF (.data))
                0x0010b9b0                __data_load_start__ = LOADADDR (.data)
                0x0010be60                __data_load_end__ = (__data_load_start__ + SIZEOF (.data))

.text           0x0010be60     0x1cb0
                0x0010be60                . = ALIGN (0x10)
 *(.text .text.* *.glue*)
 .glue_7        0x00000000        0x0 linker stubs
 .glue_7t       0x00000000        0x0 linker stubs
 .text.call_posttaskhook
                0x0010be60       0x24 build/kernel/osctl.o
                0x0010be60                call_posttaskhook
 .text.call_pretaskhook
                0x0010be84       0x24 build/kernel/osctl.o
                0x0010be84                call_pretaskhook
 .text.StartOS  0x0010bea8       0x54 build/kernel/osctl.o
                0x0010bea8                StartOS
 .text.make_runnable
                0x0010befc       0x98 build/kernel/task.o
                0x0010befc                make_runnable
 .text.make_active
                0x0010bf94       0x74 build/kernel/task.o
                0x0010bf94                make_active
 .text.task_initialize
                0x0010c008       0x80 build/kernel/task.o
                0x0010c008                task_initialize
 .text.cpu_initialize
                0x0010c088        0x2 build/config/at91sam7s-gnu/cpu_config.o
                0x0010c088                cpu_initialize
 .text.sys_initialize
                0x0010c08a        0x2 build/config/at91sam7s-gnu/lego_nxt/sys_config.o
                0x0010c08a                sys_initialize
 .text.object_initialize
                0x0010c08c        0xc build/./kernel_cfg.o
                0x0010c08c                object_initialize
 .text.send_bt_command
                0x0010c098       0x3c build/ecrobot_bluetooth.o
 .text.close_bt_stream
                0x0010c0d4       0x28 build/ecrobot_bluetooth.o
 .text.open_bt_stream
                0x0010c0fc       0x44 build/ecrobot_bluetooth.o
 .text.read_bt_command.constprop.2
                0x0010c140       0x60 build/ecrobot_bluetooth.o
 .text.ecrobot_get_bt_device_address
                0x0010c1a0       0x64 build/ecrobot_bluetooth.o
                0x0010c1a0                ecrobot_get_bt_device_address
 .text.ecrobot_set_bt_device_name
                0x0010c204       0x44 build/ecrobot_bluetooth.o
                0x0010c204                ecrobot_set_bt_device_name
 .text.ecrobot_init_bt_slave
                0x0010c248       0xfc build/ecrobot_bluetooth.o
                0x0010c248                ecrobot_init_bt_slave
 .text.ecrobot_term_bt_connection
                0x0010c344       0x40 build/ecrobot_bluetooth.o
                0x0010c344                ecrobot_term_bt_connection
 .text.ecrobot_send_bt
                0x0010c384       0x3c build/ecrobot_bluetooth.o
                0x0010c384                ecrobot_send_bt
 .text.ecrobot_read_bt
                0x0010c3c0       0x24 build/ecrobot_bluetooth.o
                0x0010c3c0                ecrobot_read_bt
 .text.init_OS_flag
                0x0010c3e4        0xc build/ecrobot_base.o
                0x0010c3e4                init_OS_flag
 .text.set_OS_flag
                0x0010c3f0        0xc build/ecrobot_base.o
                0x0010c3f0                set_OS_flag
 .text.get_OS_flag
                0x0010c3fc        0xc build/ecrobot_base.o
                0x0010c3fc                get_OS_flag
 .text.cpp_constructor
                0x0010c408       0x28 build/ecrobot_base.o
                0x0010c408                cpp_constructor
 .text.cpp_destructor
                0x0010c430        0xe build/ecrobot_base.o
                0x0010c430                cpp_destructor
 *fill*         0x0010c43e        0x2 00
 .text.execution_mode
                0x0010c440       0x14 build/ecrobot_base.o
                0x0010c440                execution_mode
 .text.show_splash_screen
                0x0010c454       0x98 build/ecrobot_base.o
                0x0010c454                show_splash_screen
 .text.show_main_screen
                0x0010c4ec       0x48 build/ecrobot_base.o
                0x0010c4ec                show_main_screen
 .text.display_status_bar
                0x0010c534       0x5c build/ecrobot_base.o
                0x0010c534                display_status_bar
 .text.show_bd_addr
                0x0010c590       0x44 build/ecrobot_base.o
                0x0010c590                show_bd_addr
 .text.show_bd_addr_err
                0x0010c5d4       0x3c build/ecrobot_base.o
                0x0010c5d4                show_bd_addr_err
 .text.add_status_info
                0x0010c610       0x68 build/ecrobot_base.o
                0x0010c610                add_status_info
 .text.restart_NXT
                0x0010c678       0x2e build/ecrobot_base.o
                0x0010c678                restart_NXT
 .text.shutdown_NXT
                0x0010c6a6       0x2e build/ecrobot_base.o
                0x0010c6a6                shutdown_NXT
 .text.check_NXT_buttons
                0x0010c6d4       0x3c build/ecrobot_base.o
                0x0010c6d4                check_NXT_buttons
 .text.startup.main
                0x0010c710      0x108 build/ecrobot.o
                0x0010c710                main
 .text.ecrobot_device_initialize
                0x0010c818       0x18 build/sample.o
                0x0010c818                ecrobot_device_initialize
 .text.ecrobot_device_terminate
                0x0010c830       0x12 build/sample.o
                0x0010c830                ecrobot_device_terminate
 .text.user_1ms_isr_type2
                0x0010c842        0x2 build/sample.o
                0x0010c842                user_1ms_isr_type2
 .text.TaskMainTaskMain
                0x0010c844      0x138 build/sample.o
                0x0010c844                TaskMainTaskMain
 .text.ecrobot_get_gyro_sensor
                0x0010c97c       0x10 ../../../nxtOSEK/ecrobot/../ecrobot/libecrobot.a(ecrobot_HiTechnic.o)
                0x0010c97c                ecrobot_get_gyro_sensor
 .text.ecrobot_set_light_sensor_active
                0x0010c98c        0xc ../../../nxtOSEK/ecrobot/../ecrobot/libecrobot.a(ecrobot_interface.o)
                0x0010c98c                ecrobot_set_light_sensor_active
 .text.ecrobot_set_light_sensor_inactive
                0x0010c998        0xc ../../../nxtOSEK/ecrobot/../ecrobot/libecrobot.a(ecrobot_interface.o)
                0x0010c998                ecrobot_set_light_sensor_inactive
 .text.ecrobot_get_light_sensor
                0x0010c9a4       0x10 ../../../nxtOSEK/ecrobot/../ecrobot/libecrobot.a(ecrobot_interface.o)
                0x0010c9a4                ecrobot_get_light_sensor
 .text.ecrobot_get_battery_voltage
                0x0010c9b4        0xc ../../../nxtOSEK/ecrobot/../ecrobot/libecrobot.a(ecrobot_interface.o)
                0x0010c9b4                ecrobot_get_battery_voltage
 .text.ecrobot_init_nxtstate
                0x0010c9c0       0x28 ../../../nxtOSEK/ecrobot/../ecrobot/libecrobot.a(ecrobot_interface.o)
                0x0010c9c0                ecrobot_init_nxtstate
 .text.ecrobot_get_button_state
                0x0010c9e8        0xc ../../../nxtOSEK/ecrobot/../ecrobot/libecrobot.a(ecrobot_interface.o)
                0x0010c9e8                ecrobot_get_button_state
 .text.ecrobot_poll_nxtstate
                0x0010c9f4       0x60 ../../../nxtOSEK/ecrobot/../ecrobot/libecrobot.a(ecrobot_interface.o)
                0x0010c9f4                ecrobot_poll_nxtstate
 .text.ecrobot_setDeviceInitialized
                0x0010ca54       0x18 ../../../nxtOSEK/ecrobot/../ecrobot/libecrobot.a(ecrobot_interface.o)
                0x0010ca54                ecrobot_setDeviceInitialized
 .text.ecrobot_initDeviceStatus
                0x0010ca6c        0xc ../../../nxtOSEK/ecrobot/../ecrobot/libecrobot.a(ecrobot_interface.o)
                0x0010ca6c                ecrobot_initDeviceStatus
 .text.ecrobot_bmp2lcd
                0x0010ca78      0x1b0 ../../../nxtOSEK/ecrobot/../ecrobot/libecrobot.a(ecrobot_interface.o)
                0x0010ca78                ecrobot_bmp2lcd
 .text.StartupHook
                0x0010cc28        0x2 ../../../nxtOSEK/ecrobot/../ecrobot/libecrobot.a(osek_hook.o)
                0x0010cc28                StartupHook
 .text.PreTaskHook
                0x0010cc2a        0x2 ../../../nxtOSEK/ecrobot/../ecrobot/libecrobot.a(osek_hook.o)
                0x0010cc2a                PreTaskHook
 .text.PostTaskHook
                0x0010cc2c        0x2 ../../../nxtOSEK/ecrobot/../ecrobot/libecrobot.a(osek_hook.o)
                0x0010cc2c                PostTaskHook
 *fill*         0x0010cc2e        0x2 00
 .text.balance_control
                0x0010cc30      0x24c ../../../nxtOSEK/ecrobot/../ecrobot/libnxtway_gs_balancer.a(balancer.o)
                0x0010cc30                balance_control
 .text.balance_init
                0x0010ce7c       0x2c ../../../nxtOSEK/ecrobot/../ecrobot/libnxtway_gs_balancer.a(balancer.o)
                0x0010ce7c                balance_init
 .text          0x0010cea8       0x14 /Users/e125754/etrobo/yagarto-4.6.2/bin/../lib/gcc/arm-none-eabi/4.6.2/thumb/libgcc.a(_thumb1_case_uqi.o)
                0x0010cea8                __gnu_thumb1_case_uqi
 .text          0x0010cebc       0x14 /Users/e125754/etrobo/yagarto-4.6.2/bin/../lib/gcc/arm-none-eabi/4.6.2/thumb/libgcc.a(_thumb1_case_uhi.o)
                0x0010cebc                __gnu_thumb1_case_uhi
 .text          0x0010ced0      0x11c /Users/e125754/etrobo/yagarto-4.6.2/bin/../lib/gcc/arm-none-eabi/4.6.2/thumb/libgcc.a(_udivsi3.o)
                0x0010ced0                __udivsi3
                0x0010ced0                __aeabi_uidiv
                0x0010cfcc                __aeabi_uidivmod
 .text          0x0010cfec        0x4 /Users/e125754/etrobo/yagarto-4.6.2/bin/../lib/gcc/arm-none-eabi/4.6.2/thumb/libgcc.a(_dvmd_tls.o)
                0x0010cfec                __aeabi_ldiv0
                0x0010cfec                __aeabi_idiv0
 .text          0x0010cff0      0x2ac /Users/e125754/etrobo/yagarto-4.6.2/bin/../lib/gcc/arm-none-eabi/4.6.2/thumb/libgcc.a(_arm_addsubsf3.o)
                0x0010cff0                __aeabi_frsub
                0x0010cff8                __aeabi_fsub
                0x0010cff8                __subsf3
                0x0010cffc                __aeabi_fadd
                0x0010cffc                __addsf3
                0x0010d1b8                __aeabi_ui2f
                0x0010d1b8                __floatunsisf
                0x0010d1c0                __floatsisf
                0x0010d1c0                __aeabi_i2f
                0x0010d1e0                __aeabi_ul2f
                0x0010d1e0                __floatundisf
                0x0010d1f0                __aeabi_l2f
                0x0010d1f0                __floatdisf
 .text          0x0010d29c      0x2f8 /Users/e125754/etrobo/yagarto-4.6.2/bin/../lib/gcc/arm-none-eabi/4.6.2/thumb/libgcc.a(_arm_muldivsf3.o)
                0x0010d29c                __mulsf3
                0x0010d29c                __aeabi_fmul
                0x0010d434                __divsf3
                0x0010d434                __aeabi_fdiv
 .text          0x0010d594      0x114 /Users/e125754/etrobo/yagarto-4.6.2/bin/../lib/gcc/arm-none-eabi/4.6.2/thumb/libgcc.a(_arm_cmpsf2.o)
                0x0010d594                __gesf2
                0x0010d594                __gtsf2
                0x0010d59c                __ltsf2
                0x0010d59c                __lesf2
                0x0010d5a4                __nesf2
                0x0010d5a4                __eqsf2
                0x0010d5a4                __cmpsf2
                0x0010d608                __aeabi_cfrcmple
                0x0010d618                __aeabi_cfcmpeq
                0x0010d618                __aeabi_cfcmple
                0x0010d630                __aeabi_fcmpeq
                0x0010d648                __aeabi_fcmplt
                0x0010d660                __aeabi_fcmple
                0x0010d678                __aeabi_fcmpge
                0x0010d690                __aeabi_fcmpgt
 .text          0x0010d6a8       0x5c /Users/e125754/etrobo/yagarto-4.6.2/bin/../lib/gcc/arm-none-eabi/4.6.2/thumb/libgcc.a(_arm_fixsfsi.o)
                0x0010d6a8                __fixsfsi
                0x0010d6a8                __aeabi_f2iz
 .text          0x0010d704       0x10 /Users/e125754/etrobo/yagarto-4.6.2/bin/../lib/gcc/arm-none-eabi/4.6.2/../../../../arm-none-eabi/lib/thumb/libc.a(lib_a-cxa_finalize.o)
                0x0010d704                __cxa_finalize
 .text          0x0010d714       0x80 /Users/e125754/etrobo/yagarto-4.6.2/bin/../lib/gcc/arm-none-eabi/4.6.2/../../../../arm-none-eabi/lib/thumb/libc.a(lib_a-memcpy.o)
                0x0010d714                memcpy
 .text          0x0010d794       0x98 /Users/e125754/etrobo/yagarto-4.6.2/bin/../lib/gcc/arm-none-eabi/4.6.2/../../../../arm-none-eabi/lib/thumb/libc.a(lib_a-memset.o)
                0x0010d794                memset
 .text          0x0010d82c       0x10 /Users/e125754/etrobo/yagarto-4.6.2/bin/../lib/gcc/arm-none-eabi/4.6.2/../../../../arm-none-eabi/lib/thumb/libc.a(lib_a-strcpy.o)
                0x0010d82c                strcpy
 .text          0x0010d83c       0x10 /Users/e125754/etrobo/yagarto-4.6.2/bin/../lib/gcc/arm-none-eabi/4.6.2/../../../../arm-none-eabi/lib/thumb/libc.a(lib_a-strlen.o)
                0x0010d83c                strlen
 .text          0x0010d84c       0x78 /Users/e125754/etrobo/yagarto-4.6.2/bin/../lib/gcc/arm-none-eabi/4.6.2/../../../../arm-none-eabi/lib/thumb/libc.a(lib_a-strncpy.o)
                0x0010d84c                strncpy
 .text          0x0010d8c4      0x114 /Users/e125754/etrobo/yagarto-4.6.2/bin/../lib/gcc/arm-none-eabi/4.6.2/../../../../arm-none-eabi/lib/thumb/libc.a(lib_a-__call_atexit.o)
                0x0010d8c4                __call_exitprocs
 .text.stub     0x0010d9d8       0x7c linker stubs
                0x0010da60                . = ALIGN (0x10)
 *fill*         0x0010da58        0x8 00
 *(*.rodata *.rodata.*)
 .rodata.tnum_task
                0x0010da60        0x1 build/./kernel_cfg.o
                0x0010da60                tnum_task
 *fill*         0x0010da61        0x1 00
 .rodata.tinib_stksz
                0x0010da62        0x2 build/./kernel_cfg.o
                0x0010da62                tinib_stksz
 .rodata.tinib_inipri
                0x0010da64        0x1 build/./kernel_cfg.o
                0x0010da64                tinib_inipri
 *fill*         0x0010da65        0x3 00
 .rodata.tinib_stk
                0x0010da68        0x4 build/./kernel_cfg.o
                0x0010da68                tinib_stk
 .rodata.tnum_exttask
                0x0010da6c        0x1 build/./kernel_cfg.o
                0x0010da6c                tnum_exttask
 .rodata.tinib_exepri
                0x0010da6d        0x1 build/./kernel_cfg.o
                0x0010da6d                tinib_exepri
 .rodata.tinib_autoact
                0x0010da6e        0x1 build/./kernel_cfg.o
                0x0010da6e                tinib_autoact
 *fill*         0x0010da6f        0x1 00
 .rodata.tinib_task
                0x0010da70        0x4 build/./kernel_cfg.o
                0x0010da70                tinib_task
 .rodata.str1.1
                0x0010da74       0x6c build/ecrobot_base.o
 .rodata.exec_addr
                0x0010dae0        0x4 build/ecrobot_base.o
                0x0010dae0                exec_addr
 .rodata.BATTERY_OFFSET
                0x0010dae4        0x4 build/balancer_param.o
                0x0010dae4                BATTERY_OFFSET
 .rodata.BATTERY_GAIN
                0x0010dae8        0x4 build/balancer_param.o
                0x0010dae8                BATTERY_GAIN
 .rodata.str1.1
                0x0010daec       0x15 build/sample.o
 *fill*         0x0010db01        0x3 00
 .rodata        0x0010db04        0x4 /Users/e125754/etrobo/yagarto-4.6.2/bin/../lib/gcc/arm-none-eabi/4.6.2/../../../../arm-none-eabi/lib/thumb/libc.a(lib_a-impure.o)
                0x0010db04                _global_impure_ptr
 .rodata.str1.4
                0x0010db08        0x4 /Users/e125754/etrobo/yagarto-4.6.2/bin/../lib/gcc/arm-none-eabi/4.6.2/../../../../arm-none-eabi/lib/thumb/libc.a(lib_a-impure.o)
                0x0010db10                . = ALIGN (0x10)
 *fill*         0x0010db0c        0x4 00
 *(*.gnu.linkonce.* .gcc_except_table)
                0x0010db10                . = ALIGN (0x10)

.vfp11_veneer   0x0010db10        0x0
 .vfp11_veneer  0x00000000        0x0 linker stubs

.v4_bx          0x0010db10        0x0
 .v4_bx         0x00000000        0x0 linker stubs

.ARM.exidx      0x0010db10        0x0
                0x0010db10                __exidx_start = .
 *(.ARM.exidx* .gnu.linkonce.armexidx.*)
 */()
                0x0010db10                __exidx_end = .

.tors           0x0010db10        0x0
                0x0010db10                . = ALIGN (0x10)
                0x0010db10                __ctor_begin = .
 *(*.ctors*)
 *(.init_array)
                0x0010db10                __ctor_end = .
                0x0010db10                . = ALIGN (0x10)
                0x0010db10                __dtor_begin = .
 *(*.dtors*)
 *(.fini_array)
                0x0010db10                __dtor_end = .
                0x0010db10                . = ALIGN (0x10)
                0x0010db10                __rom_end__ = __dtor_end

.bss            0x002037a0     0x1430
 *(*.bss *.bss.*)
 .bss.ready_queue_first
                0x002037a0       0x10 build/kernel/task.o
 .bss.ready_primap
                0x002037b0        0x2 build/kernel/task.o
 .bss.ready_queue_last
                0x002037b2       0x10 build/kernel/task.o
 *fill*         0x002037c2        0x2 00
 .bss._stack_TaskMain
                0x002037c4      0x200 build/./kernel_cfg.o
 .bss.receiveBuf
                0x002039c4       0x80 build/ecrobot_bluetooth.o
 .bss.sendBuf   0x00203a44      0x100 build/ecrobot_bluetooth.o
 .bss.handle    0x00203b44        0x1 build/ecrobot_bluetooth.o
 *fill*         0x00203b45        0x3 00
 .bss.last_act_time.2836
                0x00203b48        0x4 build/ecrobot_base.o
 .bss.lcd.2794  0x00203b4c      0x320 build/ecrobot_base.o
 .bss.status_bar_position
                0x00203e6c        0x4 build/ecrobot_base.o
 .bss.status_bar
                0x00203e70       0x10 build/ecrobot_base.o
 .bss.OS_flag   0x00203e80        0x4 build/ecrobot_base.o
 .bss.ecrobot_inputs
                0x00203e84        0x8 ../../../nxtOSEK/ecrobot/../ecrobot/libecrobot.a(ecrobot_interface.o)
 .bss.buttons_states
                0x00203e8c       0x14 ../../../nxtOSEK/ecrobot/../ecrobot/libecrobot.a(ecrobot_interface.o)
 .bss.buttons_i
                0x00203ea0        0x4 ../../../nxtOSEK/ecrobot/../ecrobot/libecrobot.a(ecrobot_interface.o)
 .bss.systick_ms
                0x00203ea4        0x4 ../../../nxtOSEK/ecrobot/../ecrobot/libecrobot.a(systick.oram)
 .bss.newAddress
                0x00203ea8        0x4 ../../../nxtOSEK/ecrobot/../ecrobot/libecrobot.a(udp.oram)
 .bss.outCnt    0x00203eac        0x4 ../../../nxtOSEK/ecrobot/../ecrobot/libecrobot.a(udp.oram)
 .bss.currentConfig
                0x00203eb0        0x1 ../../../nxtOSEK/ecrobot/../ecrobot/libecrobot.a(udp.oram)
 *fill*         0x00203eb1        0x3 00
 .bss.outPtr    0x00203eb4        0x4 ../../../nxtOSEK/ecrobot/../ecrobot/libecrobot.a(udp.oram)
 .bss.currentFeatures
                0x00203eb8        0x4 ../../../nxtOSEK/ecrobot/../ecrobot/libecrobot.a(udp.oram)
 .bss.delayedEnable
                0x00203ebc        0x1 ../../../nxtOSEK/ecrobot/../ecrobot/libecrobot.a(udp.oram)
 *fill*         0x00203ebd        0x3 00
 .bss.currentRxBank
                0x00203ec0        0x4 ../../../nxtOSEK/ecrobot/../ecrobot/libecrobot.a(udp.oram)
 .bss.twi_state
                0x00203ec4        0x1 ../../../nxtOSEK/ecrobot/../ecrobot/libecrobot.a(twi.oram)
 *fill*         0x00203ec5        0x3 00
 .bss.twi_ptr   0x00203ec8        0x4 ../../../nxtOSEK/ecrobot/../ecrobot/libecrobot.a(twi.oram)
 .bss.twi_pending
                0x00203ecc        0x4 ../../../nxtOSEK/ecrobot/../ecrobot/libecrobot.a(twi.oram)
 .bss.twi_mask  0x00203ed0        0x4 ../../../nxtOSEK/ecrobot/../ecrobot/libecrobot.a(twi.oram)
 .bss.dirty     0x00203ed4        0x1 ../../../nxtOSEK/ecrobot/../ecrobot/libecrobot.a(nxt_spi.oram)
                0x00203ed4                dirty
 .bss.page      0x00203ed5        0x1 ../../../nxtOSEK/ecrobot/../ecrobot/libecrobot.a(nxt_spi.oram)
                0x00203ed5                page
 *fill*         0x00203ed6        0x2 00
 .bss.display   0x00203ed8        0x4 ../../../nxtOSEK/ecrobot/../ecrobot/libecrobot.a(nxt_spi.oram)
                0x00203ed8                display
 .bss.motor     0x00203edc       0x30 ../../../nxtOSEK/ecrobot/../ecrobot/libecrobot.a(nxt_motors.oram)
 .bss.nxt_motor_initialised
                0x00203f0c        0x4 ../../../nxtOSEK/ecrobot/../ecrobot/libecrobot.a(nxt_motors.oram)
 .bss.interrupts_this_period
                0x00203f10        0x4 ../../../nxtOSEK/ecrobot/../ecrobot/libecrobot.a(nxt_motors.oram)
 .bss.display_array
                0x00203f14      0x388 ../../../nxtOSEK/ecrobot/../ecrobot/libecrobot.a(display.oram)
 .bss.display_tick
                0x0020429c        0x4 ../../../nxtOSEK/ecrobot/../ecrobot/libecrobot.a(display.oram)
                0x0020429c                display_tick
 .bss.i2c_port  0x002042a0      0x170 ../../../nxtOSEK/ecrobot/../ecrobot/libecrobot.a(i2c.oram)
 .bss.i2c_int_count
                0x00204410        0x4 ../../../nxtOSEK/ecrobot/../ecrobot/libecrobot.a(i2c.oram)
 .bss.sound_mode
                0x00204414        0x1 ../../../nxtOSEK/ecrobot/../ecrobot/libecrobot.a(sound.oram)
                0x00204414                sound_mode
 .bss.in_buf    0x00204415      0x100 ../../../nxtOSEK/ecrobot/../ecrobot/libecrobot.a(bt.oram)
 .bss.out_buf_ptr
                0x00204515        0x1 ../../../nxtOSEK/ecrobot/../ecrobot/libecrobot.a(bt.oram)
 .bss.out_buf   0x00204516      0x200 ../../../nxtOSEK/ecrobot/../ecrobot/libecrobot.a(bt.oram)
 *fill*         0x00204716        0x2 00
 .bss.buf_ptr   0x00204718        0x4 ../../../nxtOSEK/ecrobot/../ecrobot/libecrobot.a(bt.oram)
 .bss.in_buf_in_ptr
                0x0020471c        0x1 ../../../nxtOSEK/ecrobot/../ecrobot/libecrobot.a(bt.oram)
 *fill*         0x0020471d        0x3 00
 .bss.in_buf_idx
                0x00204720        0x4 ../../../nxtOSEK/ecrobot/../ecrobot/libecrobot.a(bt.oram)
 .bss.update_count
                0x00204724        0x4 ../../../nxtOSEK/ecrobot/../ecrobot/libecrobot.a(nxt_avr.oram)
 .bss.debounce_state
                0x00204728        0x2 ../../../nxtOSEK/ecrobot/../ecrobot/libecrobot.a(nxt_avr.oram)
 .bss.button_state
                0x0020472a        0x2 ../../../nxtOSEK/ecrobot/../ecrobot/libecrobot.a(nxt_avr.oram)
 .bss.from_buf  0x0020472c        0x4 ../../../nxtOSEK/ecrobot/../ecrobot/libecrobot.a(nxt_avr.oram)
 .bss.io_from_avr
                0x00204730        0x4 ../../../nxtOSEK/ecrobot/../ecrobot/libecrobot.a(nxt_avr.oram)
 .bss.data_from_avr
                0x00204734       0x1a ../../../nxtOSEK/ecrobot/../ecrobot/libecrobot.a(nxt_avr.oram)
 .bss.debounce_cnt
                0x0020474e        0x2 ../../../nxtOSEK/ecrobot/../ecrobot/libecrobot.a(nxt_avr.oram)
 .bss.nxt_avr_stats
                0x00204750       0x14 ../../../nxtOSEK/ecrobot/../ecrobot/libecrobot.a(nxt_avr.oram)
 .bss.link_state
                0x00204764        0x4 ../../../nxtOSEK/ecrobot/../ecrobot/libecrobot.a(nxt_avr.oram)
 .bss.io_to_avr
                0x00204768        0x8 ../../../nxtOSEK/ecrobot/../ecrobot/libecrobot.a(nxt_avr.oram)
 .bss.prev_buttons
                0x00204770        0x2 ../../../nxtOSEK/ecrobot/../ecrobot/libecrobot.a(nxt_avr.oram)
 .bss.data_to_avr
                0x00204772        0x9 ../../../nxtOSEK/ecrobot/../ecrobot/libecrobot.a(nxt_avr.oram)
 *fill*         0x0020477b        0x1 00
 .bss.display   0x0020477c        0x4 ../../../nxtOSEK/ecrobot/../ecrobot/libecrobot.a(nxt_lcd.oram)
 .bss.ud_theta_ref
                0x00204780        0x4 ../../../nxtOSEK/ecrobot/../ecrobot/libnxtway_gs_balancer.a(balancer.o)
 .bss.ud_psi    0x00204784        0x4 ../../../nxtOSEK/ecrobot/../ecrobot/libnxtway_gs_balancer.a(balancer.o)
 .bss.ud_err_theta
                0x00204788        0x4 ../../../nxtOSEK/ecrobot/../ecrobot/libnxtway_gs_balancer.a(balancer.o)
 .bss.ud_thetadot_cmd_lpf
                0x0020478c        0x4 ../../../nxtOSEK/ecrobot/../ecrobot/libnxtway_gs_balancer.a(balancer.o)
 .bss.ud_theta_lpf
                0x00204790        0x4 ../../../nxtOSEK/ecrobot/../ecrobot/libnxtway_gs_balancer.a(balancer.o)
                0x00000000                PROVIDE (__dso_handle, 0x0)
                0x002047a0                . = ALIGN (0x10)
 *fill*         0x00204794        0xc 00
                0x002047a0                __bss_end__ = .
 COMMON         0x002047a0        0x2 build/kernel/interrupt.o
                0x002047a0                runisr
                0x002047a1                sus_all_cnt
 *fill*         0x002047a2        0x2 00
 COMMON         0x002047a4       0x10 build/kernel/osctl.o
                0x002047a4                callevel
                0x002047a5                _errorhook_svcid
                0x002047a6                appmode
                0x002047a8                _errorhook_par1
                0x002047ac                _errorhook_par3
                0x002047b0                _errorhook_par2
 COMMON         0x002047b4        0x3 build/kernel/task.o
                0x002047b4                runtsk
                0x002047b5                schedtsk
                0x002047b6                nextpri
 *fill*         0x002047b7        0x1 00
 COMMON         0x002047b8       0x2c build/./kernel_cfg.o
                0x002047b8                tcb_waievt
                0x002047bc                rescb_prevpri
                0x002047bd                almcb_prev
                0x002047be                tcb_lastres
                0x002047c0                almcb_almval
                0x002047c4                tcxb_pc
                0x002047c8                tcb_next
                0x002047c9                tcb_curpri
                0x002047ca                tcb_tstat
                0x002047cb                isrcb_lastres
                0x002047cc                cntcb_almque
                0x002047cd                rescb_prevres
                0x002047ce                tcb_actcnt
                0x002047d0                tcb_curevt
                0x002047d4                almcb_cycle
                0x002047d8                tcxb_sp
                0x002047dc                almcb_next
                0x002047e0                cntcb_curval
 COMMON         0x002047e4       0x80 build/sample.o
                0x002047e4                rx_buf
 COMMON         0x00204864       0x44 ../../../nxtOSEK/ecrobot/../ecrobot/libecrobot.a(uart.oram)
                0x00204864                uart
 COMMON         0x002048a8        0x4 ../../../nxtOSEK/ecrobot/../ecrobot/libecrobot.a(data_abort.oram)
                0x002048a8                data_abort_pc
 COMMON         0x002048ac        0x8 ../../../nxtOSEK/ecrobot/../ecrobot/libecrobot.a(display.oram)
                0x002048ac                display_x
                0x002048b0                display_y
 COMMON         0x002048b4      0x31c ../../../nxtOSEK/ecrobot/../ecrobot/libecrobot.a(sound.oram)
                0x002048b4                sample
                0x002037a0                __bss_start__ = ADDR (.bss)
                0x00204bd0                __bss_end__ = (ADDR (.bss) + SIZEOF (.bss))
                0x00204bd0                PROVIDE (end, .)

.heap_area      0x00204bd0     0xafa8
                0x0020fb78                . = (. + (0x20fb78 - end))
 *fill*         0x00204bd0     0xafa8 00

.stack          0x0020fb78      0x488
                0x0020fbf8                . = (. + 0x80)
 *fill*         0x0020fb78       0x80 00
                0x0020fc00                . = ALIGN (0x10)
 *fill*         0x0020fbf8        0x8 00
                0x0020fc00                __irq_stack__ = .
                0x0020fc00                __system_stack_bottom__ = .
                0x00210000                . = (. + 0x400)
 *fill*         0x0020fc00      0x400 00
                0x00210000                . = ALIGN (0x10)
                0x00210000                __system_stack__ = .
                0x00210000                __system_stack_top__ = .
                0x0020fb78                __stack_start__ = ADDR (.stack)
                0x00210000                __stack_end__ = (ADDR (.stack) + SIZEOF (.stack))

/DISCARD/
 *(.debug*)
OUTPUT(sample_c4_rom.elf elf32-littlearm)

.comment        0x00000000       0x11
 .comment       0x00000000       0x11 build/kernel/alarm.o
                                 0x12 (size before relaxing)
 .comment       0x00000000       0x12 build/kernel/event.o
 .comment       0x00000000       0x12 build/kernel/interrupt.o
 .comment       0x00000000       0x12 build/kernel/osctl.o
 .comment       0x00000000       0x12 build/kernel/resource.o
 .comment       0x00000000       0x12 build/kernel/task.o
 .comment       0x00000000       0x12 build/kernel/task_manage.o
 .comment       0x00000000       0x12 build/config/at91sam7s-gnu/cpu_config.o
 .comment       0x00000000       0x12 build/config/at91sam7s-gnu/lego_nxt/sys_config.o
 .comment       0x00000000       0x12 build/./kernel_cfg.o
 .comment       0x00000000       0x12 build/syscalls.o
 .comment       0x00000000       0x12 build/ecrobot_bluetooth.o
 .comment       0x00000000       0x12 build/ecrobot_base.o
 .comment       0x00000000       0x12 build/ecrobot.o
 .comment       0x00000000       0x12 build/balancer_param.o
 .comment       0x00000000       0x12 build/sample.o
 .comment       0x00000000       0x12 build/syslib/at91sam7s-gnu/lego_nxt/hw_sys_timer.oram
 .comment       0x00000000       0x12 ../../../nxtOSEK/ecrobot/../ecrobot/libecrobot.a(ecrobot_HiTechnic.o)
 .comment       0x00000000       0x12 ../../../nxtOSEK/ecrobot/../ecrobot/libecrobot.a(ecrobot_interface.o)
 .comment       0x00000000       0x12 ../../../nxtOSEK/ecrobot/../ecrobot/libecrobot.a(colorsensor.o)
 .comment       0x00000000       0x12 ../../../nxtOSEK/ecrobot/../ecrobot/libecrobot.a(osek_hook.o)
 .comment       0x00000000       0x12 ../../../nxtOSEK/ecrobot/../ecrobot/libecrobot.a(uart.oram)
 .comment       0x00000000       0x12 ../../../nxtOSEK/ecrobot/../ecrobot/libecrobot.a(systick.oram)
 .comment       0x00000000       0x12 ../../../nxtOSEK/ecrobot/../ecrobot/libecrobot.a(byte_fifo.oram)
 .comment       0x00000000       0x12 ../../../nxtOSEK/ecrobot/../ecrobot/libecrobot.a(aic.oram)
 .comment       0x00000000       0x12 ../../../nxtOSEK/ecrobot/../ecrobot/libecrobot.a(udp.oram)
 .comment       0x00000000       0x12 ../../../nxtOSEK/ecrobot/../ecrobot/libecrobot.a(twi.oram)
 .comment       0x00000000       0x12 ../../../nxtOSEK/ecrobot/../ecrobot/libecrobot.a(nxt_spi.oram)
 .comment       0x00000000       0x12 ../../../nxtOSEK/ecrobot/../ecrobot/libecrobot.a(nxt_motors.oram)
 .comment       0x00000000       0x12 ../../../nxtOSEK/ecrobot/../ecrobot/libecrobot.a(data_abort.oram)
 .comment       0x00000000       0x12 ../../../nxtOSEK/ecrobot/../ecrobot/libecrobot.a(display.oram)
 .comment       0x00000000       0x12 ../../../nxtOSEK/ecrobot/../ecrobot/libecrobot.a(i2c.oram)
 .comment       0x00000000       0x12 ../../../nxtOSEK/ecrobot/../ecrobot/libecrobot.a(sound.oram)
 .comment       0x00000000       0x12 ../../../nxtOSEK/ecrobot/../ecrobot/libecrobot.a(bt.oram)
 .comment       0x00000000       0x12 ../../../nxtOSEK/ecrobot/../ecrobot/libecrobot.a(nxt_avr.oram)
 .comment       0x00000000       0x12 ../../../nxtOSEK/ecrobot/../ecrobot/libecrobot.a(sensors.oram)
 .comment       0x00000000       0x12 ../../../nxtOSEK/ecrobot/../ecrobot/libecrobot.a(sensors1.oram)
 .comment       0x00000000       0x12 ../../../nxtOSEK/ecrobot/../ecrobot/libecrobot.a(nxt_lcd.oram)
 .comment       0x00000000       0x12 ../../../nxtOSEK/ecrobot/../ecrobot/libecrobot.a(flash_loader.oram)
 .comment       0x00000000       0x12 ../../../nxtOSEK/ecrobot/../ecrobot/libecrobot.a(ecrobot_usb.o)
 .comment       0x00000000       0x12 ../../../nxtOSEK/ecrobot/../ecrobot/libecrobot.a(flashprog.oram)
 .comment       0x00000000       0x12 ../../../nxtOSEK/ecrobot/../ecrobot/libnxtway_gs_balancer.a(balancer.o)
 .comment       0x00000000       0x12 /Users/e125754/etrobo/yagarto-4.6.2/bin/../lib/gcc/arm-none-eabi/4.6.2/thumb/libgcc.a(_muldi3.o)
 .comment       0x00000000       0x12 /Users/e125754/etrobo/yagarto-4.6.2/bin/../lib/gcc/arm-none-eabi/4.6.2/thumb/libgcc.a(bpabi.o)
 .comment       0x00000000       0x12 /Users/e125754/etrobo/yagarto-4.6.2/bin/../lib/gcc/arm-none-eabi/4.6.2/thumb/libgcc.a(unwind-arm.o)
 .comment       0x00000000       0x12 /Users/e125754/etrobo/yagarto-4.6.2/bin/../lib/gcc/arm-none-eabi/4.6.2/thumb/libgcc.a(pr-support.o)
 .comment       0x00000000       0x12 /Users/e125754/etrobo/yagarto-4.6.2/bin/../lib/gcc/arm-none-eabi/4.6.2/thumb/libgcc.a(_divdi3.o)
 .comment       0x00000000       0x12 /Users/e125754/etrobo/yagarto-4.6.2/bin/../lib/gcc/arm-none-eabi/4.6.2/thumb/libgcc.a(_udivdi3.o)
 .comment       0x00000000       0x12 /Users/e125754/etrobo/yagarto-4.6.2/bin/../lib/gcc/arm-none-eabi/4.6.2/../../../../arm-none-eabi/lib/thumb/libc.a(lib_a-abort.o)
 .comment       0x00000000       0x12 /Users/e125754/etrobo/yagarto-4.6.2/bin/../lib/gcc/arm-none-eabi/4.6.2/../../../../arm-none-eabi/lib/thumb/libc.a(lib_a-cxa_finalize.o)
 .comment       0x00000000       0x12 /Users/e125754/etrobo/yagarto-4.6.2/bin/../lib/gcc/arm-none-eabi/4.6.2/../../../../arm-none-eabi/lib/thumb/libc.a(lib_a-memcpy.o)
 .comment       0x00000000       0x12 /Users/e125754/etrobo/yagarto-4.6.2/bin/../lib/gcc/arm-none-eabi/4.6.2/../../../../arm-none-eabi/lib/thumb/libc.a(lib_a-memset.o)
 .comment       0x00000000       0x12 /Users/e125754/etrobo/yagarto-4.6.2/bin/../lib/gcc/arm-none-eabi/4.6.2/../../../../arm-none-eabi/lib/thumb/libc.a(lib_a-signal.o)
 .comment       0x00000000       0x12 /Users/e125754/etrobo/yagarto-4.6.2/bin/../lib/gcc/arm-none-eabi/4.6.2/../../../../arm-none-eabi/lib/thumb/libc.a(lib_a-signalr.o)
 .comment       0x00000000       0x12 /Users/e125754/etrobo/yagarto-4.6.2/bin/../lib/gcc/arm-none-eabi/4.6.2/../../../../arm-none-eabi/lib/thumb/libc.a(lib_a-strcmp.o)
 .comment       0x00000000       0x12 /Users/e125754/etrobo/yagarto-4.6.2/bin/../lib/gcc/arm-none-eabi/4.6.2/../../../../arm-none-eabi/lib/thumb/libc.a(lib_a-strcpy.o)
 .comment       0x00000000       0x12 /Users/e125754/etrobo/yagarto-4.6.2/bin/../lib/gcc/arm-none-eabi/4.6.2/../../../../arm-none-eabi/lib/thumb/libc.a(lib_a-strlen.o)
 .comment       0x00000000       0x12 /Users/e125754/etrobo/yagarto-4.6.2/bin/../lib/gcc/arm-none-eabi/4.6.2/../../../../arm-none-eabi/lib/thumb/libc.a(lib_a-strncpy.o)
 .comment       0x00000000       0x12 /Users/e125754/etrobo/yagarto-4.6.2/bin/../lib/gcc/arm-none-eabi/4.6.2/../../../../arm-none-eabi/lib/thumb/libc.a(lib_a-__call_atexit.o)
 .comment       0x00000000       0x12 /Users/e125754/etrobo/yagarto-4.6.2/bin/../lib/gcc/arm-none-eabi/4.6.2/../../../../arm-none-eabi/lib/thumb/libc.a(lib_a-impure.o)
 .comment       0x00000000       0x12 /Users/e125754/etrobo/yagarto-4.6.2/bin/../lib/gcc/arm-none-eabi/4.6.2/../../../../arm-none-eabi/lib/thumb/libc.a(lib_a-mallocr.o)
 .comment       0x00000000       0x12 /Users/e125754/etrobo/yagarto-4.6.2/bin/../lib/gcc/arm-none-eabi/4.6.2/../../../../arm-none-eabi/lib/thumb/libc.a(lib_a-mlock.o)
 .comment       0x00000000       0x12 /Users/e125754/etrobo/yagarto-4.6.2/bin/../lib/gcc/arm-none-eabi/4.6.2/../../../../arm-none-eabi/lib/thumb/libc.a(lib_a-reent.o)
 .comment       0x00000000       0x12 /Users/e125754/etrobo/yagarto-4.6.2/bin/../lib/gcc/arm-none-eabi/4.6.2/../../../../arm-none-eabi/lib/thumb/libc.a(lib_a-freer.o)

.ARM.attributes
                0x00000000       0x2e
 .ARM.attributes
                0x00000000       0x32 build/kernel/alarm.o
 .ARM.attributes
                0x00000032       0x32 build/kernel/event.o
 .ARM.attributes
                0x00000064       0x32 build/kernel/interrupt.o
 .ARM.attributes
                0x00000096       0x32 build/kernel/osctl.o
 .ARM.attributes
                0x000000c8       0x32 build/kernel/resource.o
 .ARM.attributes
                0x000000fa       0x32 build/kernel/task.o
 .ARM.attributes
                0x0000012c       0x32 build/kernel/task_manage.o
 .ARM.attributes
                0x0000015e       0x32 build/config/at91sam7s-gnu/cpu_config.o
 .ARM.attributes
                0x00000190       0x32 build/config/at91sam7s-gnu/lego_nxt/sys_config.o
 .ARM.attributes
                0x000001c2       0x32 build/./kernel_cfg.o
 .ARM.attributes
                0x000001f4       0x32 build/syscalls.o
 .ARM.attributes
                0x00000226       0x32 build/ecrobot_bluetooth.o
 .ARM.attributes
                0x00000258       0x32 build/ecrobot_base.o
 .ARM.attributes
                0x0000028a       0x32 build/ecrobot.o
 .ARM.attributes
                0x000002bc       0x32 build/balancer_param.o
 .ARM.attributes
                0x000002ee       0x32 build/sample.o
 .ARM.attributes
                0x00000320       0x32 build/syslib/at91sam7s-gnu/lego_nxt/hw_sys_timer.oram
 .ARM.attributes
                0x00000352       0x22 build/nxtvm/platform/nxt/vectors.o
 .ARM.attributes
                0x00000374       0x22 build/config/at91sam7s-gnu/debug.o
 .ARM.attributes
                0x00000396       0x22 build/config/at91sam7s-gnu/lego_nxt/sys_support.o
 .ARM.attributes
                0x000003b8       0x22 build/nxt_binary_header.o
 .ARM.attributes
                0x000003da       0x22 build/nxt_entry_point.o
 .ARM.attributes
                0x000003fc       0x22 build/ecrobot_init.o
 .ARM.attributes
                0x0000041e       0x22 build/config/at91sam7s-gnu/cpu_support.oram
 .ARM.attributes
                0x00000440       0x22 build/config/at91sam7s-gnu/irq.oram
 .ARM.attributes
                0x00000462       0x32 ../../../nxtOSEK/ecrobot/../ecrobot/libecrobot.a(ecrobot_HiTechnic.o)
 .ARM.attributes
                0x00000494       0x32 ../../../nxtOSEK/ecrobot/../ecrobot/libecrobot.a(ecrobot_interface.o)
 .ARM.attributes
                0x000004c6       0x32 ../../../nxtOSEK/ecrobot/../ecrobot/libecrobot.a(colorsensor.o)
 .ARM.attributes
                0x000004f8       0x32 ../../../nxtOSEK/ecrobot/../ecrobot/libecrobot.a(osek_hook.o)
 .ARM.attributes
                0x0000052a       0x32 ../../../nxtOSEK/ecrobot/../ecrobot/libecrobot.a(uart.oram)
 .ARM.attributes
                0x0000055c       0x32 ../../../nxtOSEK/ecrobot/../ecrobot/libecrobot.a(systick.oram)
 .ARM.attributes
                0x0000058e       0x32 ../../../nxtOSEK/ecrobot/../ecrobot/libecrobot.a(byte_fifo.oram)
 .ARM.attributes
                0x000005c0       0x32 ../../../nxtOSEK/ecrobot/../ecrobot/libecrobot.a(aic.oram)
 .ARM.attributes
                0x000005f2       0x32 ../../../nxtOSEK/ecrobot/../ecrobot/libecrobot.a(udp.oram)
 .ARM.attributes
                0x00000624       0x32 ../../../nxtOSEK/ecrobot/../ecrobot/libecrobot.a(twi.oram)
 .ARM.attributes
                0x00000656       0x32 ../../../nxtOSEK/ecrobot/../ecrobot/libecrobot.a(nxt_spi.oram)
 .ARM.attributes
                0x00000688       0x32 ../../../nxtOSEK/ecrobot/../ecrobot/libecrobot.a(nxt_motors.oram)
 .ARM.attributes
                0x000006ba       0x32 ../../../nxtOSEK/ecrobot/../ecrobot/libecrobot.a(data_abort.oram)
 .ARM.attributes
                0x000006ec       0x32 ../../../nxtOSEK/ecrobot/../ecrobot/libecrobot.a(display.oram)
 .ARM.attributes
                0x0000071e       0x32 ../../../nxtOSEK/ecrobot/../ecrobot/libecrobot.a(i2c.oram)
 .ARM.attributes
                0x00000750       0x32 ../../../nxtOSEK/ecrobot/../ecrobot/libecrobot.a(sound.oram)
 .ARM.attributes
                0x00000782       0x32 ../../../nxtOSEK/ecrobot/../ecrobot/libecrobot.a(bt.oram)
 .ARM.attributes
                0x000007b4       0x32 ../../../nxtOSEK/ecrobot/../ecrobot/libecrobot.a(nxt_avr.oram)
 .ARM.attributes
                0x000007e6       0x32 ../../../nxtOSEK/ecrobot/../ecrobot/libecrobot.a(sensors.oram)
 .ARM.attributes
                0x00000818       0x32 ../../../nxtOSEK/ecrobot/../ecrobot/libecrobot.a(sensors1.oram)
 .ARM.attributes
                0x0000084a       0x32 ../../../nxtOSEK/ecrobot/../ecrobot/libecrobot.a(nxt_lcd.oram)
 .ARM.attributes
                0x0000087c       0x32 ../../../nxtOSEK/ecrobot/../ecrobot/libecrobot.a(flash_loader.oram)
 .ARM.attributes
                0x000008ae       0x22 ../../../nxtOSEK/ecrobot/../ecrobot/libecrobot.a(interrupts.oram)
 .ARM.attributes
                0x000008d0       0x32 ../../../nxtOSEK/ecrobot/../ecrobot/libecrobot.a(ecrobot_usb.o)
 .ARM.attributes
                0x00000902       0x32 ../../../nxtOSEK/ecrobot/../ecrobot/libecrobot.a(flashprog.oram)
 .ARM.attributes
                0x00000934       0x32 ../../../nxtOSEK/ecrobot/../ecrobot/libnxtway_gs_balancer.a(balancer.o)
 .ARM.attributes
                0x00000966       0x18 /Users/e125754/etrobo/yagarto-4.6.2/bin/../lib/gcc/arm-none-eabi/4.6.2/thumb/libgcc.a(_thumb1_case_uqi.o)
 .ARM.attributes
                0x0000097e       0x18 /Users/e125754/etrobo/yagarto-4.6.2/bin/../lib/gcc/arm-none-eabi/4.6.2/thumb/libgcc.a(_thumb1_case_uhi.o)
 .ARM.attributes
                0x00000996       0x1a /Users/e125754/etrobo/yagarto-4.6.2/bin/../lib/gcc/arm-none-eabi/4.6.2/thumb/libgcc.a(_udivsi3.o)
 .ARM.attributes
                0x000009b0       0x1a /Users/e125754/etrobo/yagarto-4.6.2/bin/../lib/gcc/arm-none-eabi/4.6.2/thumb/libgcc.a(_divsi3.o)
 .ARM.attributes
                0x000009ca       0x18 /Users/e125754/etrobo/yagarto-4.6.2/bin/../lib/gcc/arm-none-eabi/4.6.2/thumb/libgcc.a(_dvmd_tls.o)
 .ARM.attributes
                0x000009e2       0x1a /Users/e125754/etrobo/yagarto-4.6.2/bin/../lib/gcc/arm-none-eabi/4.6.2/thumb/libgcc.a(_arm_addsubdf3.o)
 .ARM.attributes
                0x000009fc       0x1a /Users/e125754/etrobo/yagarto-4.6.2/bin/../lib/gcc/arm-none-eabi/4.6.2/thumb/libgcc.a(_arm_muldivdf3.o)
 .ARM.attributes
                0x00000a16       0x1a /Users/e125754/etrobo/yagarto-4.6.2/bin/../lib/gcc/arm-none-eabi/4.6.2/thumb/libgcc.a(_arm_cmpdf2.o)
 .ARM.attributes
                0x00000a30       0x1a /Users/e125754/etrobo/yagarto-4.6.2/bin/../lib/gcc/arm-none-eabi/4.6.2/thumb/libgcc.a(_arm_addsubsf3.o)
 .ARM.attributes
                0x00000a4a       0x1a /Users/e125754/etrobo/yagarto-4.6.2/bin/../lib/gcc/arm-none-eabi/4.6.2/thumb/libgcc.a(_arm_muldivsf3.o)
 .ARM.attributes
                0x00000a64       0x1a /Users/e125754/etrobo/yagarto-4.6.2/bin/../lib/gcc/arm-none-eabi/4.6.2/thumb/libgcc.a(_arm_cmpsf2.o)
 .ARM.attributes
                0x00000a7e       0x1a /Users/e125754/etrobo/yagarto-4.6.2/bin/../lib/gcc/arm-none-eabi/4.6.2/thumb/libgcc.a(_arm_fixsfsi.o)
 .ARM.attributes
                0x00000a98       0x1a /Users/e125754/etrobo/yagarto-4.6.2/bin/../lib/gcc/arm-none-eabi/4.6.2/thumb/libgcc.a(_aeabi_ldivmod.o)
 .ARM.attributes
                0x00000ab2       0x32 /Users/e125754/etrobo/yagarto-4.6.2/bin/../lib/gcc/arm-none-eabi/4.6.2/thumb/libgcc.a(_muldi3.o)
 .ARM.attributes
                0x00000ae4       0x32 /Users/e125754/etrobo/yagarto-4.6.2/bin/../lib/gcc/arm-none-eabi/4.6.2/thumb/libgcc.a(bpabi.o)
 .ARM.attributes
                0x00000b16       0x32 /Users/e125754/etrobo/yagarto-4.6.2/bin/../lib/gcc/arm-none-eabi/4.6.2/thumb/libgcc.a(unwind-arm.o)
 .ARM.attributes
                0x00000b48       0x1e /Users/e125754/etrobo/yagarto-4.6.2/bin/../lib/gcc/arm-none-eabi/4.6.2/thumb/libgcc.a(libunwind.o)
 .ARM.attributes
                0x00000b66       0x32 /Users/e125754/etrobo/yagarto-4.6.2/bin/../lib/gcc/arm-none-eabi/4.6.2/thumb/libgcc.a(pr-support.o)
 .ARM.attributes
                0x00000b98       0x32 /Users/e125754/etrobo/yagarto-4.6.2/bin/../lib/gcc/arm-none-eabi/4.6.2/thumb/libgcc.a(_divdi3.o)
 .ARM.attributes
                0x00000bca       0x32 /Users/e125754/etrobo/yagarto-4.6.2/bin/../lib/gcc/arm-none-eabi/4.6.2/thumb/libgcc.a(_udivdi3.o)
 .ARM.attributes
                0x00000bfc       0x1a /Users/e125754/etrobo/yagarto-4.6.2/bin/../lib/gcc/arm-none-eabi/4.6.2/thumb/libgcc.a(_clzsi2.o)
 .ARM.attributes
                0x00000c16       0x32 /Users/e125754/etrobo/yagarto-4.6.2/bin/../lib/gcc/arm-none-eabi/4.6.2/../../../../arm-none-eabi/lib/thumb/libc.a(lib_a-abort.o)
 .ARM.attributes
                0x00000c48       0x32 /Users/e125754/etrobo/yagarto-4.6.2/bin/../lib/gcc/arm-none-eabi/4.6.2/../../../../arm-none-eabi/lib/thumb/libc.a(lib_a-cxa_finalize.o)
 .ARM.attributes
                0x00000c7a       0x32 /Users/e125754/etrobo/yagarto-4.6.2/bin/../lib/gcc/arm-none-eabi/4.6.2/../../../../arm-none-eabi/lib/thumb/libc.a(lib_a-memcpy.o)
 .ARM.attributes
                0x00000cac       0x32 /Users/e125754/etrobo/yagarto-4.6.2/bin/../lib/gcc/arm-none-eabi/4.6.2/../../../../arm-none-eabi/lib/thumb/libc.a(lib_a-memset.o)
 .ARM.attributes
                0x00000cde       0x32 /Users/e125754/etrobo/yagarto-4.6.2/bin/../lib/gcc/arm-none-eabi/4.6.2/../../../../arm-none-eabi/lib/thumb/libc.a(lib_a-signal.o)
 .ARM.attributes
                0x00000d10       0x32 /Users/e125754/etrobo/yagarto-4.6.2/bin/../lib/gcc/arm-none-eabi/4.6.2/../../../../arm-none-eabi/lib/thumb/libc.a(lib_a-signalr.o)
 .ARM.attributes
                0x00000d42       0x32 /Users/e125754/etrobo/yagarto-4.6.2/bin/../lib/gcc/arm-none-eabi/4.6.2/../../../../arm-none-eabi/lib/thumb/libc.a(lib_a-strcmp.o)
 .ARM.attributes
                0x00000d74       0x32 /Users/e125754/etrobo/yagarto-4.6.2/bin/../lib/gcc/arm-none-eabi/4.6.2/../../../../arm-none-eabi/lib/thumb/libc.a(lib_a-strcpy.o)
 .ARM.attributes
                0x00000da6       0x32 /Users/e125754/etrobo/yagarto-4.6.2/bin/../lib/gcc/arm-none-eabi/4.6.2/../../../../arm-none-eabi/lib/thumb/libc.a(lib_a-strlen.o)
 .ARM.attributes
                0x00000dd8       0x32 /Users/e125754/etrobo/yagarto-4.6.2/bin/../lib/gcc/arm-none-eabi/4.6.2/../../../../arm-none-eabi/lib/thumb/libc.a(lib_a-strncpy.o)
 .ARM.attributes
                0x00000e0a       0x32 /Users/e125754/etrobo/yagarto-4.6.2/bin/../lib/gcc/arm-none-eabi/4.6.2/../../../../arm-none-eabi/lib/thumb/libc.a(lib_a-__call_atexit.o)
 .ARM.attributes
                0x00000e3c       0x32 /Users/e125754/etrobo/yagarto-4.6.2/bin/../lib/gcc/arm-none-eabi/4.6.2/../../../../arm-none-eabi/lib/thumb/libc.a(lib_a-impure.o)
 .ARM.attributes
                0x00000e6e       0x32 /Users/e125754/etrobo/yagarto-4.6.2/bin/../lib/gcc/arm-none-eabi/4.6.2/../../../../arm-none-eabi/lib/thumb/libc.a(lib_a-mallocr.o)
 .ARM.attributes
                0x00000ea0       0x32 /Users/e125754/etrobo/yagarto-4.6.2/bin/../lib/gcc/arm-none-eabi/4.6.2/../../../../arm-none-eabi/lib/thumb/libc.a(lib_a-mlock.o)
 .ARM.attributes
                0x00000ed2       0x32 /Users/e125754/etrobo/yagarto-4.6.2/bin/../lib/gcc/arm-none-eabi/4.6.2/../../../../arm-none-eabi/lib/thumb/libc.a(lib_a-reent.o)
 .ARM.attributes
                0x00000f04       0x32 /Users/e125754/etrobo/yagarto-4.6.2/bin/../lib/gcc/arm-none-eabi/4.6.2/../../../../arm-none-eabi/lib/thumb/libc.a(lib_a-freer.o)
 .ARM.attributes
                0x00000f36       0x22 build/nxtvm/platform/nxt/vectors.o

Cross Reference Table

Symbol                                            File
A_D                                               build/balancer_param.o
                                                  ../../../nxtOSEK/ecrobot/../ecrobot/libnxtway_gs_balancer.a(balancer.o)
A_R                                               build/balancer_param.o
                                                  ../../../nxtOSEK/ecrobot/../ecrobot/libnxtway_gs_balancer.a(balancer.o)
ActivateTask                                      build/kernel/task_manage.o
BATTERY_GAIN                                      build/balancer_param.o
                                                  ../../../nxtOSEK/ecrobot/../ecrobot/libnxtway_gs_balancer.a(balancer.o)
BATTERY_OFFSET                                    build/balancer_param.o
                                                  ../../../nxtOSEK/ecrobot/../ecrobot/libnxtway_gs_balancer.a(balancer.o)
CancelAlarm                                       build/kernel/alarm.o
ChainTask                                         build/kernel/task_manage.o
ClearEvent                                        build/kernel/event.o
DisableAllInterrupts                              build/kernel/interrupt.o
EnableAllInterrupts                               build/kernel/interrupt.o
ErrorHook                                         ../../../nxtOSEK/ecrobot/../ecrobot/libecrobot.a(osek_hook.o)
                                                  build/kernel/osctl.o
GetActiveApplicationMode                          build/kernel/osctl.o
GetAlarm                                          build/kernel/alarm.o
GetAlarmBase                                      build/kernel/alarm.o
GetEvent                                          build/kernel/event.o
GetResource                                       build/kernel/resource.o
GetTaskID                                         build/kernel/task_manage.o
GetTaskState                                      build/kernel/task_manage.o
K_F                                               build/balancer_param.o
                                                  ../../../nxtOSEK/ecrobot/../ecrobot/libnxtway_gs_balancer.a(balancer.o)
K_I                                               build/balancer_param.o
                                                  ../../../nxtOSEK/ecrobot/../ecrobot/libnxtway_gs_balancer.a(balancer.o)
K_PHIDOT                                          build/balancer_param.o
                                                  ../../../nxtOSEK/ecrobot/../ecrobot/libnxtway_gs_balancer.a(balancer.o)
K_THETADOT                                        build/balancer_param.o
                                                  ../../../nxtOSEK/ecrobot/../ecrobot/libnxtway_gs_balancer.a(balancer.o)
NXT_COLORSENSOR_PROTOCOLS                         ../../../nxtOSEK/ecrobot/../ecrobot/libecrobot.a(ecrobot_interface.o)
NXT_Entry_Point                                   build/nxt_entry_point.o
                                                  build/nxt_binary_header.o
PostTaskHook                                      ../../../nxtOSEK/ecrobot/../ecrobot/libecrobot.a(osek_hook.o)
                                                  build/config/at91sam7s-gnu/cpu_support.oram
                                                  build/kernel/osctl.o
PreTaskHook                                       ../../../nxtOSEK/ecrobot/../ecrobot/libecrobot.a(osek_hook.o)
                                                  build/config/at91sam7s-gnu/cpu_support.oram
                                                  build/kernel/osctl.o
ReleaseResource                                   build/kernel/resource.o
ResumeAllInterrupts                               build/kernel/interrupt.o
ResumeOSInterrupts                                build/kernel/interrupt.o
Schedule                                          build/kernel/task_manage.o
SetAbsAlarm                                       build/kernel/alarm.o
SetEvent                                          build/kernel/event.o
SetRelAlarm                                       build/kernel/alarm.o
ShutdownHook                                      ../../../nxtOSEK/ecrobot/../ecrobot/libecrobot.a(osek_hook.o)
                                                  build/kernel/osctl.o
ShutdownOS                                        build/kernel/osctl.o
SignalCounter                                     build/kernel/alarm.o
StartOS                                           build/kernel/osctl.o
                                                  build/ecrobot.o
StartupHook                                       ../../../nxtOSEK/ecrobot/../ecrobot/libecrobot.a(osek_hook.o)
                                                  build/kernel/osctl.o
SuspendAllInterrupts                              build/kernel/interrupt.o
SuspendOSInterrupts                               build/kernel/interrupt.o
TaskMain                                          build/./kernel_cfg.o
TaskMainTaskMain                                  build/sample.o
                                                  build/./kernel_cfg.o
TerminateTask                                     build/kernel/task_manage.o
WaitEvent                                         build/kernel/event.o
_Unwind_Backtrace                                 /Users/e125754/etrobo/yagarto-4.6.2/bin/../lib/gcc/arm-none-eabi/4.6.2/thumb/libgcc.a(libunwind.o)
_Unwind_Complete                                  /Users/e125754/etrobo/yagarto-4.6.2/bin/../lib/gcc/arm-none-eabi/4.6.2/thumb/libgcc.a(unwind-arm.o)
_Unwind_DeleteException                           /Users/e125754/etrobo/yagarto-4.6.2/bin/../lib/gcc/arm-none-eabi/4.6.2/thumb/libgcc.a(unwind-arm.o)
_Unwind_ForcedUnwind                              /Users/e125754/etrobo/yagarto-4.6.2/bin/../lib/gcc/arm-none-eabi/4.6.2/thumb/libgcc.a(libunwind.o)
_Unwind_GetCFA                                    /Users/e125754/etrobo/yagarto-4.6.2/bin/../lib/gcc/arm-none-eabi/4.6.2/thumb/libgcc.a(unwind-arm.o)
_Unwind_GetDataRelBase                            /Users/e125754/etrobo/yagarto-4.6.2/bin/../lib/gcc/arm-none-eabi/4.6.2/thumb/libgcc.a(pr-support.o)
_Unwind_GetLanguageSpecificData                   /Users/e125754/etrobo/yagarto-4.6.2/bin/../lib/gcc/arm-none-eabi/4.6.2/thumb/libgcc.a(pr-support.o)
_Unwind_GetRegionStart                            /Users/e125754/etrobo/yagarto-4.6.2/bin/../lib/gcc/arm-none-eabi/4.6.2/thumb/libgcc.a(pr-support.o)
_Unwind_GetTextRelBase                            /Users/e125754/etrobo/yagarto-4.6.2/bin/../lib/gcc/arm-none-eabi/4.6.2/thumb/libgcc.a(pr-support.o)
_Unwind_RaiseException                            /Users/e125754/etrobo/yagarto-4.6.2/bin/../lib/gcc/arm-none-eabi/4.6.2/thumb/libgcc.a(libunwind.o)
_Unwind_Resume                                    /Users/e125754/etrobo/yagarto-4.6.2/bin/../lib/gcc/arm-none-eabi/4.6.2/thumb/libgcc.a(libunwind.o)
_Unwind_Resume_or_Rethrow                         /Users/e125754/etrobo/yagarto-4.6.2/bin/../lib/gcc/arm-none-eabi/4.6.2/thumb/libgcc.a(libunwind.o)
_Unwind_VRS_Get                                   /Users/e125754/etrobo/yagarto-4.6.2/bin/../lib/gcc/arm-none-eabi/4.6.2/thumb/libgcc.a(unwind-arm.o)
                                                  /Users/e125754/etrobo/yagarto-4.6.2/bin/../lib/gcc/arm-none-eabi/4.6.2/thumb/libgcc.a(pr-support.o)
_Unwind_VRS_Pop                                   /Users/e125754/etrobo/yagarto-4.6.2/bin/../lib/gcc/arm-none-eabi/4.6.2/thumb/libgcc.a(unwind-arm.o)
                                                  /Users/e125754/etrobo/yagarto-4.6.2/bin/../lib/gcc/arm-none-eabi/4.6.2/thumb/libgcc.a(pr-support.o)
_Unwind_VRS_Set                                   /Users/e125754/etrobo/yagarto-4.6.2/bin/../lib/gcc/arm-none-eabi/4.6.2/thumb/libgcc.a(unwind-arm.o)
                                                  /Users/e125754/etrobo/yagarto-4.6.2/bin/../lib/gcc/arm-none-eabi/4.6.2/thumb/libgcc.a(pr-support.o)
___Unwind_Backtrace                               /Users/e125754/etrobo/yagarto-4.6.2/bin/../lib/gcc/arm-none-eabi/4.6.2/thumb/libgcc.a(libunwind.o)
___Unwind_ForcedUnwind                            /Users/e125754/etrobo/yagarto-4.6.2/bin/../lib/gcc/arm-none-eabi/4.6.2/thumb/libgcc.a(libunwind.o)
___Unwind_RaiseException                          /Users/e125754/etrobo/yagarto-4.6.2/bin/../lib/gcc/arm-none-eabi/4.6.2/thumb/libgcc.a(libunwind.o)
___Unwind_Resume                                  /Users/e125754/etrobo/yagarto-4.6.2/bin/../lib/gcc/arm-none-eabi/4.6.2/thumb/libgcc.a(libunwind.o)
___Unwind_Resume_or_Rethrow                       /Users/e125754/etrobo/yagarto-4.6.2/bin/../lib/gcc/arm-none-eabi/4.6.2/thumb/libgcc.a(libunwind.o)
__adddf3                                          /Users/e125754/etrobo/yagarto-4.6.2/bin/../lib/gcc/arm-none-eabi/4.6.2/thumb/libgcc.a(_arm_addsubdf3.o)
__addsf3                                          /Users/e125754/etrobo/yagarto-4.6.2/bin/../lib/gcc/arm-none-eabi/4.6.2/thumb/libgcc.a(_arm_addsubsf3.o)
__aeabi_cdcmpeq                                   /Users/e125754/etrobo/yagarto-4.6.2/bin/../lib/gcc/arm-none-eabi/4.6.2/thumb/libgcc.a(_arm_cmpdf2.o)
__aeabi_cdcmple                                   /Users/e125754/etrobo/yagarto-4.6.2/bin/../lib/gcc/arm-none-eabi/4.6.2/thumb/libgcc.a(_arm_cmpdf2.o)
__aeabi_cdrcmple                                  /Users/e125754/etrobo/yagarto-4.6.2/bin/../lib/gcc/arm-none-eabi/4.6.2/thumb/libgcc.a(_arm_cmpdf2.o)
__aeabi_cfcmpeq                                   /Users/e125754/etrobo/yagarto-4.6.2/bin/../lib/gcc/arm-none-eabi/4.6.2/thumb/libgcc.a(_arm_cmpsf2.o)
__aeabi_cfcmple                                   /Users/e125754/etrobo/yagarto-4.6.2/bin/../lib/gcc/arm-none-eabi/4.6.2/thumb/libgcc.a(_arm_cmpsf2.o)
__aeabi_cfrcmple                                  /Users/e125754/etrobo/yagarto-4.6.2/bin/../lib/gcc/arm-none-eabi/4.6.2/thumb/libgcc.a(_arm_cmpsf2.o)
__aeabi_dadd                                      /Users/e125754/etrobo/yagarto-4.6.2/bin/../lib/gcc/arm-none-eabi/4.6.2/thumb/libgcc.a(_arm_addsubdf3.o)
__aeabi_dcmpeq                                    /Users/e125754/etrobo/yagarto-4.6.2/bin/../lib/gcc/arm-none-eabi/4.6.2/thumb/libgcc.a(_arm_cmpdf2.o)
__aeabi_dcmpge                                    /Users/e125754/etrobo/yagarto-4.6.2/bin/../lib/gcc/arm-none-eabi/4.6.2/thumb/libgcc.a(_arm_cmpdf2.o)
__aeabi_dcmpgt                                    /Users/e125754/etrobo/yagarto-4.6.2/bin/../lib/gcc/arm-none-eabi/4.6.2/thumb/libgcc.a(_arm_cmpdf2.o)
                                                  ../../../nxtOSEK/ecrobot/../ecrobot/libecrobot.a(colorsensor.o)
__aeabi_dcmple                                    /Users/e125754/etrobo/yagarto-4.6.2/bin/../lib/gcc/arm-none-eabi/4.6.2/thumb/libgcc.a(_arm_cmpdf2.o)
__aeabi_dcmplt                                    /Users/e125754/etrobo/yagarto-4.6.2/bin/../lib/gcc/arm-none-eabi/4.6.2/thumb/libgcc.a(_arm_cmpdf2.o)
__aeabi_ddiv                                      /Users/e125754/etrobo/yagarto-4.6.2/bin/../lib/gcc/arm-none-eabi/4.6.2/thumb/libgcc.a(_arm_muldivdf3.o)
__aeabi_dmul                                      /Users/e125754/etrobo/yagarto-4.6.2/bin/../lib/gcc/arm-none-eabi/4.6.2/thumb/libgcc.a(_arm_muldivdf3.o)
                                                  ../../../nxtOSEK/ecrobot/../ecrobot/libecrobot.a(colorsensor.o)
__aeabi_drsub                                     /Users/e125754/etrobo/yagarto-4.6.2/bin/../lib/gcc/arm-none-eabi/4.6.2/thumb/libgcc.a(_arm_addsubdf3.o)
__aeabi_dsub                                      /Users/e125754/etrobo/yagarto-4.6.2/bin/../lib/gcc/arm-none-eabi/4.6.2/thumb/libgcc.a(_arm_addsubdf3.o)
__aeabi_f2d                                       /Users/e125754/etrobo/yagarto-4.6.2/bin/../lib/gcc/arm-none-eabi/4.6.2/thumb/libgcc.a(_arm_addsubdf3.o)
__aeabi_f2iz                                      /Users/e125754/etrobo/yagarto-4.6.2/bin/../lib/gcc/arm-none-eabi/4.6.2/thumb/libgcc.a(_arm_fixsfsi.o)
                                                  ../../../nxtOSEK/ecrobot/../ecrobot/libnxtway_gs_balancer.a(balancer.o)
                                                  build/sample.o
__aeabi_fadd                                      /Users/e125754/etrobo/yagarto-4.6.2/bin/../lib/gcc/arm-none-eabi/4.6.2/thumb/libgcc.a(_arm_addsubsf3.o)
                                                  ../../../nxtOSEK/ecrobot/../ecrobot/libnxtway_gs_balancer.a(balancer.o)
__aeabi_fcmpeq                                    /Users/e125754/etrobo/yagarto-4.6.2/bin/../lib/gcc/arm-none-eabi/4.6.2/thumb/libgcc.a(_arm_cmpsf2.o)
__aeabi_fcmpge                                    /Users/e125754/etrobo/yagarto-4.6.2/bin/../lib/gcc/arm-none-eabi/4.6.2/thumb/libgcc.a(_arm_cmpsf2.o)
                                                  ../../../nxtOSEK/ecrobot/../ecrobot/libnxtway_gs_balancer.a(balancer.o)
__aeabi_fcmpgt                                    /Users/e125754/etrobo/yagarto-4.6.2/bin/../lib/gcc/arm-none-eabi/4.6.2/thumb/libgcc.a(_arm_cmpsf2.o)
__aeabi_fcmple                                    /Users/e125754/etrobo/yagarto-4.6.2/bin/../lib/gcc/arm-none-eabi/4.6.2/thumb/libgcc.a(_arm_cmpsf2.o)
                                                  ../../../nxtOSEK/ecrobot/../ecrobot/libnxtway_gs_balancer.a(balancer.o)
__aeabi_fcmplt                                    /Users/e125754/etrobo/yagarto-4.6.2/bin/../lib/gcc/arm-none-eabi/4.6.2/thumb/libgcc.a(_arm_cmpsf2.o)
__aeabi_fdiv                                      /Users/e125754/etrobo/yagarto-4.6.2/bin/../lib/gcc/arm-none-eabi/4.6.2/thumb/libgcc.a(_arm_muldivsf3.o)
                                                  ../../../nxtOSEK/ecrobot/../ecrobot/libnxtway_gs_balancer.a(balancer.o)
                                                  build/sample.o
__aeabi_fmul                                      /Users/e125754/etrobo/yagarto-4.6.2/bin/../lib/gcc/arm-none-eabi/4.6.2/thumb/libgcc.a(_arm_muldivsf3.o)
                                                  ../../../nxtOSEK/ecrobot/../ecrobot/libnxtway_gs_balancer.a(balancer.o)
                                                  build/sample.o
__aeabi_frsub                                     /Users/e125754/etrobo/yagarto-4.6.2/bin/../lib/gcc/arm-none-eabi/4.6.2/thumb/libgcc.a(_arm_addsubsf3.o)
__aeabi_fsub                                      /Users/e125754/etrobo/yagarto-4.6.2/bin/../lib/gcc/arm-none-eabi/4.6.2/thumb/libgcc.a(_arm_addsubsf3.o)
                                                  ../../../nxtOSEK/ecrobot/../ecrobot/libnxtway_gs_balancer.a(balancer.o)
__aeabi_i2d                                       /Users/e125754/etrobo/yagarto-4.6.2/bin/../lib/gcc/arm-none-eabi/4.6.2/thumb/libgcc.a(_arm_addsubdf3.o)
                                                  ../../../nxtOSEK/ecrobot/../ecrobot/libecrobot.a(colorsensor.o)
__aeabi_i2f                                       /Users/e125754/etrobo/yagarto-4.6.2/bin/../lib/gcc/arm-none-eabi/4.6.2/thumb/libgcc.a(_arm_addsubsf3.o)
                                                  build/sample.o
__aeabi_idiv                                      /Users/e125754/etrobo/yagarto-4.6.2/bin/../lib/gcc/arm-none-eabi/4.6.2/thumb/libgcc.a(_divsi3.o)
                                                  ../../../nxtOSEK/ecrobot/../ecrobot/libecrobot.a(sound.oram)
                                                  ../../../nxtOSEK/ecrobot/../ecrobot/libecrobot.a(uart.oram)
__aeabi_idiv0                                     /Users/e125754/etrobo/yagarto-4.6.2/bin/../lib/gcc/arm-none-eabi/4.6.2/thumb/libgcc.a(_dvmd_tls.o)
                                                  /Users/e125754/etrobo/yagarto-4.6.2/bin/../lib/gcc/arm-none-eabi/4.6.2/thumb/libgcc.a(_divsi3.o)
                                                  /Users/e125754/etrobo/yagarto-4.6.2/bin/../lib/gcc/arm-none-eabi/4.6.2/thumb/libgcc.a(_udivsi3.o)
__aeabi_idivmod                                   /Users/e125754/etrobo/yagarto-4.6.2/bin/../lib/gcc/arm-none-eabi/4.6.2/thumb/libgcc.a(_divsi3.o)
                                                  ../../../nxtOSEK/ecrobot/../ecrobot/libecrobot.a(flash_loader.oram)
                                                  ../../../nxtOSEK/ecrobot/../ecrobot/libecrobot.a(sound.oram)
__aeabi_l2d                                       /Users/e125754/etrobo/yagarto-4.6.2/bin/../lib/gcc/arm-none-eabi/4.6.2/thumb/libgcc.a(_arm_addsubdf3.o)
__aeabi_l2f                                       /Users/e125754/etrobo/yagarto-4.6.2/bin/../lib/gcc/arm-none-eabi/4.6.2/thumb/libgcc.a(_arm_addsubsf3.o)
__aeabi_ldiv0                                     /Users/e125754/etrobo/yagarto-4.6.2/bin/../lib/gcc/arm-none-eabi/4.6.2/thumb/libgcc.a(_dvmd_tls.o)
                                                  /Users/e125754/etrobo/yagarto-4.6.2/bin/../lib/gcc/arm-none-eabi/4.6.2/thumb/libgcc.a(_aeabi_ldivmod.o)
__aeabi_ldivmod                                   /Users/e125754/etrobo/yagarto-4.6.2/bin/../lib/gcc/arm-none-eabi/4.6.2/thumb/libgcc.a(_aeabi_ldivmod.o)
                                                  ../../../nxtOSEK/ecrobot/../ecrobot/libecrobot.a(sound.oram)
__aeabi_lmul                                      /Users/e125754/etrobo/yagarto-4.6.2/bin/../lib/gcc/arm-none-eabi/4.6.2/thumb/libgcc.a(_muldi3.o)
                                                  /Users/e125754/etrobo/yagarto-4.6.2/bin/../lib/gcc/arm-none-eabi/4.6.2/thumb/libgcc.a(bpabi.o)
                                                  ../../../nxtOSEK/ecrobot/../ecrobot/libecrobot.a(sound.oram)
__aeabi_ui2d                                      /Users/e125754/etrobo/yagarto-4.6.2/bin/../lib/gcc/arm-none-eabi/4.6.2/thumb/libgcc.a(_arm_addsubdf3.o)
__aeabi_ui2f                                      /Users/e125754/etrobo/yagarto-4.6.2/bin/../lib/gcc/arm-none-eabi/4.6.2/thumb/libgcc.a(_arm_addsubsf3.o)
                                                  build/sample.o
__aeabi_uidiv                                     /Users/e125754/etrobo/yagarto-4.6.2/bin/../lib/gcc/arm-none-eabi/4.6.2/thumb/libgcc.a(_udivsi3.o)
                                                  /Users/e125754/etrobo/yagarto-4.6.2/bin/../lib/gcc/arm-none-eabi/4.6.2/thumb/libgcc.a(_udivdi3.o)